PMLE_RECOVERY_CADENCE_PREDECLARATION|DIAGNOSTIC_NOT_GATE|venue=OCI_ALWAYS_FREE_26AI|checkpoint_max_tics=512|checkpoint_min_tics=16|checkpoint_low_awake=-1|kill_window=497-511|committed_frontier_pause_tic=511|pause_seconds=135|busy_lease_renewals=3|candidate_pause_activation=UNCONDITIONAL|phase_budget_ms=45000|detection_budget_ms=15000|production_cadence_unchanged=113-128|worker_source_sha256=295a7e03724f73291b0a033555c708b7ab2480fc6a6ebb3f5af974927dc684d0|candidate_source_sha256=9fb7fe6ee509a352e39597b92dd1a0672139a186bb172c583b62b2152b3b97ec

Session altered.


Session altered.


Session altered.


Session altered.


Session altered.

PMLE_RECOVERY_CADENCE_POOL|PASS|active=0|assigned=0|live=0


Session altered.


Session altered.


Session altered.


Session altered.


Session altered.


Package DOOM_MATCH_WORKER compiled


Package Body DOOM_MATCH_WORKER compiled


Session altered.


Session altered.


Session altered.


Session altered.


Session altered.

PMLE_RECOVERY_CADENCE_DEPLOY|PASS|candidate_sha256=9fb7fe6ee509a352e39597b92dd1a0672139a186bb172c583b62b2152b3b97ec

PMLE_SOAK_STAGE|host_dom_ready
PMLE_SOAK_STAGE|host_name_filled
PMLE_SOAK_STAGE|create_click_begin
PMLE_SOAK_STAGE|create_clicked
PMLE_SOAK_STAGE|host_room_visible
PMLE_SOAK_STAGE|guest_dom_ready
PMLE_SOAK_STAGE|join_clicked
PMLE_SOAK_STAGE|guest_room_visible
PMLE_HIGH_AWAKE_STAGE|fixture_preloaded|tics=800|changes=379|generation=1
PMLE_SOAK_STAGE|both_ready_clicked
PMLE_SOAK_STAGE|both_ready_requests_complete
PMLE_ROUTE_DIAGNOSTICS|ENABLED|match=ca64f5597a5616e7d5ed54238c8e3073
PMLE_HIGH_AWAKE_AUTHORITY_READY|ACTIVE|READY|511
PMLE_HIGH_AWAKE_STAGE|browsers_offline
PMLE_HIGH_AWAKE_STAGE|membership_held
PMLE_HIGH_AWAKE_STAGE|feed_active|base=1|changes=379|generation=1
file:///Users/bmarti44/doomdb/tests/verify-p13.5-multiplayer-soak.mjs:642
          throw new Error(
                ^

Error: high-awake fixture did not qualify: max_awake=19 threshold=17 through_tic=939
    at file:///Users/bmarti44/doomdb/tests/verify-p13.5-multiplayer-soak.mjs:642:17

Node.js v25.9.0

Session altered.


Session altered.


Session altered.


Session altered.


Session altered.


PL/SQL procedure successfully completed.


Session altered.


Session altered.


Session altered.


Session altered.


Session altered.

PMLE_RECOVERY_CADENCE_POOL|PASS|active=0|assigned=0|live=0


Session altered.


Session altered.


Session altered.


Session altered.


Session altered.


Package DOOM_MATCH_WORKER compiled


Package Body DOOM_MATCH_WORKER compiled

PMLE_RECOVERY_CADENCE_RESTORE|PASS|worker_sha256=295a7e03724f73291b0a033555c708b7ab2480fc6a6ebb3f5af974927dc684d0

Session altered.


Session altered.


Session altered.


Session altered.


Session altered.


PL/SQL procedure successfully completed.

