PMLE_RECOVERY_CADENCE_PREDECLARATION|DIAGNOSTIC_NOT_GATE|venue=OCI_ALWAYS_FREE_26AI|checkpoint_max_tics=512|checkpoint_min_tics=16|checkpoint_low_awake=-1|kill_window=497-511|committed_frontier_pause_tic=511|pause_seconds=90|candidate_pause_activation=UNCONDITIONAL|phase_budget_ms=45000|detection_budget_ms=15000|production_cadence_unchanged=113-128|worker_source_sha256=16c1b0450c9eaf2895ad1a8c520797b91530469889c2b1f28c8f9d689ecb04d2|candidate_source_sha256=78b63817775229e79f307613208fab017e0918893146f41e99dd28520e86f140

Session altered.


Session altered.


Session altered.


Session altered.


Session altered.

PMLE_RECOVERY_CADENCE_POOL|PASS|active=0|assigned=0|live=0


Session altered.


Session altered.


Session altered.


Session altered.


Session altered.


Package DOOM_MATCH_WORKER compiled


Package Body DOOM_MATCH_WORKER compiled


Session altered.


Session altered.


Session altered.


Session altered.


Session altered.

PMLE_RECOVERY_CADENCE_DEPLOY|PASS|candidate_sha256=78b63817775229e79f307613208fab017e0918893146f41e99dd28520e86f140

PMLE_SOAK_STAGE|host_dom_ready
PMLE_SOAK_STAGE|host_name_filled
PMLE_SOAK_STAGE|create_click_begin
PMLE_SOAK_STAGE|create_clicked
PMLE_SOAK_STAGE|host_room_visible
PMLE_SOAK_STAGE|guest_dom_ready
PMLE_SOAK_STAGE|join_clicked
PMLE_SOAK_STAGE|guest_room_visible
PMLE_HIGH_AWAKE_STAGE|fixture_preloaded|tics=800|changes=379|generation=1
PMLE_SOAK_STAGE|both_ready_clicked
PMLE_SOAK_STAGE|both_ready_requests_complete
PMLE_ROUTE_DIAGNOSTICS|ENABLED|match=c5ac94f2497401fc08d723c3504853b2
PMLE_HIGH_AWAKE_AUTHORITY_READY|ACTIVE|STARTING|511
PMLE_HIGH_AWAKE_AUTHORITY_READY|ACTIVE|READY|850
PMLE_HIGH_AWAKE_STAGE|browsers_offline
PMLE_HIGH_AWAKE_STAGE|membership_held
node:internal/modules/run_main:107
    triggerUncaughtException(
    ^

AssertionError [ERR_ASSERTION]: high-awake match activated a generation other than the preloaded feed
    at file:///Users/bmarti44/doomdb/tests/verify-p13.5-multiplayer-soak.mjs:527:12 {
  generatedMessage: false,
  code: 'ERR_ASSERTION',
  actual: '\n' +
    'Session altered.\n' +
    '\n' +
    '\n' +
    'Session altered.\n' +
    '\n' +
    '\n' +
    'Session altered.\n' +
    '\n' +
    '\n' +
    'Session altered.\n' +
    '\n' +
    '\n' +
    'Session altered.\n' +
    '\n' +
    'PMLE_HIGH_AWAKE_GENERATION_ACTIVE|2\n',
  expected: /^PMLE_HIGH_AWAKE_GENERATION_ACTIVE\|1$/m,
  operator: 'match',
  diff: 'simple'
}

Node.js v25.9.0

Session altered.


Session altered.


Session altered.


Session altered.


Session altered.


PL/SQL procedure successfully completed.


Session altered.


Session altered.


Session altered.


Session altered.


Session altered.


Package DOOM_MATCH_WORKER compiled


Package Body DOOM_MATCH_WORKER compiled

PMLE_RECOVERY_CADENCE_RESTORE|PASS|worker_sha256=16c1b0450c9eaf2895ad1a8c520797b91530469889c2b1f28c8f9d689ecb04d2

Session altered.


Session altered.


Session altered.


Session altered.


Session altered.


PL/SQL procedure successfully completed.

