PMLE_LEDGER_PROVENANCE|BEGIN|executions=1|log_mode=exclusive-create|started_utc=2026-07-25T07:02:45Z|launcher_pid=53640
PMLE_HOST_QUIESCENCE|PASS|docker_builds=0|compiles=0|verifiers=0
PMLE_CANDIDATE_PAIR|classification=UNPROMOTED_CANDIDATE|authority_sha256=5ec18cbe4cff7192d384e81d1010e0133d357d44ff17fa65821e1489c4fd1ee3|table_sha256=058cd0df9444131b356762a096fd422d5131ac3aea91163aee056e8ad4965b44|ojvm_jar_sha256=2a102cb47626108d37127358ca18a34925709914606e8d89d04be22d0d72da74

Session altered.


Session altered.


Session altered.


Session altered.

PMLE_ENVIRONMENT|cpu_count=2|resource_plan=DEFAULT_PLAN|cpu_managed=ON|pdb_cpu_count=2|pdb_utilization_limit=50|pdb_running_sessions_limit=2|pdb_plan=DEFAULT_CDB_PLAN
PMLE_ARTIFACT|source_bytes=1081335|source_sha256=5ec18cbe4cff7192d384e81d1010e0133d357d44ff17fa65821e1489c4fd1ee3|table_bytes=180272|table_sha256=058cd0df9444131b356762a096fd422d5131ac3aea91163aee056e8ad4965b44
6 command-line variables
M_LoadDefaults: Load system defaults.
M_Random: Using DelegateRandom.
-iwad specified. Will be used with priority
ITicker: Using nanosecond accuracy timer.
FreeDoom: Phase 1	   v1.9
W_Init: Init WADfiles.
	added freedoom1.wad (zipped: false network: true)
VI_Init: set palettes.
Palette: 3584 colors
VI_Init: set colormaps.
Colormaps: 35
V_Init: allocate screens.
AM_Init: Init Automap colors -
===========================================================================
Copyright © 2001-2017 Contributors to the Freedoom project.
All rights reserved.
See: https://github.com/freedoom/freedoom/blob/master/COPYING.adoc
===========================================================================
Tables.InitTables: Init trigonometric LUTs.
M_Init: Init miscellaneous info.
R_Init: Init DOOM refresh daemon -
P_Init: Init Playloop state.
false NUKAGE1 NUKAGE3 8
false FWATER1 FWATER4 8
false SWATER1 SWATER4 8
false LAVA1 LAVA4 8
false BLOOD1 BLOOD3 8
false RROCK05 RROCK08 8
false SLIME01 SLIME04 8
false SLIME05 SLIME08 8
false SLIME09 SLIME12 8
I_Init: Setting up machine state.
D_CheckNetGame: Checking network game status.
startskill sk_medium  deathmatch: false  startmap: 1  startepisode: 1
player 1 of 1 (1 nodes)
S_Init: Setting up sound.
M_Random: Switching to DoomRandom (new instance)
P_GetNodesVersion: using normal BSP nodes
down
up
down
up
down
up
down
up
down
up
down
up
down
up
down
up
down
up
down
up
down
up
down
up
down
up
down
up
down
up
down
up
down
up
down
up
down
up
down
up
down
up
down
up
down
up
down
up
down
up
down
up
down
up
down
up
down
up
down
up
down
up
down
up
down
up
down
up
waiting
up
waiting
up
waiting
up
waiting
up
waiting
up
waiting
up
waiting
up
waiting
up
waiting
up
waiting
up
waiting
up
waiting
up
waiting
up
waiting
up
waiting
up
waiting
up
waiting
up
waiting
up
waiting
up
waiting
up
waiting
up
waiting
up
waiting
up
waiting
up
waiting
up
waiting
up
waiting
up
waiting
up
waiting
up
waiting
up
waiting
up
waiting
up
waiting
up
waiting
up
PMLE_LEDGER_PROGRESS|tic=100|cumulative_sha256=80937df59aec10a0f814ec69401ccd9760d01260a5fbd5fa8b3d428ee4b9f84a
waiting
up
waiting
up
waiting
up
waiting
up
waiting
up
waiting
up
waiting
up
waiting
up
waiting
up
waiting
up
waiting
up
waiting
up
waiting
up
waiting
up
waiting
up
waiting
up
waiting
up
waiting
up
waiting
up
waiting
up
waiting
up
waiting
up
waiting
up
waiting
up
waiting
up
waiting
up
waiting
up
waiting
up
waiting
up
waiting
up
waiting
up
waiting
up
waiting
up
waiting
up
waiting
up
waiting
up
waiting
up
waiting
up
waiting
up
waiting
up
waiting
up
waiting
up
waiting
up
waiting
up
waiting
up
waiting
up
waiting
up
waiting
up
waiting
up
waiting
up
waiting
up
waiting
up
waiting
up
waiting
up
waiting
up
waiting
up
waiting
up
waiting
up
waiting
up
waiting
up
waiting
up
waiting
up
waiting
up
waiting
up
waiting
up
waiting
up
waiting
up
waiting
up
waiting
up
waiting
up
waiting
up
up
up
up
up
up
up
up
up
up
up
up
up
up
up
up
up
up
up
up
up
up
up
up
up
up
up
up
up
up
up
up
up
up
up
up
up
up
up
up
up
up
up
up
up
up
up
up
up
up
up
up
up
up
up
up
up
up
up
PMLE_LEDGER_PROGRESS|tic=200|cumulative_sha256=c87e83c135520752f401ba868cfe103805cab826e563d039db0ce2128d37a9ca
up
up
up
up
up
up
up
up
up
up
up
up
PMLE_LEDGER_PROGRESS|tic=300|cumulative_sha256=bd41b66661d7baf91d73ae2debcae57eabdb04994c2d3a5f29038e55ddf35da8
PMLE_LEDGER_PROGRESS|tic=400|cumulative_sha256=11f58feb1b731797fdd4f91f87c2407ae74efe7de0a694d9c52fd1ba4d61b5b5
PMLE_LEDGER_PROGRESS|tic=500|cumulative_sha256=ae3c44e8937729a4fed42f4acb09c84121cdc964582d154cb3c978750bbaa22b
PMLE_LEDGER_PROGRESS|tic=600|cumulative_sha256=a83e299d67873f6cec4e1fff22fe1d246e22bc84a9a3260e5ebd2bf350417108
PMLE_LEDGER_PROGRESS|tic=700|cumulative_sha256=66c45daef7fe6d951c3fdec0cc603a877966e3a4eebdf3de8e9454d621cc7ca4
down
up
down
up
down
up
down
up
down
up
down
up
down
up
down
up
down
up
down
up
down
up
down
up
down
up
down
up
down
up
down
up
down
up
down
up
down
up
down
up
down
up
down
up
down
up
down
up
down
up
down
up
down
up
down
up
down
up
down
up
down
up
down
up
down
up
down
up
waiting
up
waiting
up
waiting
up
waiting
up
waiting
up
waiting
up
waiting
up
waiting
up
waiting
up
waiting
up
waiting
up
waiting
up
waiting
up
waiting
up
waiting
up
waiting
up
waiting
up
waiting
up
waiting
up
waiting
up
waiting
up
waiting
up
waiting
up
waiting
up
waiting
up
waiting
up
waiting
up
waiting
up
waiting
up
waiting
up
waiting
up
waiting
up
waiting
up
waiting
up
waiting
up
waiting
up
waiting
up
waiting
up
waiting
up
waiting
up
waiting
up
waiting
up
waiting
up
waiting
up
waiting
up
waiting
up
waiting
up
waiting
up
waiting
up
waiting
up
waiting
up
waiting
up
waiting
up
waiting
up
waiting
up
waiting
up
waiting
up
PMLE_LEDGER_PROGRESS|tic=800|cumulative_sha256=ec834ee9531a6932b13debfbf6dee46f736e2ded351658b24cbcf7d640406466
waiting
up
waiting
up
waiting
up
waiting
up
waiting
up
waiting
up
waiting
up
waiting
up
waiting
up
waiting
up
waiting
up
waiting
up
waiting
up
waiting
up
waiting
up
waiting
up
waiting
up
waiting
up
waiting
up
waiting
up
waiting
up
waiting
up
waiting
up
waiting
up
waiting
up
waiting
up
waiting
up
waiting
up
waiting
up
waiting
up
waiting
up
waiting
up
waiting
up
waiting
up
waiting
up
waiting
up
waiting
up
waiting
up
waiting
up
waiting
up
waiting
up
waiting
up
waiting
up
waiting
up
waiting
up
waiting
up
waiting
up
waiting
up
up
up
up
up
up
up
up
up
up
up
up
up
up
up
up
up
up
up
up
up
up
up
up
up
up
up
up
up
up
up
up
up
up
up
up
up
up
up
up
up
up
up
up
up
up
up
up
up
up
up
up
up
up
up
up
up
up
up
up
up
up
up
up
up
up
up
up
up
up
up
PMLE_LEDGER_PROGRESS|tic=900|cumulative_sha256=2b1741df1fbfc60887ef8ad8d1ea4c0c250ad925105d679c2638fb29d0a5759e
PMLE_LEDGER_PROGRESS|tic=1000|cumulative_sha256=220c679e801d776781cc151e81704d20754386ef27f47e64fb829604b4277259
PMLE_LEDGER_PROGRESS|tic=1100|cumulative_sha256=120d86e355e7a366a457a0a6745d3267e667791d4615ce66bd757223181884c3
PMLE_LEDGER_PROGRESS|tic=1200|cumulative_sha256=80e211aa8ac31195545df746a34224d40862138588730ee7afdd2941230c98e3
PMLE_LEDGER_PROGRESS|tic=1300|cumulative_sha256=40f5a615e677bbd3ef8e132367e7eaf4aefc8106522bb405b38994687c21f38e
PMLE_LEDGER_PROGRESS|tic=1400|cumulative_sha256=94e828d40160bd22223f19216b3bb97e6400a00aac44718bc2acb7155ad5b397
PMLE_LEDGER_PROGRESS|tic=1500|cumulative_sha256=01695c914f97ca0dd6ec96f0f5b007b0c34b7297c50f6967229362cfec46932c
down
up
down
up
down
up
down
up
down
up
down
up
down
up
down
up
down
up
down
up
down
up
down
up
down
up
down
up
down
up
down
up
down
up
down
up
down
up
down
up
down
up
down
up
down
up
down
up
down
up
down
up
down
up
down
up
down
up
down
up
down
up
down
up
down
up
down
up
waiting
up
waiting
up
waiting
up
waiting
up
waiting
up
waiting
up
waiting
up
waiting
up
waiting
up
waiting
up
waiting
up
waiting
up
waiting
up
waiting
up
waiting
up
waiting
up
waiting
up
waiting
up
waiting
up
waiting
up
waiting
up
waiting
up
waiting
up
waiting
up
PMLE_LEDGER_PROGRESS|tic=1600|cumulative_sha256=f7d296f3ee3dd715d335cb8aa3c277058d5f30cdae6bba52f727a39253eb76f2
waiting
up
waiting
up
waiting
up
waiting
up
waiting
up
waiting
up
waiting
up
waiting
up
waiting
up
waiting
up
waiting
up
waiting
up
waiting
up
waiting
up
waiting
up
waiting
up
waiting
up
waiting
up
waiting
up
waiting
up
waiting
up
waiting
up
waiting
up
waiting
up
waiting
up
waiting
up
waiting
up
waiting
up
waiting
up
waiting
up
waiting
up
waiting
up
waiting
up
waiting
up
waiting
up
waiting
up
waiting
up
waiting
up
waiting
up
waiting
up
waiting
up
waiting
up
waiting
up
waiting
up
waiting
up
waiting
up
waiting
up
waiting
up
waiting
up
waiting
up
waiting
up
waiting
up
waiting
up
waiting
up
waiting
up
waiting
up
waiting
up
waiting
up
waiting
up
waiting
up
waiting
up
waiting
up
waiting
up
waiting
up
waiting
up
waiting
up
waiting
up
waiting
up
waiting
up
waiting
up
waiting
up
waiting
up
waiting
up
waiting
up
waiting
up
waiting
up
waiting
up
waiting
up
waiting
up
waiting
up
waiting
up
up
up
up
up
up
up
up
up
up
up
up
up
up
up
up
up
up
up
up
up
up
up
up
up
up
up
up
up
up
up
up
up
up
up
up
up
up
up
PMLE_LEDGER_PROGRESS|tic=1700|cumulative_sha256=e43ac9e3cbc1cf5c5eb00fd3a24f590efdd4762f52c4eb577d7dae83292a96a5
up
up
up
up
up
up
up
up
up
up
up
up
up
up
up
up
up
up
up
up
up
up
up
up
up
up
up
up
up
up
up
up
PMLE_LEDGER_PROGRESS|tic=1800|cumulative_sha256=62f0292518f439e9b1e5914ab0bde14f3b9332c9ac62922f07b0cae7e4eaa02e
PMLE_LEDGER_PROGRESS|tic=1900|cumulative_sha256=1e53b013ea2ff490efb6fa823feecad6fc40fa26374f5df4ddc8c8b31a323922
PMLE_LEDGER_PROGRESS|tic=2000|cumulative_sha256=3ad0c4368209b5b931351bfcee0ed9293b26c55495f516a51e174030d620c37a
PMLE_LEDGER_PROGRESS|tic=2100|cumulative_sha256=d0691286dc6c2b648682fd29d53bd9d813186698c04fa6896b12967d97ff76a1
PMLE_LEDGER_PROGRESS|tic=2200|cumulative_sha256=5ead05152f6356bbddc1e51ee7764492a8903708317ee3f175b429bb96a1e098
PMLE_LEDGER_PROGRESS|tic=2300|cumulative_sha256=46d856be93e3126d2c917e4c472882fe902e8f3a8d2bd7b551289d59929edf83
PMLE_LEDGER_PROGRESS|tic=2400|cumulative_sha256=fc28a877beb38980f0e96094c4a6b62f1cc6686abc53bba5ef542c19cb578cde
PMLE_LEDGER_PROGRESS|tic=2500|cumulative_sha256=27d438247b4c84fceb64a39c9b75ead4ddd688f697e0c60f284b50a3cbfee518
PMLE_LEDGER_PROGRESS|tic=2600|cumulative_sha256=a3113c5fc8315602ad3f9d10665b7278e495ae1186dfa342363a3168749a8c47
PMLE_LEDGER_PROGRESS|tic=2700|cumulative_sha256=0e713dd7ca33ddddb85418fceacd7e806092cae2804442bf32cd4f927e263488
down
up
down
up
down
up
down
up
down
up
down
up
down
up
down
up
down
up
down
up
down
up
down
up
down
up
down
up
down
up
down
up
down
up
down
up
down
up
down
up
down
up
down
up
down
up
down
up
down
up
down
up
down
up
down
up
down
up
down
up
down
up
down
up
down
up
down
up
waiting
up
waiting
up
waiting
up
waiting
up
waiting
up
waiting
up
waiting
up
waiting
up
waiting
up
waiting
up
waiting
up
waiting
up
waiting
up
waiting
up
waiting
up
waiting
up
waiting
up
waiting
up
waiting
up
waiting
up
waiting
up
waiting
up
PMLE_LEDGER_PROGRESS|tic=2800|cumulative_sha256=ce284823c9acc4204b9cf3681f17844584f5fe78c970ef0eca16dd738efe41b5
waiting
up
waiting
up
waiting
up
waiting
up
waiting
up
waiting
up
waiting
up
waiting
up
waiting
up
waiting
up
waiting
up
waiting
up
waiting
up
waiting
up
waiting
up
waiting
up
waiting
up
waiting
up
waiting
up
waiting
up
waiting
up
waiting
up
waiting
up
waiting
up
waiting
up
waiting
up
waiting
up
waiting
up
waiting
up
waiting
up
waiting
up
waiting
up
waiting
up
waiting
up
waiting
up
waiting
up
waiting
up
waiting
up
waiting
up
waiting
up
waiting
up
waiting
up
waiting
up
waiting
up
waiting
up
waiting
up
waiting
up
waiting
up
waiting
up
waiting
up
waiting
up
waiting
up
waiting
up
waiting
up
waiting
up
waiting
up
waiting
up
waiting
up
waiting
up
waiting
up
waiting
up
waiting
up
waiting
up
waiting
up
waiting
up
waiting
up
waiting
up
waiting
up
waiting
up
waiting
up
waiting
up
waiting
up
waiting
up
waiting
up
waiting
up
waiting
up
waiting
up
waiting
up
waiting
up
waiting
up
waiting
up
waiting
up
waiting
up
up
up
up
up
up
up
up
up
up
up
up
up
up
up
up
up
up
up
up
up
up
up
up
up
up
up
up
up
up
up
up
up
up
up
PMLE_LEDGER_PROGRESS|tic=2900|cumulative_sha256=bdcc97eb15bab91c2471cb82c7d33bd309f0ccc73f077388bce09fa6e603cd01
up
up
up
up
up
up
up
up
up
up
up
up
up
up
up
up
up
up
up
up
up
up
up
up
up
up
up
up
up
up
up
up
up
up
up
up
PMLE_LEDGER_PROGRESS|tic=3000|cumulative_sha256=3939a5320e036592d4d9e63bedb0380ad2edb1cf165cff8fa5cd1af1d39e198e
PMLE_LEDGER_PROGRESS|tic=3100|cumulative_sha256=9204696e20bcd55aba931fbb068019287865d59e91e3c4d916525173926a3905
PMLE_LEDGER_PROGRESS|tic=3200|cumulative_sha256=fa793a7e6e2d98057cb5aed0ebfaaba272194087d446eda5f1944a0a10574f7f
PMLE_LEDGER_PROGRESS|tic=3300|cumulative_sha256=bcb20f13666702d623687e36f4009d3c1f2ce0fb1fea8763d83df47eeb4b33a8
PMLE_LEDGER_PROGRESS|tic=3400|cumulative_sha256=858b742c381baec079d3987961aff1b4aec4f1d8f4f43fa07bb998b880515cd2
PMLE_LEDGER_PROGRESS|tic=3500|cumulative_sha256=76cfca8b8caa33a95d0f0407be4b2b01082550769f62f3f741fe9caac77d26b3
PMLE_LEDGER_PROGRESS|tic=3600|cumulative_sha256=a2ec603e21414249afff2da1317fdc4e6ba28940c9f9b2b7aa4ea68c2c99b787
PMLE_LEDGER_PROGRESS|tic=3700|cumulative_sha256=c3dedf6350f587ba379ccaffa67d77cbd44693ef9da634b873774e5bcab70f70
PMLE_LEDGER_PROGRESS|tic=3800|cumulative_sha256=9f1bc3288761e5d5a8f7b96a752625ec2d1b404c3018116dce197d94d809a2d7
down
up
down
up
down
up
down
up
down
up
down
up
down
up
down
up
down
up
down
up
down
up
down
up
down
up
down
up
down
up
down
up
down
up
down
up
down
up
down
up
down
up
down
up
down
up
down
up
down
up
down
up
down
up
down
up
down
up
down
up
down
up
down
up
down
up
down
up
waiting
up
waiting
up
waiting
up
waiting
up
waiting
up
waiting
up
waiting
up
waiting
up
waiting
up
waiting
up
waiting
up
waiting
up
waiting
up
waiting
up
waiting
up
waiting
up
waiting
up
waiting
up
waiting
up
waiting
up
waiting
up
waiting
up
waiting
up
waiting
up
waiting
up
waiting
up
waiting
up
waiting
up
waiting
up
waiting
up
waiting
up
waiting
up
waiting
up
waiting
up
waiting
up
waiting
up
waiting
up
waiting
up
PMLE_LEDGER_PROGRESS|tic=3900|cumulative_sha256=7ca2a6e16ad1e2c3ef0562657744998775c062de0d07ce3792375bd5ad3ee06d
waiting
up
waiting
up
waiting
up
waiting
up
waiting
up
waiting
up
waiting
up
waiting
up
waiting
up
waiting
up
waiting
up
waiting
up
waiting
up
waiting
up
waiting
up
waiting
up
waiting
up
waiting
up
waiting
up
waiting
up
waiting
up
waiting
up
waiting
up
waiting
up
waiting
up
waiting
up
waiting
up
waiting
up
waiting
up
waiting
up
waiting
up
waiting
up
waiting
up
waiting
up
waiting
up
waiting
up
waiting
up
waiting
up
waiting
up
waiting
up
waiting
up
waiting
up
waiting
up
waiting
up
waiting
up
waiting
up
waiting
up
waiting
up
waiting
up
waiting
up
waiting
up
waiting
up
waiting
up
waiting
up
waiting
up
waiting
up
waiting
up
waiting
up
waiting
up
waiting
up
waiting
up
waiting
up
waiting
up
waiting
up
waiting
up
waiting
up
waiting
up
up
up
up
up
up
up
up
up
up
up
up
up
up
up
up
up
up
up
up
up
up
up
up
up
up
up
up
up
up
up
up
up
up
up
up
up
up
up
up
up
up
up
up
up
up
up
up
up
up
up
up
up
up
up
up
up
up
up
up
up
up
up
up
up
up
up
PMLE_LEDGER_PROGRESS|tic=4000|cumulative_sha256=9c7ed960d6dce3a5b04a16ba8cf8392cd76db343ba94bdbd99c6f1886d27a6b7
up
up
up
up
PMLE_LEDGER_PROGRESS|tic=4100|cumulative_sha256=da59e53702eab025b80124b4de0c07764651b9b73da2edee8bc96866ac20ca61
PMLE_LEDGER_PROGRESS|tic=4200|cumulative_sha256=74920ff07cb9f5bfb4f3020d11eed8694ea56f40f67a67d5e98696a81ff57d53
PMLE_LEDGER_PROGRESS|tic=4300|cumulative_sha256=1f348bc259a1adf5f71859ceaced0435183a71c1b549dd7b71ac731f3a7dd26e
PMLE_LEDGER_PROGRESS|tic=4400|cumulative_sha256=68a1bb0a498823eb8f0bbabdcc2e3d2598d0fc99ca8f612d219a42125fdd0f9c
PMLE_LEDGER_PROGRESS|tic=4500|cumulative_sha256=8c7b65894eab30e609f9bc70bfe6062c0e76fea8ec8ed35c448de1697caa3ef5
PMLE_LEDGER_PROGRESS|tic=4600|cumulative_sha256=cebaf816c34876d504b36ec5161067a330bcd09048ca84add590a31b962363e7
PMLE_LEDGER_PROGRESS|tic=4700|cumulative_sha256=024c8cc172998d90357ca68ac848c35285380ce74553ab841f1c07c9af7cc4fb
PMLE_LEDGER_PROGRESS|tic=4800|cumulative_sha256=d8a24fe7410709a6e9af30479736af2abbcb5191962a4a20f9b4e18d992601c8
PMLE_LEDGER_PROGRESS|tic=4900|cumulative_sha256=d58ed24f4436520d6d2fe0c88c784bac08a942c8a5ab431652fc29b507599ff4
PMLE_LEDGER_PROGRESS|tic=5000|cumulative_sha256=8a51da8129b5ab8ed0b0877c46caa21c9aad204d87972b81d0b294e26310eff3
PMLE_LEDGER_PROGRESS|tic=5100|cumulative_sha256=19701db50f90822d365f9064643da4e0c75964b51eda7162fa01075e4110eaa7
PMLE_LEDGER_PROGRESS|tic=5200|cumulative_sha256=ca7f4f779eda68f03e27089ed8bfec18875292ca317b545a4995165d5ac02ea7
PMLE_LEDGER_PROGRESS|tic=5300|cumulative_sha256=9122f6e21f161cb557aa4258157b8722ff5223b7b1b0981fb24ad5309bf5078e
PMLE_LEDGER_PROGRESS|tic=5400|cumulative_sha256=4825048a1a1f68d6cd5b67bc0d6bfc2bbbba2313c34973e36319f286a1583ccd
PMLE_LEDGER_PROGRESS|tic=5500|cumulative_sha256=6a577bdd829b21ebc4541df9f1985a530610039c53945bfa4f6bf3f76895eb67
PMLE_LEDGER_PROGRESS|tic=5600|cumulative_sha256=9f36fd5adf2a7ae3010be676cecb5567133605a85f851af07486e116f84021be
PMLE_LEDGER_PROGRESS|tic=5700|cumulative_sha256=9502f6b0ab3693222c107884095027e6ce31805d945a48383f5feb2e8cc3abc2
PMLE_LEDGER_PROGRESS|tic=5800|cumulative_sha256=4afbb29b40df2f307fbdfc7b9bea43097ef8e11e65ef497a14796dbc81012649
PMLE_LEDGER_PROGRESS|tic=5900|cumulative_sha256=b0b8b1aa63a1853c6c32ae217fc6c448cb7954de794790d47576e7d1165f2100
PMLE_LEDGER_PROGRESS|tic=6000|cumulative_sha256=c5d98f50be28ea9b0661302fd067ce73e663c15dbcde7a3cd3610f4294844b3c
down
up
down
up
down
up
down
up
down
up
down
up
down
up
down
up
down
up
down
up
down
up
down
up
down
up
down
up
down
up
down
up
down
up
down
up
down
up
down
up
down
up
down
up
down
up
down
up
down
up
down
up
down
up
down
up
down
up
down
up
down
up
down
up
PMLE_LEDGER_PROGRESS|tic=6100|cumulative_sha256=73516319ee6d1ace21a1050a11560bff97ba29ec37483bf58f9853f533a57589
down
up
down
up
waiting
up
waiting
up
waiting
up
waiting
up
waiting
up
waiting
up
waiting
up
waiting
up
waiting
up
waiting
up
waiting
up
waiting
up
waiting
up
waiting
up
waiting
up
waiting
up
waiting
up
waiting
up
waiting
up
waiting
up
waiting
up
waiting
up
waiting
up
waiting
up
waiting
up
waiting
up
waiting
up
waiting
up
waiting
up
waiting
up
waiting
up
waiting
up
waiting
up
waiting
up
waiting
up
waiting
up
waiting
up
waiting
up
waiting
up
waiting
up
waiting
up
waiting
up
waiting
up
waiting
up
waiting
up
waiting
up
waiting
up
waiting
up
waiting
up
waiting
up
waiting
up
waiting
up
waiting
up
waiting
up
waiting
up
waiting
up
waiting
up
waiting
up
waiting
up
waiting
up
waiting
up
waiting
up
waiting
up
waiting
up
waiting
up
waiting
up
waiting
up
waiting
up
waiting
up
waiting
up
waiting
up
waiting
up
waiting
up
waiting
up
waiting
up
waiting
up
waiting
up
waiting
up
waiting
up
waiting
up
waiting
up
waiting
up
waiting
up
waiting
up
waiting
up
waiting
up
waiting
up
waiting
up
waiting
up
waiting
up
waiting
up
waiting
up
waiting
up
waiting
up
waiting
up
waiting
up
waiting
up
waiting
up
PMLE_LEDGER_PROGRESS|tic=6200|cumulative_sha256=ccddcaeb925c324b381f8e0f7c576414c20986687c3cd3f02e75ba5d6f125354
waiting
up
waiting
up
waiting
up
waiting
up
waiting
up
waiting
up
waiting
up
up
up
up
up
up
up
up
up
up
up
up
up
up
up
up
up
up
up
up
up
up
up
up
up
up
up
up
up
up
up
up
up
up
up
up
up
up
up
up
up
up
up
up
up
up
up
up
up
up
up
up
up
up
up
up
up
up
up
up
up
up
up
up
up
up
up
up
up
up
up
down
up
down
up
down
up
down
up
down
up
down
up
down
up
down
up
down
up
down
up
down
up
down
up
down
up
down
up
down
up
down
up
down
up
down
up
down
up
down
up
down
up
down
up
down
up
down
up
down
up
down
up
down
up
down
up
down
up
down
up
down
up
down
up
down
up
down
up
PMLE_LEDGER_PROGRESS|tic=6300|cumulative_sha256=baf0d6458c329ada5a7fbd04d87301ddd3256db7f61f6d7d173c49f7fd73264b
waiting
up
waiting
up
waiting
up
waiting
up
waiting
up
waiting
up
waiting
up
waiting
up
waiting
up
waiting
up
waiting
up
waiting
up
waiting
up
waiting
up
waiting
up
waiting
up
waiting
up
waiting
up
waiting
up
waiting
up
waiting
up
waiting
up
waiting
up
waiting
up
waiting
up
waiting
up
waiting
up
waiting
up
waiting
up
waiting
up
waiting
up
waiting
up
waiting
up
waiting
up
waiting
up
waiting
up
waiting
up
waiting
up
waiting
up
waiting
up
waiting
up
waiting
up
waiting
up
waiting
up
waiting
up
waiting
up
waiting
up
waiting
up
waiting
up
waiting
up
waiting
up
waiting
up
waiting
up
waiting
up
waiting
up
waiting
up
waiting
up
waiting
up
waiting
up
waiting
up
waiting
up
waiting
up
waiting
up
waiting
up
waiting
up
waiting
up
waiting
up
waiting
up
waiting
up
waiting
up
waiting
up
waiting
up
waiting
up
waiting
up
waiting
up
waiting
up
waiting
up
waiting
up
waiting
up
waiting
up
waiting
up
waiting
up
waiting
up
waiting
up
waiting
up
waiting
up
waiting
up
waiting
up
waiting
up
waiting
up
waiting
up
waiting
up
waiting
up
waiting
up
waiting
up
waiting
up
waiting
up
waiting
up
waiting
up
waiting
up
PMLE_LEDGER_PROGRESS|tic=6400|cumulative_sha256=67c954d0d3b4f7491522bf34d52a22d5d3638b9c445ccecca76f586415b1be43
waiting
up
waiting
up
waiting
up
waiting
up
waiting
up
up
up
up
up
up
up
up
up
up
up
up
up
up
up
up
up
up
up
up
up
up
up
up
up
up
up
up
up
up
up
up
up
up
up
up
up
up
up
up
up
up
up
up
up
up
up
up
up
up
up
up
up
up
up
up
up
up
up
up
up
up
up
up
up
up
up
up
up
up
up
PMLE_LEDGER_PROGRESS|tic=6500|cumulative_sha256=7e971fc2ee2d1851ab7b037c9473963ddab0df97f42545eef1adb0b9a61c1c36
down
up
down
up
down
up
down
up
down
up
down
up
down
up
down
up
down
up
down
up
down
up
down
up
down
up
down
up
down
up
down
up
down
up
down
up
down
up
down
up
down
up
down
up
down
up
down
up
down
up
down
up
down
up
down
up
down
up
down
up
PMLE_LEDGER_PROGRESS|tic=6600|cumulative_sha256=4e9fb68ea9f21e7febc07db03d823d0a42840967f8f5e3ca633db1980dc26be6
down
up
down
up
down
up
down
up
waiting
up
waiting
up
waiting
up
waiting
up
waiting
up
waiting
up
waiting
up
waiting
up
waiting
up
waiting
up
waiting
up
waiting
up
waiting
up
waiting
up
waiting
up
waiting
up
waiting
up
waiting
up
waiting
up
waiting
up
waiting
up
waiting
up
waiting
up
waiting
up
waiting
up
waiting
up
waiting
up
waiting
up
waiting
up
waiting
up
waiting
up
waiting
up
waiting
up
waiting
up
waiting
up
waiting
up
waiting
up
waiting
up
waiting
up
waiting
up
waiting
up
waiting
up
waiting
up
waiting
up
waiting
up
waiting
up
waiting
up
waiting
up
waiting
up
waiting
up
waiting
up
waiting
up
waiting
up
waiting
up
waiting
up
waiting
up
waiting
up
waiting
up
waiting
up
waiting
up
waiting
up
waiting
up
waiting
up
waiting
up
waiting
up
waiting
up
waiting
up
waiting
up
waiting
up
waiting
up
waiting
up
waiting
up
waiting
up
waiting
up
waiting
up
waiting
up
waiting
up
waiting
up
waiting
up
waiting
up
waiting
up
waiting
up
waiting
up
waiting
up
waiting
up
waiting
up
waiting
up
waiting
up
waiting
up
waiting
up
waiting
up
waiting
up
waiting
up
waiting
up
waiting
up
waiting
up
PMLE_LEDGER_PROGRESS|tic=6700|cumulative_sha256=9bf4e0ce55f6ade3e15900bc8f11a0b48abb1aa657fcbfe12a00abf695c7b164
waiting
up
waiting
up
waiting
up
waiting
up
waiting
up
waiting
up
waiting
up
waiting
up
waiting
up
up
up
up
up
up
up
up
up
up
up
up
up
up
up
up
up
up
up
up
up
up
up
up
up
up
up
up
up
up
up
up
up
up
up
up
up
up
up
up
up
up
up
up
up
up
up
up
up
up
up
up
up
up
up
up
up
up
up
up
up
up
up
up
up
up
up
up
up
up
up
down
up
down
up
down
up
down
up
down
up
down
up
down
up
down
up
down
up
down
up
down
up
down
up
down
up
down
up
down
up
down
up
down
up
down
up
down
up
down
up
down
up
down
up
down
up
down
up
down
up
down
up
down
up
down
up
down
up
down
up
down
up
down
up
down
up
down
up
waiting
up
waiting
up
waiting
up
waiting
up
waiting
up
waiting
up
waiting
up
waiting
up
waiting
up
waiting
up
PMLE_LEDGER_PROGRESS|tic=6800|cumulative_sha256=94bae4ced7c5c79b4b9447627760ea45ef903b98f0fa24ce9ac84a859614e259
waiting
up
waiting
up
waiting
up
waiting
up
waiting
up
waiting
up
waiting
up
waiting
up
waiting
up
waiting
up
waiting
up
waiting
up
waiting
up
waiting
up
waiting
up
waiting
up
waiting
up
waiting
up
waiting
up
waiting
up
waiting
up
waiting
up
waiting
up
waiting
up
waiting
up
waiting
up
waiting
up
waiting
up
waiting
up
waiting
up
waiting
up
waiting
up
waiting
up
waiting
up
waiting
up
waiting
up
waiting
up
waiting
up
waiting
up
waiting
up
waiting
up
waiting
up
waiting
up
waiting
up
waiting
up
waiting
up
waiting
up
waiting
up
waiting
up
waiting
up
waiting
up
waiting
up
waiting
up
waiting
up
waiting
up
waiting
up
waiting
up
waiting
up
waiting
up
waiting
up
waiting
up
waiting
up
waiting
up
waiting
up
waiting
up
waiting
up
waiting
up
waiting
up
waiting
up
waiting
up
waiting
up
waiting
up
waiting
up
waiting
up
waiting
up
waiting
up
waiting
up
waiting
up
waiting
up
waiting
up
waiting
up
waiting
up
waiting
up
waiting
up
waiting
up
waiting
up
waiting
up
waiting
up
waiting
up
waiting
up
waiting
up
waiting
up
waiting
up
waiting
up
waiting
up
up
up
up
up
up
up
up
up
up
up
PMLE_LEDGER_PROGRESS|tic=6900|cumulative_sha256=3107e0ae6e26254430a38fcfc3d114ff7ed26f5354866a9d957078a5e84ef8df
up
up
up
up
up
up
up
up
up
up
up
up
up
up
up
up
up
up
up
up
up
up
up
up
up
up
up
up
up
up
up
up
up
up
up
up
up
up
up
up
up
up
up
up
up
up
up
up
up
up
up
up
up
up
up
up
up
up
up
up
PMLE_LEDGER_PROGRESS|tic=7000|cumulative_sha256=2c6e752ff3b228b3f12e7b441a99c700940ccce6b4e04de3d6141fc1941c9133
PMLE_LEDGER_PROGRESS|tic=7100|cumulative_sha256=65c4a91fcc5e30708bebddf18aace9b5fcc8108bbffc6c76b1d1020bc12bf554
PMLE_LEDGER_PROGRESS|tic=7200|cumulative_sha256=a762a6b74de85224642c5801e4c2903e661b02d541cf8b3ed4ae6549ae9d3cf7
PMLE_LEDGER_PROGRESS|tic=7300|cumulative_sha256=0466007b76b54b7033f700dd4ea9836c116d6d89918342beb692495afe1f1104
PMLE_LEDGER_PROGRESS|tic=7400|cumulative_sha256=90b24d21bf57640ca463431b67e89aa08a15997325c88ada92e7f77115a3291f
down
up
down
up
down
up
down
up
down
up
down
up
down
up
down
up
down
up
down
up
down
up
down
up
down
up
down
up
down
up
down
up
down
up
down
up
down
up
down
up
down
up
down
up
down
up
down
up
down
up
down
up
down
up
down
up
down
up
down
up
down
up
down
up
waiting
up
waiting
up
waiting
up
waiting
up
waiting
up
waiting
up
waiting
up
waiting
up
waiting
up
waiting
up
waiting
up
waiting
up
waiting
up
waiting
up
waiting
up
waiting
up
waiting
up
waiting
up
waiting
up
waiting
up
waiting
up
waiting
up
waiting
up
waiting
up
waiting
up
waiting
up
waiting
up
waiting
up
waiting
up
waiting
up
waiting
up
waiting
up
waiting
up
waiting
up
waiting
up
waiting
up
waiting
up
waiting
up
waiting
up
waiting
up
waiting
up
waiting
up
waiting
up
waiting
up
waiting
up
waiting
up
waiting
up
PMLE_LEDGER_PROGRESS|tic=7500|cumulative_sha256=0e70c2739faa43954bbf8590802c3efaee09e0b6520f3e752a52dc14abc89d0d
waiting
up
waiting
up
waiting
up
waiting
up
waiting
up
waiting
up
waiting
up
waiting
up
waiting
up
waiting
up
waiting
up
waiting
up
waiting
up
waiting
up
waiting
up
waiting
up
waiting
up
waiting
up
waiting
up
waiting
up
waiting
up
waiting
up
waiting
up
waiting
up
waiting
up
waiting
up
waiting
up
waiting
up
waiting
up
waiting
up
waiting
up
waiting
up
waiting
up
waiting
up
waiting
up
waiting
up
waiting
up
waiting
up
waiting
up
waiting
up
waiting
up
waiting
up
waiting
up
waiting
up
waiting
up
waiting
up
waiting
up
waiting
up
waiting
up
waiting
up
waiting
up
waiting
up
waiting
up
waiting
up
waiting
up
waiting
up
waiting
up
waiting
up
up
up
up
up
up
up
up
up
up
up
up
up
up
up
up
up
up
up
up
up
up
up
up
up
up
up
up
up
up
up
up
up
up
up
up
up
up
up
up
up
up
up
up
up
up
up
up
up
up
up
up
up
up
up
up
up
up
up
up
up
up
up
up
up
up
up
PMLE_LEDGER_PROGRESS|tic=7600|cumulative_sha256=1162c038c42309f25636fc6508885bad141a8858ed7b11337ff591741fdcc159
PMLE_LEDGER_PROGRESS|tic=7700|cumulative_sha256=eda92cb659cbf2d9a84c68091af8f6f1f9ee6e08619afeb34890e763cedc6ef9
down
up
down
up
down
up
down
up
down
up
down
up
down
up
down
up
down
up
down
up
down
up
down
up
down
up
down
up
down
up
down
up
down
up
down
up
down
up
down
up
down
up
down
up
down
up
down
up
down
up
down
up
down
up
down
up
down
up
down
up
down
up
down
up
waiting
up
waiting
up
waiting
up
waiting
up
waiting
up
waiting
up
waiting
up
waiting
up
waiting
up
waiting
up
waiting
up
waiting
up
PMLE_LEDGER_PROGRESS|tic=7800|cumulative_sha256=cfa19e5bc22d1f464c3eea73d9da23707c6721751b445dd9c9ac60e131436e49
waiting
up
waiting
up
waiting
up
waiting
up
waiting
up
waiting
up
waiting
up
waiting
up
waiting
up
waiting
up
waiting
up
waiting
up
waiting
up
waiting
up
waiting
up
waiting
up
waiting
up
waiting
up
waiting
up
waiting
up
waiting
up
waiting
up
waiting
up
waiting
up
waiting
up
waiting
up
waiting
up
waiting
up
waiting
up
waiting
up
waiting
up
waiting
up
waiting
up
waiting
up
waiting
up
waiting
up
waiting
up
waiting
up
waiting
up
waiting
up
waiting
up
waiting
up
waiting
up
waiting
up
waiting
up
waiting
up
waiting
up
waiting
up
waiting
up
waiting
up
waiting
up
waiting
up
waiting
up
waiting
up
waiting
up
waiting
up
waiting
up
waiting
up
waiting
up
waiting
up
waiting
up
waiting
up
waiting
up
waiting
up
waiting
up
waiting
up
waiting
up
waiting
up
waiting
up
waiting
up
waiting
up
waiting
up
waiting
up
waiting
up
waiting
up
waiting
up
waiting
up
waiting
up
waiting
up
waiting
up
waiting
up
waiting
up
waiting
up
waiting
up
waiting
up
waiting
up
waiting
up
waiting
up
waiting
up
waiting
up
waiting
up
waiting
up
waiting
up
up
up
up
up
up
up
up
up
up
up
up
up
up
up
PMLE_LEDGER_PROGRESS|tic=7900|cumulative_sha256=be420d312f2d2fa0384061d1f573fc3a80fd93aec383bee2d4548142098eb52f
up
up
up
up
up
up
up
up
up
up
up
up
up
up
up
up
up
up
up
up
up
up
up
up
up
up
up
up
up
up
up
up
up
up
up
up
up
up
up
up
up
up
up
up
up
up
up
up
up
up
up
up
PMLE_LEDGER_PROGRESS|tic=8000|cumulative_sha256=b1795d576a8f3d28ea4388480536ee9dd17bf9323fcbfdf1282d7b668e6db84f
down
up
down
up
down
up
down
up
down
up
down
up
down
up
down
up
down
up
down
up
down
up
down
up
down
up
down
up
down
up
down
up
down
up
down
up
down
up
down
up
down
up
down
up
down
up
down
up
down
up
down
up
down
up
down
up
down
up
down
up
down
up
down
up
waiting
up
waiting
up
waiting
up
waiting
up
waiting
up
waiting
up
waiting
up
waiting
up
waiting
up
waiting
up
waiting
up
waiting
up
waiting
up
waiting
up
waiting
up
waiting
up
waiting
up
waiting
up
waiting
up
waiting
up
waiting
up
waiting
up
waiting
up
waiting
up
waiting
up
waiting
up
waiting
up
waiting
up
waiting
up
waiting
up
waiting
up
waiting
up
waiting
up
waiting
up
waiting
up
waiting
up
waiting
up
waiting
up
waiting
up
waiting
up
waiting
up
waiting
up
waiting
up
waiting
up
PMLE_LEDGER_PROGRESS|tic=8100|cumulative_sha256=824ed7bb8415842a41d33cde9976e110e7753bd2ba0df89610e86b70cb21274c
waiting
up
waiting
up
waiting
up
waiting
up
waiting
up
waiting
up
waiting
up
waiting
up
waiting
up
waiting
up
waiting
up
waiting
up
waiting
up
waiting
up
waiting
up
waiting
up
waiting
up
waiting
up
waiting
up
waiting
up
waiting
up
waiting
up
waiting
up
waiting
up
waiting
up
waiting
up
waiting
up
waiting
up
waiting
up
waiting
up
waiting
up
waiting
up
waiting
up
waiting
up
waiting
up
waiting
up
waiting
up
waiting
up
waiting
up
waiting
up
waiting
up
waiting
up
waiting
up
waiting
up
waiting
up
waiting
up
waiting
up
waiting
up
waiting
up
waiting
up
waiting
up
waiting
up
waiting
up
waiting
up
waiting
up
waiting
up
waiting
up
waiting
up
waiting
up
waiting
up
waiting
up
up
up
up
up
up
up
up
up
up
up
up
up
up
up
up
up
up
up
up
up
up
up
up
up
up
up
up
up
up
up
up
up
up
up
up
up
up
up
up
up
up
up
up
up
up
up
up
up
up
up
up
up
up
up
up
up
up
up
up
up
up
up
up
up
up
up
down
up
down
up
PMLE_LEDGER_PROGRESS|tic=8200|cumulative_sha256=96aec68564968e155b7aa89cecff5a3c35a6e9a34ad8fa5aeae196c0ac82ac4c
down
up
down
up
down
up
down
up
down
up
down
up
down
up
down
up
down
up
down
up
down
up
down
up
down
up
down
up
down
up
down
up
down
up
down
up
down
up
down
up
down
up
down
up
down
up
down
up
down
up
down
up
down
up
down
up
down
up
down
up
waiting
up
waiting
up
waiting
up
waiting
up
waiting
up
waiting
up
waiting
up
waiting
up
waiting
up
waiting
up
waiting
up
waiting
up
waiting
up
waiting
up
waiting
up
waiting
up
waiting
up
waiting
up
waiting
up
waiting
up
waiting
up
waiting
up
waiting
up
waiting
up
waiting
up
waiting
up
waiting
up
waiting
up
waiting
up
waiting
up
waiting
up
waiting
up
waiting
up
waiting
up
waiting
up
waiting
up
waiting
up
waiting
up
waiting
up
waiting
up
waiting
up
waiting
up
waiting
up
waiting
up
waiting
up
waiting
up
waiting
up
waiting
up
waiting
up
waiting
up
waiting
up
waiting
up
waiting
up
waiting
up
waiting
up
waiting
up
waiting
up
waiting
up
waiting
up
waiting
up
waiting
up
waiting
up
waiting
up
waiting
up
waiting
up
waiting
up
waiting
up
waiting
up
waiting
up
waiting
up
PMLE_LEDGER_PROGRESS|tic=8300|cumulative_sha256=d6afc45d362fac148d81962ed13caedeb329b999c37f8ad943fb9a7d33c3dc21
waiting
up
waiting
up
waiting
up
waiting
up
waiting
up
waiting
up
waiting
up
waiting
up
waiting
up
waiting
up
waiting
up
waiting
up
waiting
up
waiting
up
waiting
up
waiting
up
waiting
up
waiting
up
waiting
up
waiting
up
waiting
up
waiting
up
waiting
up
waiting
up
waiting
up
waiting
up
waiting
up
waiting
up
waiting
up
waiting
up
waiting
up
waiting
up
waiting
up
waiting
up
waiting
up
up
up
up
up
up
up
up
up
up
up
up
up
up
up
up
up
up
up
up
up
up
up
up
up
up
up
up
up
up
up
up
up
up
up
up
up
up
up
up
up
up
up
up
up
up
up
up
up
up
up
up
up
up
up
up
up
up
up
up
up
up
up
up
up
up
up
PMLE_LEDGER_PROGRESS|tic=8400|cumulative_sha256=edbb2f3683bb0f0b5c555e5b45e39348aa69f5aa79e04548ad86e608efb16ff4
PMLE_LEDGER_PROGRESS|tic=8500|cumulative_sha256=b9d8fa6d0b938469644fe231b57352288d0db3849305d04cbf29a4be7ce10dbe
down
up
down
up
down
up
down
up
down
up
down
up
down
up
down
up
down
up
down
up
down
up
down
up
down
up
down
up
down
up
down
up
down
up
down
up
down
up
down
up
down
up
down
up
down
up
down
up
down
up
down
up
down
up
down
up
down
up
down
up
down
up
down
up
waiting
up
waiting
up
waiting
up
waiting
up
waiting
up
waiting
up
waiting
up
waiting
up
waiting
up
waiting
up
waiting
up
waiting
up
waiting
up
PMLE_LEDGER_PROGRESS|tic=8600|cumulative_sha256=8bc70459ed652d36605913fcf3ec3834c04fb21a81ec825502496931b75e1c59
waiting
up
waiting
up
waiting
up
waiting
up
waiting
up
waiting
up
waiting
up
waiting
up
waiting
up
waiting
up
waiting
up
waiting
up
waiting
up
waiting
up
waiting
up
waiting
up
waiting
up
waiting
up
waiting
up
waiting
up
waiting
up
waiting
up
waiting
up
waiting
up
waiting
up
waiting
up
waiting
up
waiting
up
waiting
up
waiting
up
waiting
up
waiting
up
waiting
up
waiting
up
waiting
up
waiting
up
waiting
up
waiting
up
waiting
up
waiting
up
waiting
up
waiting
up
waiting
up
waiting
up
waiting
up
waiting
up
waiting
up
waiting
up
waiting
up
waiting
up
waiting
up
waiting
up
waiting
up
waiting
up
waiting
up
waiting
up
waiting
up
waiting
up
waiting
up
waiting
up
waiting
up
waiting
up
waiting
up
waiting
up
waiting
up
waiting
up
waiting
up
waiting
up
waiting
up
waiting
up
waiting
up
waiting
up
waiting
up
waiting
up
waiting
up
waiting
up
waiting
up
waiting
up
waiting
up
waiting
up
waiting
up
waiting
up
waiting
up
waiting
up
waiting
up
waiting
up
waiting
up
waiting
up
waiting
up
waiting
up
waiting
up
waiting
up
up
up
up
up
up
up
up
up
up
up
up
up
up
up
up
up
PMLE_LEDGER_PROGRESS|tic=8700|cumulative_sha256=c84b37c52df06c92523e8c48a5f090217f04e98e7ccd2e57d1930abdc1aea95b
up
up
up
up
up
up
up
up
up
up
up
up
up
up
up
up
up
up
up
up
up
up
up
up
up
up
up
up
up
up
up
up
up
up
up
up
up
up
up
up
up
up
up
up
up
up
up
up
up
up
PMLE_LEDGER_PROGRESS|tic=8800|cumulative_sha256=d422b3620614ed855df7c0783814125197607b2d8e09f82c6628d9552501f201
down
up
down
up
down
up
down
up
down
up
down
up
down
up
down
up
down
up
down
up
down
up
down
up
down
up
down
up
down
up
down
up
down
up
down
up
down
up
down
up
down
up
down
up
down
up
down
up
down
up
down
up
down
up
down
up
down
up
down
up
down
up
down
up
down
up
down
up
waiting
up
waiting
up
waiting
up
waiting
up
waiting
up
waiting
up
waiting
up
waiting
up
waiting
up
waiting
up
waiting
up
waiting
up
waiting
up
waiting
up
waiting
up
waiting
up
waiting
up
waiting
up
waiting
up
waiting
up
waiting
up
waiting
up
waiting
up
waiting
up
waiting
up
waiting
up
waiting
up
waiting
up
waiting
up
waiting
up
waiting
up
waiting
up
waiting
up
waiting
up
waiting
up
waiting
up
waiting
up
waiting
up
waiting
up
waiting
up
waiting
up
waiting
up
waiting
up
waiting
up
waiting
up
waiting
up
waiting
up
waiting
up
waiting
up
waiting
up
waiting
up
waiting
up
waiting
up
waiting
up
waiting
up
PMLE_LEDGER_PROGRESS|tic=8900|cumulative_sha256=92f11dd81bf8c5042930d41ac39542bda87fa202f12b5a315a50b51347507d2a
waiting
up
waiting
up
waiting
up
waiting
up
waiting
up
waiting
up
waiting
up
waiting
up
waiting
up
waiting
up
waiting
up
waiting
up
waiting
up
waiting
up
waiting
up
waiting
up
waiting
up
waiting
up
waiting
up
waiting
up
waiting
up
waiting
up
waiting
up
waiting
up
waiting
up
waiting
up
waiting
up
waiting
up
waiting
up
waiting
up
waiting
up
waiting
up
waiting
up
waiting
up
waiting
up
waiting
up
waiting
up
waiting
up
waiting
up
waiting
up
waiting
up
waiting
up
waiting
up
waiting
up
waiting
up
waiting
up
waiting
up
waiting
up
waiting
up
waiting
up
up
up
up
up
up
up
up
up
up
up
up
up
up
up
up
up
up
up
up
up
up
up
up
up
up
up
up
up
up
up
up
up
up
up
up
up
up
up
up
up
up
up
up
up
up
up
up
up
up
up
up
up
up
up
up
up
up
up
up
up
up
up
up
up
up
up
up
up
up
up
PMLE_LEDGER_PROGRESS|tic=9000|cumulative_sha256=84fd0432744c3de8324da8ae622357dd5280c379001824d4e59804c1bb65680c
down
up
down
up
down
up
down
up
down
up
down
up
down
up
down
up
down
up
down
up
down
up
down
up
down
up
down
up
down
up
down
up
down
up
down
up
down
up
down
up
down
up
down
up
down
up
down
up
down
up
down
up
down
up
down
up
down
up
down
up
down
up
down
up
down
up
down
up
down
up
down
up
down
up
down
up
down
up
down
up
down
up
down
up
down
up
down
up
down
up
down
up
down
up
down
up
waiting
up
down
up
waiting
up
down
up
waiting
up
down
up
waiting
up
down
up
waiting
up
down
up
waiting
up
down
up
waiting
up
down
up
waiting
up
down
up
waiting
up
down
up
waiting
up
down
up
waiting
up
down
up
waiting
up
down
up
waiting
up
down
up
waiting
up
down
up
waiting
up
down
up
waiting
up
down
up
waiting
up
down
up
waiting
up
down
up
waiting
up
waiting
up
waiting
up
waiting
up
waiting
up
waiting
up
waiting
up
waiting
up
waiting
up
waiting
up
waiting
up
waiting
up
waiting
up
waiting
up
waiting
up
waiting
up
waiting
up
waiting
up
waiting
up
waiting
up
waiting
up
waiting
up
waiting
up
waiting
up
waiting
up
waiting
up
waiting
up
waiting
up
waiting
up
waiting
up
PMLE_LEDGER_PROGRESS|tic=9100|cumulative_sha256=aee397d0ed67124578077dac90267b9a5d000f5f9eaa1112bf3223aaa7219ef9
waiting
up
waiting
up
waiting
up
waiting
up
waiting
up
waiting
up
waiting
up
waiting
up
waiting
up
waiting
up
waiting
up
waiting
up
waiting
up
waiting
up
waiting
up
waiting
up
waiting
up
waiting
up
waiting
up
waiting
up
waiting
up
waiting
up
waiting
up
waiting
up
waiting
up
waiting
up
waiting
up
waiting
up
waiting
up
waiting
up
waiting
up
waiting
up
waiting
up
waiting
up
waiting
up
waiting
up
waiting
up
waiting
up
waiting
up
waiting
up
waiting
up
waiting
up
waiting
up
waiting
up
waiting
up
waiting
up
waiting
up
waiting
up
waiting
up
waiting
up
waiting
up
waiting
up
waiting
up
waiting
up
waiting
up
waiting
up
waiting
up
waiting
up
waiting
up
waiting
up
waiting
up
waiting
up
waiting
up
waiting
up
waiting
up
waiting
up
waiting
up
waiting
up
waiting
up
waiting
up
waiting
up
waiting
up
waiting
up
waiting
up
waiting
up
waiting
up
waiting
up
waiting
up
waiting
up
waiting
up
waiting
up
waiting
up
waiting
up
waiting
up
waiting
up
waiting
up
waiting
up
waiting
up
waiting
up
waiting
up
waiting
up
waiting
up
waiting
up
waiting
up
waiting
up
waiting
up
waiting
up
waiting
up
waiting
up
waiting
up
waiting
up
waiting
up
waiting
up
waiting
up
waiting
up
waiting
up
waiting
up
waiting
up
waiting
up
waiting
up
waiting
up
waiting
up
waiting
up
waiting
up
waiting
up
waiting
up
waiting
up
waiting
up
waiting
up
waiting
up
waiting
up
waiting
up
waiting
up
waiting
up
waiting
up
waiting
up
waiting
up
waiting
up
waiting
up
waiting
up
waiting
up
waiting
up
waiting
up
waiting
up
waiting
up
waiting
up
waiting
up
waiting
up
waiting
up
waiting
up
waiting
up
waiting
up
waiting
up
waiting
up
up
up
waiting
up
up
up
waiting
up
up
up
waiting
up
up
up
waiting
up
up
up
waiting
up
up
up
waiting
up
up
up
waiting
up
up
up
waiting
up
up
up
waiting
up
up
up
waiting
up
up
up
waiting
up
up
up
waiting
up
up
up
waiting
up
up
up
waiting
up
up
up
waiting
up
up
up
waiting
up
up
up
waiting
up
up
up
waiting
up
up
up
up
up
up
up
up
up
up
up
up
up
up
up
up
up
up
up
up
up
up
up
up
up
up
up
up
up
up
up
up
up
up
up
up
up
up
up
up
up
PMLE_LEDGER_PROGRESS|tic=9200|cumulative_sha256=1bbc632da1612fd88bb2008651c75af803cea0089165f9a152346bbc3437d2b2
up
up
up
up
up
up
up
up
up
up
up
up
up
up
up
up
up
up
up
up
up
up
up
up
up
up
up
up
up
up
up
up
up
up
up
up
up
up
up
up
up
up
up
up
up
up
up
up
up
up
up
up
up
up
up
up
up
up
down
up
up
up
down
up
down
up
down
up
down
up
down
up
down
up
down
up
down
up
down
up
down
up
down
up
down
up
down
up
down
up
down
up
down
up
down
up
down
up
down
up
down
up
down
up
down
up
down
up
down
up
down
up
down
up
down
up
down
up
down
up
down
up
down
up
down
up
down
up
waiting
up
waiting
up
waiting
up
waiting
up
waiting
up
waiting
up
waiting
up
waiting
up
waiting
up
waiting
up
waiting
up
waiting
up
waiting
up
waiting
up
waiting
up
waiting
up
waiting
up
waiting
up
waiting
up
waiting
up
waiting
up
waiting
up
waiting
up
waiting
up
waiting
up
waiting
up
waiting
up
waiting
up
waiting
up
waiting
up
waiting
up
waiting
up
waiting
up
waiting
up
waiting
up
waiting
up
waiting
up
waiting
up
waiting
up
waiting
up
waiting
up
waiting
up
waiting
up
waiting
up
waiting
up
PMLE_LEDGER_PROGRESS|tic=9300|cumulative_sha256=75ce26f74b05cbe7a4fd1cbcc8b37d96a316a3d23a38287eb4c5d1fbfc40611c
waiting
up
waiting
up
waiting
up
waiting
up
waiting
up
waiting
up
waiting
up
waiting
up
waiting
up
waiting
up
waiting
up
waiting
up
waiting
up
waiting
up
waiting
up
waiting
up
waiting
up
waiting
up
waiting
up
waiting
up
waiting
up
waiting
up
waiting
up
waiting
up
waiting
up
waiting
up
waiting
up
waiting
up
waiting
up
waiting
up
waiting
up
waiting
up
waiting
up
waiting
up
waiting
up
waiting
up
waiting
up
waiting
up
waiting
up
waiting
up
waiting
up
waiting
up
waiting
up
waiting
up
waiting
up
waiting
up
waiting
up
waiting
up
waiting
up
waiting
up
waiting
up
waiting
up
waiting
up
waiting
up
waiting
up
waiting
up
waiting
up
waiting
up
waiting
up
waiting
up
up
up
up
up
up
up
up
up
up
up
up
up
up
up
up
up
up
up
up
up
up
up
up
up
up
up
up
up
up
up
up
up
up
up
up
up
up
up
up
up
up
up
up
up
up
up
up
up
up
up
up
up
up
up
up
up
up
up
up
up
up
up
up
up
up
up
up
up
up
up
PMLE_LEDGER_PROGRESS|tic=9400|cumulative_sha256=63cb33173827391ab89a3d017a2c3718003357f09317bc242a58e8444cbb89ab
down
up
down
up
down
up
down
up
down
up
down
up
down
up
down
up
down
up
down
up
down
up
down
up
down
up
down
up
down
up
down
up
down
up
down
up
down
up
down
up
down
up
down
up
down
up
down
up
down
up
down
up
down
up
down
up
down
up
down
up
down
up
down
up
down
up
down
up
waiting
up
waiting
up
waiting
up
waiting
up
waiting
up
waiting
up
waiting
up
waiting
up
waiting
up
waiting
up
waiting
up
waiting
up
waiting
up
waiting
up
waiting
up
waiting
up
waiting
up
waiting
up
waiting
up
waiting
up
waiting
up
waiting
up
waiting
up
waiting
up
waiting
up
waiting
up
waiting
up
waiting
up
waiting
up
waiting
up
waiting
up
waiting
up
waiting
up
waiting
up
waiting
up
waiting
up
waiting
up
waiting
up
waiting
up
waiting
up
waiting
up
waiting
up
waiting
up
waiting
up
waiting
up
waiting
up
waiting
up
waiting
up
waiting
up
waiting
up
waiting
up
waiting
up
waiting
up
waiting
up
waiting
up
waiting
up
waiting
up
PMLE_LEDGER_PROGRESS|tic=9500|cumulative_sha256=b4135072c424848b575269bde4093e8cb0367e3b2872848ab4e8d75604387559
waiting
up
waiting
up
waiting
up
waiting
up
waiting
up
waiting
up
waiting
up
waiting
up
waiting
up
waiting
up
waiting
up
waiting
up
waiting
up
waiting
up
waiting
up
waiting
up
waiting
up
waiting
up
waiting
up
waiting
up
waiting
up
waiting
up
waiting
up
waiting
up
waiting
up
waiting
up
waiting
up
waiting
up
waiting
up
waiting
up
waiting
up
waiting
up
waiting
up
waiting
up
waiting
up
waiting
up
waiting
up
waiting
up
waiting
up
waiting
up
waiting
up
waiting
up
waiting
up
waiting
up
waiting
up
waiting
up
waiting
up
waiting
up
up
up
up
up
up
up
up
up
up
up
up
up
up
up
up
up
up
up
up
up
up
up
up
up
up
up
up
up
up
up
up
up
up
up
up
up
up
up
up
up
up
up
up
up
up
up
up
up
up
up
up
up
up
up
up
up
up
up
up
up
up
up
up
up
up
up
up
up
up
up
PMLE_LEDGER_PROGRESS|tic=9600|cumulative_sha256=611198bc732a53bc6c7898c8eddf9f4c93e062ee37c842dfcca9343a479aead3
PMLE_LEDGER_PROGRESS|tic=9700|cumulative_sha256=e9a902cbe4884e14a490555c8b15f1bd144248bd3f62d36cedf598fd6a217636
down
up
down
up
down
up
down
up
down
up
down
up
down
up
down
up
down
up
PMLE_LEDGER_PROGRESS|tic=9800|cumulative_sha256=06e97b08b6cc78dc9912bc9ace00748e7a5bee73cb5e01611d23f7395d9ce3ec
down
up
down
up
down
up
down
up
down
up
down
up
down
up
down
up
down
up
down
up
down
up
down
up
down
up
down
up
down
up
down
up
down
up
down
up
down
up
down
up
down
up
down
up
down
up
waiting
up
waiting
up
waiting
up
waiting
up
waiting
up
waiting
up
waiting
up
waiting
up
waiting
up
waiting
up
waiting
up
waiting
up
waiting
up
waiting
up
waiting
up
waiting
up
waiting
up
waiting
up
waiting
up
waiting
up
waiting
up
waiting
up
waiting
up
waiting
up
waiting
up
waiting
up
waiting
up
waiting
up
waiting
up
waiting
up
waiting
up
waiting
up
waiting
up
waiting
up
waiting
up
waiting
up
waiting
up
waiting
up
waiting
up
waiting
up
waiting
up
waiting
up
waiting
up
waiting
up
waiting
up
waiting
up
waiting
up
waiting
up
waiting
up
waiting
up
waiting
up
waiting
up
waiting
up
waiting
up
waiting
up
waiting
up
waiting
up
waiting
up
waiting
up
waiting
up
waiting
up
waiting
up
waiting
up
waiting
up
waiting
up
waiting
up
waiting
up
waiting
up
waiting
up
waiting
up
waiting
up
waiting
up
waiting
up
waiting
up
waiting
up
waiting
up
waiting
up
PMLE_LEDGER_PROGRESS|tic=9900|cumulative_sha256=53e6a4dfeffee3e807e301ca6a3840cba277d6e167538003c32efba4ceb185e1
waiting
up
waiting
up
waiting
up
waiting
up
waiting
up
waiting
up
waiting
up
waiting
up
waiting
up
waiting
up
waiting
up
waiting
up
waiting
up
waiting
up
waiting
up
waiting
up
waiting
up
waiting
up
waiting
up
waiting
up
waiting
up
waiting
up
waiting
up
waiting
up
waiting
up
waiting
up
waiting
up
waiting
up
up
up
up
up
up
up
up
up
up
up
up
up
up
up
up
up
up
up
up
up
up
up
up
up
up
up
up
up
up
up
up
up
up
up
up
up
up
up
up
up
up
up
up
up
up
up
up
up
up
up
up
up
up
up
up
up
up
up
up
up
up
up
up
up
up
up
down
up
down
up
down
up
down
up
down
up
down
up
down
up
down
up
down
up
PMLE_LEDGER_PROGRESS|tic=10000|cumulative_sha256=b3659ff89941784b26cc262149d8700f42f097f00de5abff72b10c14e0a67be7
down
up
down
up
down
up
down
up
down
up
down
up
down
up
down
up
down
up
down
up
down
up
down
up
down
up
down
up
down
up
down
up
down
up
down
up
down
up
down
up
down
up
down
up
down
up
waiting
up
waiting
up
waiting
up
waiting
up
waiting
up
waiting
up
waiting
up
waiting
up
waiting
up
waiting
up
waiting
up
waiting
up
waiting
up
waiting
up
waiting
up
waiting
up
waiting
up
waiting
up
waiting
up
waiting
up
waiting
up
waiting
up
waiting
up
waiting
up
waiting
up
waiting
up
waiting
up
waiting
up
waiting
up
waiting
up
waiting
up
waiting
up
waiting
up
waiting
up
waiting
up
waiting
up
waiting
up
waiting
up
waiting
up
waiting
up
waiting
up
waiting
up
waiting
up
waiting
up
waiting
up
waiting
up
waiting
up
waiting
up
waiting
up
waiting
up
waiting
up
waiting
up
waiting
up
waiting
up
waiting
up
waiting
up
waiting
up
waiting
up
waiting
up
waiting
up
waiting
up
waiting
up
waiting
up
waiting
up
waiting
up
waiting
up
waiting
up
waiting
up
waiting
up
waiting
up
waiting
up
waiting
up
waiting
up
waiting
up
waiting
up
waiting
up
waiting
up
PMLE_LEDGER_PROGRESS|tic=10100|cumulative_sha256=c7b53c1e9df805c9a4eb8e114f6945863154ed7a345f22c3aa90b571abfe985d
waiting
up
waiting
up
waiting
up
waiting
up
waiting
up
waiting
up
waiting
up
waiting
up
waiting
up
waiting
up
waiting
up
waiting
up
waiting
up
waiting
up
waiting
up
waiting
up
waiting
up
waiting
up
waiting
up
waiting
up
waiting
up
waiting
up
waiting
up
waiting
up
waiting
up
waiting
up
waiting
up
waiting
up
up
up
up
up
up
up
up
up
up
up
up
up
up
up
up
up
up
up
up
up
up
up
up
up
up
up
up
up
up
up
up
up
up
up
up
up
up
up
up
up
up
up
up
up
up
up
up
up
up
up
up
up
up
up
up
up
up
up
up
up
up
up
up
up
up
up
down
up
down
up
down
up
down
up
down
up
down
up
down
up
down
up
down
up
down
up
down
up
down
up
down
up
down
up
down
up
down
up
down
up
down
up
down
up
down
up
PMLE_LEDGER_PROGRESS|tic=10200|cumulative_sha256=4582e25a23cd0b182359df80bb37df1dfd85539e9ddc455e9a264c962a354678
down
up
down
up
down
up
down
up
down
up
down
up
down
up
down
up
down
up
down
up
down
up
down
up
waiting
up
waiting
up
waiting
up
waiting
up
waiting
up
waiting
up
waiting
up
waiting
up
waiting
up
waiting
up
waiting
up
waiting
up
waiting
up
waiting
up
waiting
up
waiting
up
waiting
up
waiting
up
waiting
up
waiting
up
waiting
up
waiting
up
waiting
up
waiting
up
waiting
up
waiting
up
waiting
up
waiting
up
waiting
up
waiting
up
waiting
up
waiting
up
waiting
up
waiting
up
waiting
up
waiting
up
waiting
up
waiting
up
waiting
up
waiting
up
waiting
up
waiting
up
waiting
up
waiting
up
waiting
up
waiting
up
waiting
up
waiting
up
waiting
up
waiting
up
waiting
up
waiting
up
waiting
up
waiting
up
waiting
up
waiting
up
waiting
up
waiting
up
waiting
up
waiting
up
waiting
up
waiting
up
waiting
up
waiting
up
waiting
up
waiting
up
waiting
up
waiting
up
waiting
up
waiting
up
waiting
up
waiting
up
waiting
up
waiting
up
waiting
up
waiting
up
waiting
up
waiting
up
waiting
up
waiting
up
waiting
up
waiting
up
waiting
up
waiting
up
waiting
up
waiting
up
waiting
up
waiting
up
PMLE_LEDGER_PROGRESS|tic=10300|cumulative_sha256=0ee26d19f8d7f2abafcdf8591d7cc1910eac15b9db9b021d5daafdcb716fc3f5
waiting
up
waiting
up
waiting
up
waiting
up
waiting
up
waiting
up
waiting
up
waiting
up
waiting
up
waiting
up
waiting
up
waiting
up
waiting
up
waiting
up
waiting
up
waiting
up
waiting
up
up
up
up
up
up
up
up
up
up
up
up
up
up
up
up
up
up
up
up
up
up
up
up
up
up
up
up
up
up
up
up
up
up
up
up
up
up
up
up
up
up
up
up
up
up
up
up
up
up
up
up
up
up
up
up
up
up
up
up
up
up
up
up
up
up
up
down
up
down
up
down
up
down
up
down
up
down
up
down
up
down
up
down
up
down
up
down
up
down
up
down
up
down
up
down
up
down
up
down
up
down
up
down
up
down
up
down
up
down
up
down
up
down
up
down
up
down
up
PMLE_LEDGER_PROGRESS|tic=10400|cumulative_sha256=e2cb969b4485d365acb093b8d90d1dad9fb4031249d982e8fcfaa3b5eb2ec004
down
up
down
up
down
up
down
up
down
up
down
up
waiting
up
waiting
up
waiting
up
waiting
up
waiting
up
waiting
up
waiting
up
waiting
up
waiting
up
waiting
up
waiting
up
waiting
up
waiting
up
waiting
up
waiting
up
waiting
up
waiting
up
waiting
up
waiting
up
waiting
up
waiting
up
waiting
up
waiting
up
waiting
up
waiting
up
waiting
up
waiting
up
waiting
up
waiting
up
waiting
up
waiting
up
waiting
up
waiting
up
waiting
up
waiting
up
waiting
up
waiting
up
waiting
up
waiting
up
waiting
up
waiting
up
waiting
up
waiting
up
waiting
up
waiting
up
waiting
up
waiting
up
waiting
up
waiting
up
waiting
up
waiting
up
waiting
up
waiting
up
waiting
up
waiting
up
waiting
up
waiting
up
waiting
up
waiting
up
waiting
up
waiting
up
waiting
up
waiting
up
waiting
up
waiting
up
waiting
up
waiting
up
waiting
up
waiting
up
waiting
up
waiting
up
waiting
up
waiting
up
waiting
up
waiting
up
waiting
up
waiting
up
waiting
up
waiting
up
waiting
up
waiting
up
waiting
up
waiting
up
waiting
up
waiting
up
waiting
up
waiting
up
waiting
up
waiting
up
waiting
up
waiting
up
waiting
up
waiting
up
waiting
up
PMLE_LEDGER_PROGRESS|tic=10500|cumulative_sha256=b7b6af9cf4d3a129af8f724008f6e67377d8b54e563daf296bf7f4299df33882
waiting
up
waiting
up
waiting
up
waiting
up
waiting
up
waiting
up
waiting
up
waiting
up
waiting
up
waiting
up
waiting
up
up
up
up
up
up
up
up
up
up
up
up
up
up
up
up
up
up
up
up
up
up
up
up
up
up
up
up
up
up
up
up
up
up
up
up
up
up
up
up
up
up
up
up
up
up
up
up
up
up
up
up
up
up
up
up
up
up
up
up
up
up
up
up
up
up
up
PMLE_LEDGER_PROGRESS|tic=10600|cumulative_sha256=f1cb06a1f061c87333c45a2a3e3999670d3575d1dd63495ea5d954be312a0b75
PMLE_LEDGER_PROGRESS|tic=10700|cumulative_sha256=969c18160ace1fa5c4afab60f05e03bf24f2a5d449d1ebd47b4524b060ae2b67
PMLE_LEDGER_PROGRESS|tic=10800|cumulative_sha256=68bf1c3d70c5a542ed0dca4fd8b10277919dc744abe7d8e09b4a09079a66c891
PMLE_LEDGER_PROGRESS|tic=10900|cumulative_sha256=d9808be96791c2faeef0454e16d01a57bd760f4ffd71be768c68f7a0e4a4cb7f
PMLE_LEDGER_PROGRESS|tic=11000|cumulative_sha256=9e833f76e3ba79ea2e5f838eaaf4db2af51fa816a6aca37cf139a226cc3ac940
PMLE_LEDGER_PROGRESS|tic=11100|cumulative_sha256=caeeae455b7efa8651fd8dd145a1e9b49f778574ff12e9408e3fdf85a0895e49
PMLE_LEDGER_PROGRESS|tic=11200|cumulative_sha256=be561167f5e4fc3c9d56431ee5c895cf4e6b63d02514a12ec089e29d61a8671b
PMLE_LEDGER_PROGRESS|tic=11300|cumulative_sha256=bd0b0e7f8eab4c5f8785e0f84d8a3ed65f480593707dfa461229c9d58fd785cf
PMLE_LEDGER_PROGRESS|tic=11400|cumulative_sha256=26969b1edda829edbc8380b833806fe49b1f463ece229fc009c3416d7eb3bd96
PMLE_LEDGER_PROGRESS|tic=11500|cumulative_sha256=3099611f81aaec76fa9d9a6d535aea874ef2716a8843b5f50b214d73697020b2
PMLE_LEDGER_PROGRESS|tic=11600|cumulative_sha256=a95dd06fb8cf5361733249e6957e08af1da3a7e2d459a7793d07c814a7db2271
PMLE_LEDGER_PROGRESS|tic=11700|cumulative_sha256=e5fe1973c26c18b78d967a287fa43b21555bd8896094faf066c5b7c40db0f8a2
down
up
down
up
down
up
down
up
down
up
down
up
down
up
down
up
down
up
down
up
down
up
down
up
down
up
down
up
down
up
down
up
down
up
down
up
down
up
down
up
down
up
down
up
down
up
down
up
down
up
down
up
down
up
down
up
down
up
down
up
down
up
down
up
waiting
up
waiting
up
waiting
up
waiting
up
waiting
up
waiting
up
waiting
up
waiting
up
waiting
up
waiting
up
waiting
up
waiting
up
waiting
up
waiting
up
waiting
up
waiting
up
waiting
up
waiting
up
waiting
up
waiting
up
waiting
up
waiting
up
waiting
up
waiting
up
waiting
up
waiting
up
waiting
up
waiting
up
waiting
up
waiting
up
waiting
up
waiting
up
waiting
up
waiting
up
waiting
up
waiting
up
waiting
up
waiting
up
waiting
up
waiting
up
waiting
up
waiting
up
waiting
up
waiting
up
waiting
up
waiting
up
waiting
up
waiting
up
waiting
up
waiting
up
waiting
up
waiting
up
waiting
up
waiting
up
waiting
up
waiting
up
waiting
up
waiting
up
waiting
up
waiting
up
waiting
up
waiting
up
waiting
up
PMLE_LEDGER_PROGRESS|tic=11800|cumulative_sha256=4231d9d0fe6cf008c81f0635a284dfa4671aab0ce8c4e4cd60c924830bbd6e48
waiting
up
waiting
up
waiting
up
waiting
up
waiting
up
waiting
up
waiting
up
waiting
up
waiting
up
waiting
up
waiting
up
waiting
up
waiting
up
waiting
up
waiting
up
waiting
up
waiting
up
waiting
up
waiting
up
waiting
up
waiting
up
waiting
up
waiting
up
waiting
up
waiting
up
waiting
up
waiting
up
waiting
up
waiting
up
waiting
up
waiting
up
waiting
up
waiting
up
waiting
up
waiting
up
waiting
up
waiting
up
waiting
up
waiting
up
waiting
up
waiting
up
waiting
up
up
up
up
up
up
up
up
up
up
up
up
up
up
up
up
up
up
up
up
up
up
up
up
up
up
up
up
up
up
up
up
up
up
up
up
up
up
up
up
up
up
up
up
up
up
up
up
up
up
up
up
up
up
up
up
up
up
up
up
up
up
up
up
up
up
up
PMLE_LEDGER_PROGRESS|tic=11900|cumulative_sha256=3855d118e9b990a29c7d543aedf0cae5fdf2a02a9edd8d51279929918db8ddd4
PMLE_LEDGER_PROGRESS|tic=12000|cumulative_sha256=f8df538568040ef34ce1c3fa3688829f72aa398a95e488d6f8839431d6f3255a
PMLE_LEDGER_PROGRESS|tic=12100|cumulative_sha256=dee852dbd1b13c5426a3b1e0f32bda747236349479741395d6a124b7522d8a9d
down
up
down
up
down
up
down
up
down
up
down
up
down
up
down
up
down
up
down
up
down
up
down
up
down
up
down
up
down
up
down
up
down
up
down
up
down
up
down
up
down
up
down
up
down
up
down
up
down
up
down
up
down
up
down
up
down
up
down
up
down
up
down
up
down
up
down
up
waiting
up
waiting
up
waiting
up
waiting
up
waiting
up
waiting
up
waiting
up
waiting
up
waiting
up
waiting
up
waiting
up
waiting
up
waiting
up
waiting
up
waiting
up
waiting
up
waiting
up
waiting
up
waiting
up
waiting
up
waiting
up
waiting
up
waiting
up
waiting
up
waiting
up
waiting
up
waiting
up
waiting
up
waiting
up
waiting
up
waiting
up
waiting
up
waiting
up
waiting
up
waiting
up
waiting
up
waiting
up
waiting
up
waiting
up
waiting
up
waiting
up
waiting
up
waiting
up
waiting
up
PMLE_LEDGER_PROGRESS|tic=12200|cumulative_sha256=6b0a7121a3bad00fde499b7ac43d91359ab22d658ea1fe057697da7c783e3883
waiting
up
waiting
up
waiting
up
waiting
up
waiting
up
waiting
up
waiting
up
waiting
up
waiting
up
waiting
up
waiting
up
waiting
up
waiting
up
waiting
up
waiting
up
waiting
up
waiting
up
waiting
up
waiting
up
waiting
up
waiting
up
waiting
up
waiting
up
waiting
up
waiting
up
waiting
up
waiting
up
waiting
up
waiting
up
waiting
up
waiting
up
waiting
up
waiting
up
waiting
up
waiting
up
waiting
up
waiting
up
waiting
up
waiting
up
waiting
up
waiting
up
waiting
up
waiting
up
waiting
up
waiting
up
waiting
up
waiting
up
waiting
up
waiting
up
waiting
up
waiting
up
waiting
up
waiting
up
waiting
up
waiting
up
waiting
up
waiting
up
waiting
up
waiting
up
waiting
up
waiting
up
up
up
up
up
up
up
up
up
up
up
up
up
up
up
up
up
up
up
up
up
up
up
up
up
up
up
up
up
up
up
up
up
up
up
up
up
up
up
up
up
up
up
up
up
up
up
up
up
up
up
up
up
up
up
up
up
up
up
up
up
up
up
up
up
up
up
up
up
up
up
PMLE_LEDGER_PROGRESS|tic=12300|cumulative_sha256=2285acf5076463eeb60711c4427d042027ad68565e5fcffc2e762a17bb893dda
PMLE_LEDGER_PROGRESS|tic=12400|cumulative_sha256=9ceb6b046c8c38ba8f2a343637be2bc9094e3026609368372803da29d92c2fda
PMLE_LEDGER_PROGRESS|tic=12500|cumulative_sha256=e2cb210a20f24f0ea61e2df9ff31584f84e85f51bff104d7e1738dc7ab98017d
PMLE_LEDGER_PROGRESS|tic=12600|cumulative_sha256=2a6621e8729cc5c73574ca3eb4595573ad278ba421efac15fd772a84d215e286
PMLE_LEDGER_PROGRESS|tic=12700|cumulative_sha256=2824993a8d7e0d68de1ed2b7130fe64d885463102a7d2628f5a905656a28c4da
PMLE_LEDGER_PROGRESS|tic=12800|cumulative_sha256=ffdd5aea1ed9ef1e6637bcfb6b0cab327fe13b396d56d53ee2785363524264df
PMLE_LEDGER_PROGRESS|tic=12900|cumulative_sha256=8852c81799d5a3dde61da7081850b607531eaa14f11027794df9da108fc6b085
PMLE_LEDGER_PROGRESS|tic=13000|cumulative_sha256=86c42bba7ec2b4d568e6091137e3790f3dbf232ae02f0588b2f6c88260f3e2e7
PMLE_LEDGER_PROGRESS|tic=13100|cumulative_sha256=fdb4b8d208e6c38afbdaa42f9c20267a8318c08653f8241ad6b705934aab4200
PMLE_LEDGER_PROGRESS|tic=13200|cumulative_sha256=49790679b4b25f20e8c44c90b8b46f02bc1b153c843faac86c321cccbbb848a8
PMLE_LEDGER_PROGRESS|tic=13272|cumulative_sha256=089ba1518faf0e62be1c59d09e576c00e75c1845c00c3d45e497f7e3b7048584
PMLE_TEAVM_LEDGER_DIFFERENTIAL|PASS|tics=13272|deep_every=1|route_runs=1152|vector_runs=1246|cumulative_sha256=089ba1518faf0e62be1c59d09e576c00e75c1845c00c3d45e497f7e3b7048584
PMLE_LEDGER_RUNTIME|elapsed_seconds=20088|ended_utc=2026-07-25T12:37:33Z
PMLE_LEDGER_PROVENANCE|CONFIRMED|executions=1|terminal_markers=1
