
Session altered.


Session altered.


Session altered.


Session altered.


Session altered.


PL/SQL procedure successfully completed.


Session altered.


Session altered.


Session altered.


Session altered.


Session altered.

PMLE_LIVE_FRAME_STAGING|PASS|authority_bytes=1090790|authority_sha256=66dd235cde82a8b8fbcac88bb905912bacfd6ea40671d2808e5951ce290ce873|renderer_bytes=48427|renderer_sha256=c60a34dd81d6e184be7262f494ff3070adb1ab2fb926ecaafedc4043b22cf93c|coordinator_bytes=48003|coordinator_sha256=8f005189021d476dfe9c75718fee8dfa0a47e235efd5567242a8b2f81f203249


Session altered.


Session altered.


Session altered.


Session altered.


Session altered.


PL/SQL procedure successfully completed.

STATIC_COPY_DEPLOY|SOURCE|8f005189021d476dfe9c75718fee8dfa0a47e235efd5567242a8b2f81f203249    
STATIC_COPY_DEPLOY|SLOTS|1:READY,2:READY                                                          
