
Session altered.


Session altered.


Session altered.


Session altered.


Session altered.


PL/SQL procedure successfully completed.


Session altered.


Session altered.


Session altered.


Session altered.


Session altered.


Table DOOM_MATCH_FRAME_STAGE_WINDOW created.


Commit complete.

live-frame module deployment requires the retained pool parked; active contexts=0               

Session altered.


Session altered.


Session altered.


Session altered.


Session altered.

PMLE_LIVE_FRAME_STAGING|PASS|authority_bytes=1090790|authority_sha256=66dd235cde82a8b8fbcac88bb905912bacfd6ea40671d2808e5951ce290ce873|renderer_bytes=48427|renderer_sha256=c60a34dd81d6e184be7262f494ff3070adb1ab2fb926ecaafedc4043b22cf93c|coordinator_bytes=47515|coordinator_sha256=2065b452537d5348155590a570b4b4c0442ecd7bf9e9711c7b6a56adebc36059


Session altered.


Session altered.


Session altered.


Session altered.


Session altered.


Package DOOM_MLE_MATCH_RUNTIME compiled


Package Body DOOM_MLE_MATCH_RUNTIME compiled


Session altered.


Session altered.


Session altered.


Session altered.


Session altered.


Package DOOM_MATCH_WORKER compiled


Package Body DOOM_MATCH_WORKER compiled


Session altered.


Session altered.


Session altered.


Session altered.


Session altered.


PL/SQL procedure successfully completed.

PMLE_FRAME_STAGE_DEPLOY|SOURCE|66dd235cde82a8b8fbcac88bb905912bacfd6ea40671d2808e5951ce290ce873|c60a34dd81d6e184be7262f494ff3070adb1ab2fb926ecaafedc4043b22cf93c|2065b452537d5348155590a570b4b4c0442ecd7bf9e9711c7b6a56adebc36059    
PMLE_FRAME_STAGE_DEPLOY|SLOTS|1:READY,2:READY                                                          
