
Session altered.


Session altered.


Session altered.


Session altered.


Session altered.

PMLE_HUD_PRODUCTION_AUTHORITY|PASS|sha256=66dd235cde82a8b8fbcac88bb905912bacfd6ea40671d2808e5951ce290ce873|ready_slots=2|active_matches=0


PL/SQL procedure successfully completed.


[1m'PMLE_HUD_PRODUCTION_LIVE|PASS|AUTHORITY='||AUTHORITY_SHA256||'|RENDERER='||RENDERER_SHA256||'|COORDINATOR='||COORDINATOR_SHA256||'|COMPOSITOR='||COMPOSITOR_PACK_SHA256||'|UI='||UI_ASSET_SHA256[m                                                                                                                                                                                                                  
__________________________________________________________________________________________________________________________________________________________________________________________________________________________________________________________________________________________________________________________________________________________________________________________________________________ 
PMLE_HUD_PRODUCTION_LIVE|PASS|authority=66dd235cde82a8b8fbcac88bb905912bacfd6ea40671d2808e5951ce290ce873|renderer=61163171b77421fc01a96359903fc1bc5fbbc17c639177c77e48f4973b4a0f12|coordinator=59acb671e6e0a03ee89735806c8f0178a53dc792d22b87fb2c22db5f226fdd85|compositor=e31962b3a177d397783a1e2c369155ae78ab9bdae595a4588d102eb3dc054d37|ui=8961a242c674c7c3e6f74da2e7c09670c8ad3567996c7ead454fa616df2150b7    


[1mOBJECT_TYPE[m           [1mCOUNT(*)[m 
__________________ ___________ 
FUNCTION                    39 
INDEX                        1 
MLE ENVIRONMENT              1 
MLE MODULE                   2 
PACKAGE                      1 
PACKAGE BODY                 1 
PROCEDURE                    1 
TABLE                        1 

8 rows selected. 

