PMLE_HOST_QUIESCENCE|PASS|docker_builds=0|compiles=0|verifiers=0
PMLE_WAN_MATRIX|BEGIN|duration=20|warmup=30|profiles_sha256=ced6d7f507b1240bc14d22435f950ba1a5df040cf88a73719b3d935ebbc9190a

Session altered.


Session altered.


Session altered.


Session altered.


Session altered.

trimspool not found

Session altered.


Session altered.


Session altered.


Session altered.


Session altered.

trimspool not found
PMLE_WAN_TRANSPORT|long_poll=OFF|hold_ms=0|ords_pool_sessions=6|pool_reserve=2|max_held_polls=4|resmgr_running_sessions=2|worker_reserve=1|max_concurrent_poll_returns=1|background_refocus=ON
PMLE_WAN_PROXY|READY|port=18050|upstream_origin_sha256=13afb058b5b6fbfae22724b5c5fce6aa6a1772085daf7386ed7469510c3208f8|rtt_ms=50|jitter_ms=10|seed=351272
PMLE_WAN_PROFILE|BEGIN|name=rtt-50-jitter-10|rtt_ms=50|jitter_ms=10|seed=351272
PMLE_SOAK_STAGE|host_dom_ready
PMLE_SOAK_STAGE|host_name_filled
PMLE_SOAK_STAGE|create_click_begin
PMLE_SOAK_STAGE|create_clicked
PMLE_SOAK_STAGE|host_room_visible
PMLE_SOAK_STAGE|guest_dom_ready
PMLE_SOAK_STAGE|join_clicked
PMLE_SOAK_STAGE|guest_room_visible
PMLE_SOAK_STAGE|both_ready_clicked
PMLE_SOAK_STAGE|both_clients_presenting
PMLE_WAN_BACKGROUND|PASS|profile_rtt_ms=50|hidden_ms=29923.3|checkpoint_tic=1280|leases_after_2s=0|presentations_after_focus=40
PMLE_SOAK_BROWSER_DIAG|slot=0|presented=678|advanced=678|confirmed=679|batches=205|batch_transitions=681|resyncs=0|last_resync_at=0
PMLE_WAN_LATENCY_DIAG|slot=0|{"samples":45,"totalP50Ms":187.89999961853027,"totalP90Ms":236.9000005722046,"totalP95Ms":240.19999980926514,"totalMaxMs":462.4000005722046,"queueAndPostP95Ms":112.29999923706055,"postRoundTripP95Ms":110.29999923706055,"acceptedToConfirmedP95Ms":151.60000038146973,"confirmedToPresentedP95Ms":332.4000005722046,"batchWallP95Ms":105.5,"batchHoldP95Ms":1,"batchCountP95":4,"presentationLagP50Tics":10,"presentationLagP95Tics":12,"presentationLagMaxTics":12,"worst":[{"queueAndPostMs":165.29999923706055,"roundTripMs":164.5,"acceptedToConfirmedMs":297.9000005722046,"confirmedToPresentedMs":200.19999980926514,"totalMs":462.4000005722046,"inputSequence":66,"effectiveTic":2393},{"queueAndPostMs":96.5,"roundTripMs":93.5,"acceptedToConfirmedMs":151.60000038146973,"confirmedToPresentedMs":244.60000038146973,"totalMs":245.10000038146973,"inputSequence":101,"effectiveTic":2883},{"queueAndPostMs":88.30000019073486,"roundTripMs":87.09999942779541,"acceptedToConfirmedMs":153.10000038146973,"confirmedToPresentedMs":280.3999996185303,"totalMs":240.19999980926514,"inputSequence":81,"effectiveTic":2560},{"queueAndPostMs":101.89999961853027,"roundTripMs":98.39999961853027,"acceptedToConfirmedMs":139,"confirmedToPresentedMs":215,"totalMs":237.39999961853027,"inputSequence":73,"effectiveTic":2473},{"queueAndPostMs":92.69999980926514,"roundTripMs":89.60000038146973,"acceptedToConfirmedMs":147.30000019073486,"confirmedToPresentedMs":247.79999923706055,"totalMs":236.9000005722046,"inputSequence":97,"effectiveTic":2817}]}
PMLE_SOAK_BROWSER_DIAG|slot=1|presented=677|advanced=676|confirmed=678|batches=205|batch_transitions=678|resyncs=0|last_resync_at=0
PMLE_WAN_LATENCY_DIAG|slot=1|{"samples":58,"totalP50Ms":176.69999980926514,"totalP90Ms":217.30000019073486,"totalP95Ms":225.30000019073486,"totalMaxMs":327.20000076293945,"queueAndPostP95Ms":163.30000019073486,"postRoundTripP95Ms":106.5,"acceptedToConfirmedP95Ms":144.5,"confirmedToPresentedP95Ms":342.70000076293945,"batchWallP95Ms":106.19999980926514,"batchHoldP95Ms":1,"batchCountP95":4,"presentationLagP50Tics":10,"presentationLagP95Tics":12,"presentationLagMaxTics":12,"worst":[{"queueAndPostMs":90.5,"roundTripMs":89.70000076293945,"acceptedToConfirmedMs":237.5,"confirmedToPresentedMs":209.19999980926514,"totalMs":327.20000076293945,"inputSequence":37,"effectiveTic":2390},{"queueAndPostMs":148.30000019073486,"roundTripMs":92.39999961853027,"acceptedToConfirmedMs":167.69999980926514,"confirmedToPresentedMs":245.10000038146973,"totalMs":260.0999994277954,"inputSequence":52,"effectiveTic":2561},{"queueAndPostMs":82.90000057220459,"roundTripMs":80.80000019073486,"acceptedToConfirmedMs":144.5,"confirmedToPresentedMs":303.29999923706055,"totalMs":225.30000019073486,"inputSequence":74,"effectiveTic":2817},{"queueAndPostMs":96.59999942779541,"roundTripMs":96,"acceptedToConfirmedMs":125.60000038146973,"confirmedToPresentedMs":314.6000003814697,"totalMs":221.60000038146973,"inputSequence":85,"effectiveTic":2935},{"queueAndPostMs":88.80000019073486,"roundTripMs":84.5,"acceptedToConfirmedMs":133.5999994277954,"confirmedToPresentedMs":265.9000005722046,"totalMs":218.0999994277954,"inputSequence":87,"effectiveTic":2962}]}

Session altered.


Session altered.


Session altered.


Session altered.


Session altered.

SOAK_DB|tic=3664|frames=0|checkpoints=2|commands=7328|bytes=0|disconnectedNeutral=0|deadlineNeutral=0|leftNeutral=0|initialNeutral=173|sampled=2612|neutral=0|worker=READY

SOAK_PLAYER|0|1310|0                                                                                                                                                                                                                                           
SOAK_PLAYER|1|1326|0                                                                                                                                                                                                                                           
PMLE_WAN_GATE|PASS|rtt_ms=50|jitter_ms=10|seconds=20|neutral_rate=0.000000/0.000000|players=240.2/103.1/6/5/2/33.0,225.3/100.7/6/5/1/33.3 hiddenMs=29923.3 checkpointTic=1280 leasesAfter2s=0 resumed=1
PASS P13.5-MULTIPLAYER-SOAK seconds=20 warmupSeconds=30 tics=2359/2360-3037/3036 maxLag=20 maxReconnectSeconds=0 resyncs=0/0 frames=0 checkpoints=2 bytes=0 disconnectedNeutral=0 initialNeutral=173 paint999Max=34.8/34.8,35.1/35.1
PMLE_WAN_PROFILE|PASS|name=rtt-50-jitter-10
PMLE_WAN_PROXY|READY|port=18100|upstream_origin_sha256=13afb058b5b6fbfae22724b5c5fce6aa6a1772085daf7386ed7469510c3208f8|rtt_ms=100|jitter_ms=20|seed=351272
PMLE_WAN_PROFILE|BEGIN|name=rtt-100-jitter-20|rtt_ms=100|jitter_ms=20|seed=351272
PMLE_SOAK_STAGE|host_dom_ready
PMLE_SOAK_STAGE|host_name_filled
PMLE_SOAK_STAGE|create_click_begin
PMLE_SOAK_STAGE|create_clicked
PMLE_SOAK_STAGE|host_room_visible
PMLE_SOAK_STAGE|guest_dom_ready
PMLE_SOAK_STAGE|join_clicked
PMLE_SOAK_STAGE|guest_room_visible
PMLE_SOAK_STAGE|both_ready_clicked
PMLE_SOAK_STAGE|both_clients_presenting
PMLE_WAN_BACKGROUND|PASS|profile_rtt_ms=100|hidden_ms=29569.0|checkpoint_tic=1152|leases_after_2s=0|presentations_after_focus=40
PMLE_SOAK_BROWSER_DIAG|slot=0|presented=679|advanced=679|confirmed=676|batches=133|batch_transitions=676|resyncs=0|last_resync_at=0
PMLE_WAN_LATENCY_DIAG|slot=0|{"samples":58,"totalP50Ms":271.5999994277954,"totalP90Ms":332.30000019073486,"totalP95Ms":342.5,"totalMaxMs":449.80000019073486,"queueAndPostP95Ms":197.80000019073486,"postRoundTripP95Ms":193.79999923706055,"acceptedToConfirmedP95Ms":198.30000019073486,"confirmedToPresentedP95Ms":378.6000003814697,"batchWallP95Ms":172.0999994277954,"batchHoldP95Ms":1,"batchCountP95":6,"presentationLagP50Tics":11,"presentationLagP95Tics":13,"presentationLagMaxTics":14,"worst":[{"queueAndPostMs":217.5999994277954,"roundTripMs":217,"acceptedToConfirmedMs":232.80000019073486,"confirmedToPresentedMs":247.30000019073486,"totalMs":449.80000019073486,"inputSequence":67,"effectiveTic":2413},{"queueAndPostMs":178.69999980926514,"roundTripMs":163.60000038146973,"acceptedToConfirmedMs":205.89999961853027,"confirmedToPresentedMs":236.9000005722046,"totalMs":369.5,"inputSequence":95,"effectiveTic":2733},{"queueAndPostMs":166.9000005722046,"roundTripMs":162.4000005722046,"acceptedToConfirmedMs":180.0999994277954,"confirmedToPresentedMs":253.60000038146973,"totalMs":342.5,"inputSequence":104,"effectiveTic":2836},{"queueAndPostMs":143.39999961853027,"roundTripMs":141.19999980926514,"acceptedToConfirmedMs":198.30000019073486,"confirmedToPresentedMs":245.5,"totalMs":339.5,"inputSequence":122,"effectiveTic":3041},{"queueAndPostMs":162,"roundTripMs":161.4000005722046,"acceptedToConfirmedMs":172,"confirmedToPresentedMs":270.5999994277954,"totalMs":333.4000005722046,"inputSequence":86,"effectiveTic":2634}]}
PMLE_SOAK_BROWSER_DIAG|slot=1|presented=678|advanced=678|confirmed=674|batches=129|batch_transitions=674|resyncs=0|last_resync_at=0
PMLE_WAN_LATENCY_DIAG|slot=1|{"samples":54,"totalP50Ms":276,"totalP90Ms":339.19999980926514,"totalP95Ms":416.30000019073486,"totalMaxMs":492,"queueAndPostP95Ms":188,"postRoundTripP95Ms":184.20000076293945,"acceptedToConfirmedP95Ms":228.30000019073486,"confirmedToPresentedP95Ms":376.80000019073486,"batchWallP95Ms":191.89999961853027,"batchHoldP95Ms":1,"batchCountP95":6,"presentationLagP50Tics":11,"presentationLagP95Tics":13,"presentationLagMaxTics":14,"worst":[{"queueAndPostMs":263.80000019073486,"roundTripMs":263.69999980926514,"acceptedToConfirmedMs":228.30000019073486,"confirmedToPresentedMs":238.30000019073486,"totalMs":492,"inputSequence":56,"effectiveTic":2620},{"queueAndPostMs":144.5999994277954,"roundTripMs":142.29999923706055,"acceptedToConfirmedMs":312.4000005722046,"confirmedToPresentedMs":201.69999980926514,"totalMs":454.69999980926514,"inputSequence":71,"effectiveTic":2786},{"queueAndPostMs":145.89999961853027,"roundTripMs":145.30000019073486,"acceptedToConfirmedMs":271,"confirmedToPresentedMs":238.10000038146973,"totalMs":416.30000019073486,"inputSequence":38,"effectiveTic":2411},{"queueAndPostMs":218.79999923706055,"roundTripMs":215.29999923706055,"acceptedToConfirmedMs":169.60000038146973,"confirmedToPresentedMs":322.1000003814697,"totalMs":384.8999996185303,"inputSequence":87,"effectiveTic":2993},{"queueAndPostMs":188,"roundTripMs":184.20000076293945,"acceptedToConfirmedMs":187.79999923706055,"confirmedToPresentedMs":228.30000019073486,"totalMs":372,"inputSequence":67,"effectiveTic":2739}]}
node:internal/modules/run_main:107
    triggerUncaughtException(
    ^

AssertionError [ERR_ASSERTION]: WAN player 1 input/mirror p95 416.3 > 416.1
    at file:///Users/bmarti44/doomdb/tests/verify-p13.5-multiplayer-soak.mjs:1161:14
    at runNextTicks (node:internal/process/task_queues:65:5)
    at process.processImmediate (node:internal/timers:472:9) {
  generatedMessage: false,
  code: 'ERR_ASSERTION',
  actual: false,
  expected: true,
  operator: '==',
  diff: 'simple'
}

Node.js v25.9.0
