PMLE_HOST_QUIESCENCE|PASS|docker_builds=0|compiles=0|verifiers=0
PMLE_WAN_MATRIX|BEGIN|duration=120|warmup=30|profiles_sha256=ced6d7f507b1240bc14d22435f950ba1a5df040cf88a73719b3d935ebbc9190a

Session altered.


Session altered.


Session altered.


Session altered.


Session altered.

PMLE_ENVIRONMENT|cpu_count=2|resource_plan=OLTP_PLAN|cpu_managed=ON|pdb_cpu_count=2|pdb_utilization_limit=3.13|pdb_running_sessions_limit=2|pdb_plan=DEFAULT_CDB_PLAN


Session altered.


Session altered.


Session altered.


Session altered.


Session altered.

PMLE_ARTIFACT|source_bytes=1081335|source_sha256=5ec18cbe4cff7192d384e81d1010e0133d357d44ff17fa65821e1489c4fd1ee3|table_bytes=180272|table_sha256=058cd0df9444131b356762a096fd422d5131ac3aea91163aee056e8ad4965b44

PMLE_WAN_TRANSPORT|long_poll=OFF|hold_ms=0|transport_legs=2|classification=DIAGNOSTIC_NOT_GATE|approval_sha256=NONE|ords_pool_sessions=6|pool_reserve=2|max_held_polls=4|resmgr_running_sessions=2|worker_reserve=1|max_concurrent_poll_returns=1|background_refocus=ON
PMLE_WAN_PRESENTATION_CONTRACT|max_playout_tics=12|low_rtt_max_selected_tics=6|controller=FREE_CLOCK_CONFIRMED_OCCUPANCY_SETPOINT|setpoint=selected_depth|acceleration_margin_tics=2|deceleration_margin_tics=2|max_decelerated_interval_ms=31.4|presentation_lag_p95_formula=selected_max+batch_count_p95+2|confirmed_to_presented_p95_formula=(selected_max+batch_count_p95+2)*1000/35|presentation_interval_p99_ms=57.143|depth_comparison=12_THEN_6
PMLE_WAN_PROXY|READY|port=18200|upstream_origin_sha256=13afb058b5b6fbfae22724b5c5fce6aa6a1772085daf7386ed7469510c3208f8|rtt_ms=200|jitter_ms=40|seed=351272
PMLE_WAN_PROFILE|BEGIN|name=rtt-200-jitter-40|rtt_ms=200|jitter_ms=40|seed=351272
PMLE_SOAK_STAGE|host_dom_ready
PMLE_SOAK_STAGE|host_name_filled
PMLE_SOAK_STAGE|create_click_begin
PMLE_SOAK_STAGE|create_clicked
PMLE_SOAK_STAGE|host_room_visible
PMLE_SOAK_STAGE|guest_dom_ready
PMLE_SOAK_STAGE|join_clicked
PMLE_SOAK_STAGE|guest_room_visible
PMLE_SOAK_STAGE|both_ready_clicked
PMLE_SOAK_STAGE|both_clients_presenting
PMLE_WAN_BACKGROUND|PASS|profile_rtt_ms=200|hidden_ms=33327.9|checkpoint_tic=1664|leases_after_2s=0|presentations_after_focus=40
PMLE_SOAK_BROWSER_DIAG|slot=0|presented=4057|advanced=4056|confirmed=4057|batches=453|batch_transitions=4059|resyncs=0|last_resync_at=0
PMLE_WAN_LATENCY_DIAG|slot=0|{"samples":263,"totalP50Ms":443.9000005722046,"totalP90Ms":568.6999998092651,"totalP95Ms":725.9000005722046,"totalMaxMs":3189.4000005722046,"queueAndPostP95Ms":454.8999996185303,"postRoundTripP95Ms":300.8999996185303,"acceptedToConfirmedP95Ms":411.30000019073486,"confirmedToPresentedP95Ms":538.2999992370605,"batchWallP95Ms":293.5,"batchHoldP95Ms":1,"batchCountP95":10,"applyBatchWallP95Ms":96.5,"applyStepMaxP95Ms":3.1999998092651367,"applyStepObservedMaxMs":7.90000057220459,"longTaskCount":1,"longTaskP95Ms":629,"longTaskMaxMs":629,"presentationLagP50Tics":10,"presentationLagP95Tics":26,"presentationLagMaxTics":70,"bufferOccupancyP50Tics":10,"bufferOccupancyP95Tics":26,"bufferOccupancyMinTics":0,"accelerationDutyPercent":11.26170527353376,"decelerationDutyPercent":44.0857565303105,"worst":[{"queueAndPostMs":225.4000005722046,"roundTripMs":222.10000038146973,"acceptedToConfirmedMs":2967.300000190735,"confirmedToPresentedMs":137.5999994277954,"totalMs":3189.4000005722046,"inputSequence":261,"effectiveTic":5633},{"queueAndPostMs":284.4000005722046,"roundTripMs":223.80000019073486,"acceptedToConfirmedMs":2798.8999996185303,"confirmedToPresentedMs":176.89999961853027,"totalMs":3022.699999809265,"inputSequence":262,"effectiveTic":5639},{"queueAndPostMs":219.0999994277954,"roundTripMs":218,"acceptedToConfirmedMs":2490.5,"confirmedToPresentedMs":286.80000019073486,"totalMs":2708.5,"inputSequence":263,"effectiveTic":5654},{"queueAndPostMs":227.10000038146973,"roundTripMs":223.80000019073486,"acceptedToConfirmedMs":2249.5,"confirmedToPresentedMs":383.5,"totalMs":2473.300000190735,"inputSequence":264,"effectiveTic":5666},{"queueAndPostMs":279.0999994277954,"roundTripMs":221.0999994277954,"acceptedToConfirmedMs":2089.6000003814697,"confirmedToPresentedMs":445.5,"totalMs":2310.699999809265,"inputSequence":265,"effectiveTic":5674}],"transportLegs":2,"limitMs":973.228570665632}
PMLE_WAN_PLAYOUT|OBSERVED|rtt_ms=200|slot=0|desired_p90=11|selected_p90=11|selected_max=12|batch_count_p95=10|presentation_interval_p99_ms=34.2|buffer_occupancy_p50_tics=10|buffer_occupancy_p95_tics=26|buffer_occupancy_min_tics=0|acceleration_duty_percent=11.262|deceleration_duty_percent=44.086|presentation_lag_p95_tics=26|authoritative_display_delay_p95_ms=742.9|presentation_lag_bound_tics=24|confirmed_to_presented_p95_ms=538.3|confirmed_to_presented_bound_ms=685.7
node:internal/modules/run_main:107
    triggerUncaughtException(
    ^

AssertionError [ERR_ASSERTION]: WAN player 0 presentation lag p95 26 > 24 tics
    at file:///Users/bmarti44/doomdb/tests/verify-p13.5-multiplayer-soak.mjs:1292:14
    at runNextTicks (node:internal/process/task_queues:65:5)
    at process.processImmediate (node:internal/timers:472:9) {
  generatedMessage: false,
  code: 'ERR_ASSERTION',
  actual: false,
  expected: true,
  operator: '==',
  diff: 'simple'
}

Node.js v25.9.0
