PMLE_HOST_QUIESCENCE|PASS|docker_builds=0|compiles=0|verifiers=0
PMLE_WAN_MATRIX|BEGIN|duration=20|warmup=30|profiles_sha256=ced6d7f507b1240bc14d22435f950ba1a5df040cf88a73719b3d935ebbc9190a

Session altered.


Session altered.


Session altered.


Session altered.


Session altered.

trimspool not found

Session altered.


Session altered.


Session altered.


Session altered.


Session altered.

trimspool not found
PMLE_WAN_TRANSPORT|long_poll=OFF|hold_ms=0|ords_pool_sessions=6|pool_reserve=2|max_held_polls=4|resmgr_running_sessions=2|worker_reserve=1|max_concurrent_poll_returns=1|background_refocus=ON
PMLE_WAN_PROXY|READY|port=18050|upstream_origin_sha256=13afb058b5b6fbfae22724b5c5fce6aa6a1772085daf7386ed7469510c3208f8|rtt_ms=50|jitter_ms=10|seed=351272
PMLE_WAN_PROFILE|BEGIN|name=rtt-50-jitter-10|rtt_ms=50|jitter_ms=10|seed=351272
PMLE_SOAK_STAGE|host_dom_ready
PMLE_SOAK_STAGE|host_name_filled
PMLE_SOAK_STAGE|create_click_begin
PMLE_SOAK_STAGE|create_clicked
PMLE_SOAK_STAGE|host_room_visible
PMLE_SOAK_STAGE|guest_dom_ready
PMLE_SOAK_STAGE|join_clicked
PMLE_SOAK_STAGE|guest_room_visible
PMLE_SOAK_STAGE|both_ready_clicked
PMLE_SOAK_STAGE|both_clients_presenting
PMLE_WAN_BACKGROUND|PASS|profile_rtt_ms=50|hidden_ms=28896.4|checkpoint_tic=1152|leases_after_2s=0|presentations_after_focus=40
PMLE_SOAK_BROWSER_DIAG|slot=0|presented=677|advanced=677|confirmed=678|batches=199|batch_transitions=678|resyncs=0|last_resync_at=0
PMLE_WAN_LATENCY_DIAG|slot=0|{"samples":39,"totalP50Ms":501.3999996185303,"totalP90Ms":607.2000007629395,"totalP95Ms":827.6999998092651,"totalMaxMs":939.3999996185303,"queueAndPostP95Ms":251.69999980926514,"postRoundTripP95Ms":182.0999994277954,"acceptedToConfirmedP95Ms":317.3999996185303,"confirmedToPresentedP95Ms":343.20000076293945,"batchWallP95Ms":106.80000019073486,"batchHoldP95Ms":1,"batchCountP95":4,"presentationLagP50Tics":10,"presentationLagP95Tics":12,"presentationLagMaxTics":13,"worst":[{"queueAndPostMs":652.6999998092651,"roundTripMs":651.5,"acceptedToConfirmedMs":116.69999980926514,"confirmedToPresentedMs":170,"totalMs":939.3999996185303,"inputSequence":32,"effectiveTic":2923},{"queueAndPostMs":251.69999980926514,"roundTripMs":96.90000057220459,"acceptedToConfirmedMs":353.30000019073486,"confirmedToPresentedMs":222.69999980926514,"totalMs":827.6999998092651,"inputSequence":33,"effectiveTic":2945},{"queueAndPostMs":109.19999980926514,"roundTripMs":108.5,"acceptedToConfirmedMs":317.3999996185303,"confirmedToPresentedMs":198.80000019073486,"totalMs":625.3999996185303,"inputSequence":1,"effectiveTic":2394},{"queueAndPostMs":194.30000019073486,"roundTripMs":182.0999994277954,"acceptedToConfirmedMs":69.69999980926514,"confirmedToPresentedMs":343.20000076293945,"totalMs":607.2000007629395,"inputSequence":5,"effectiveTic":2464},{"queueAndPostMs":96.19999980926514,"roundTripMs":96,"acceptedToConfirmedMs":117,"confirmedToPresentedMs":315,"totalMs":528.1999998092651,"inputSequence":14,"effectiveTic":2616}]}
node:internal/modules/run_main:107
    triggerUncaughtException(
    ^

AssertionError [ERR_ASSERTION]: WAN player 0 input/presentation p95 827.7 > 402.9
    at file:///Users/bmarti44/doomdb/tests/verify-p13.5-multiplayer-soak.mjs:1160:14
    at runNextTicks (node:internal/process/task_queues:65:5)
    at process.processImmediate (node:internal/timers:472:9) {
  generatedMessage: false,
  code: 'ERR_ASSERTION',
  actual: false,
  expected: true,
  operator: '==',
  diff: 'simple'
}

Node.js v25.9.0
