PMLE_HOST_QUIESCENCE|PASS|docker_builds=0|compiles=0|verifiers=0
PMLE_WAN_MATRIX|BEGIN|duration=120|warmup=30|profiles_sha256=ced6d7f507b1240bc14d22435f950ba1a5df040cf88a73719b3d935ebbc9190a

Session altered.


Session altered.


Session altered.


Session altered.


Session altered.

PMLE_ENVIRONMENT|cpu_count=2|resource_plan=OLTP_PLAN|cpu_managed=ON|pdb_cpu_count=2|pdb_utilization_limit=3.13|pdb_running_sessions_limit=2|pdb_plan=DEFAULT_CDB_PLAN


Session altered.


Session altered.


Session altered.


Session altered.


Session altered.

PMLE_ARTIFACT|source_bytes=1081335|source_sha256=5ec18cbe4cff7192d384e81d1010e0133d357d44ff17fa65821e1489c4fd1ee3|table_bytes=180272|table_sha256=058cd0df9444131b356762a096fd422d5131ac3aea91163aee056e8ad4965b44

PMLE_WAN_TRANSPORT|long_poll=OFF|hold_ms=0|transport_legs=2|classification=DIAGNOSTIC_NOT_GATE|approval_sha256=NONE|ords_pool_sessions=6|pool_reserve=2|max_held_polls=4|resmgr_running_sessions=2|worker_reserve=1|max_concurrent_poll_returns=1|background_refocus=ON
PMLE_WAN_PROXY|READY|port=18050|upstream_origin_sha256=13afb058b5b6fbfae22724b5c5fce6aa6a1772085daf7386ed7469510c3208f8|rtt_ms=50|jitter_ms=10|seed=351272
PMLE_WAN_PROFILE|BEGIN|name=rtt-50-jitter-10|rtt_ms=50|jitter_ms=10|seed=351272
PMLE_SOAK_STAGE|host_dom_ready
PMLE_SOAK_STAGE|host_name_filled
PMLE_SOAK_STAGE|create_click_begin
PMLE_SOAK_STAGE|create_clicked
PMLE_SOAK_STAGE|host_room_visible
PMLE_SOAK_STAGE|guest_dom_ready
PMLE_SOAK_STAGE|join_clicked
PMLE_SOAK_STAGE|guest_room_visible
PMLE_SOAK_STAGE|both_ready_clicked
PMLE_SOAK_STAGE|both_clients_presenting
PMLE_WAN_BACKGROUND|PASS|profile_rtt_ms=50|hidden_ms=30556.2|checkpoint_tic=1280|leases_after_2s=0|presentations_after_focus=40
PMLE_SOAK_BROWSER_DIAG|slot=0|presented=4069|advanced=4069|confirmed=4067|batches=1192|batch_transitions=4067|resyncs=0|last_resync_at=0
PMLE_WAN_LATENCY_DIAG|slot=0|{"samples":299,"totalP50Ms":180.69999980926514,"totalP90Ms":243,"totalP95Ms":275.69999980926514,"totalMaxMs":1046.6999998092651,"queueAndPostP95Ms":163.19999980926514,"postRoundTripP95Ms":133.69999980926514,"acceptedToConfirmedP95Ms":179.30000019073486,"confirmedToPresentedP95Ms":352.5999994277954,"batchWallP95Ms":119.5,"batchHoldP95Ms":1,"batchCountP95":4,"presentationLagP50Tics":10,"presentationLagP95Tics":12,"presentationLagMaxTics":27,"worst":[{"queueAndPostMs":751.9000005722046,"roundTripMs":747.6999998092651,"acceptedToConfirmedMs":299,"confirmedToPresentedMs":385.8999996185303,"totalMs":1046.6999998092651,"inputSequence":274,"effectiveTic":5502},{"queueAndPostMs":502.80000019073486,"roundTripMs":498.5,"acceptedToConfirmedMs":137.19999980926514,"confirmedToPresentedMs":216.89999961853027,"totalMs":635.6999998092651,"inputSequence":148,"effectiveTic":3407},{"queueAndPostMs":395.6000003814697,"roundTripMs":393.19999980926514,"acceptedToConfirmedMs":68,"confirmedToPresentedMs":342,"totalMs":461.19999980926514,"inputSequence":178,"effectiveTic":3774},{"queueAndPostMs":280.1000003814697,"roundTripMs":277.5999994277954,"acceptedToConfirmedMs":142.69999980926514,"confirmedToPresentedMs":256,"totalMs":420.29999923706055,"inputSequence":162,"effectiveTic":3585},{"queueAndPostMs":284.0999994277954,"roundTripMs":282.19999980926514,"acceptedToConfirmedMs":120.20000076293945,"confirmedToPresentedMs":286.19999980926514,"totalMs":402.4000005722046,"inputSequence":270,"effectiveTic":5435}],"transportLegs":2,"limitMs":467.3999996185303}
PMLE_SOAK_BROWSER_DIAG|slot=1|presented=4069|advanced=4070|confirmed=4067|batches=1165|batch_transitions=4067|resyncs=0|last_resync_at=0
PMLE_WAN_LATENCY_DIAG|slot=1|{"samples":295,"totalP50Ms":183.5,"totalP90Ms":269,"totalP95Ms":440.0999994277954,"totalMaxMs":2710.8999996185303,"queueAndPostP95Ms":173.19999980926514,"postRoundTripP95Ms":128.80000019073486,"acceptedToConfirmedP95Ms":216.5999994277954,"confirmedToPresentedP95Ms":414.69999980926514,"batchWallP95Ms":117.40000057220459,"batchHoldP95Ms":1,"batchCountP95":4,"presentationLagP50Tics":10,"presentationLagP95Tics":17,"presentationLagMaxTics":65,"worst":[{"queueAndPostMs":103.59999942779541,"roundTripMs":102.39999961853027,"acceptedToConfirmedMs":2608.5,"confirmedToPresentedMs":168,"totalMs":2710.8999996185303,"inputSequence":246,"effectiveTic":5411},{"queueAndPostMs":99.30000019073486,"roundTripMs":96,"acceptedToConfirmedMs":2476.7999992370605,"confirmedToPresentedMs":204.70000076293945,"totalMs":2572.7999992370605,"inputSequence":247,"effectiveTic":5418},{"queueAndPostMs":357.5,"roundTripMs":354.19999980926514,"acceptedToConfirmedMs":2085.199999809265,"confirmedToPresentedMs":348.19999980926514,"totalMs":2439.3999996185303,"inputSequence":248,"effectiveTic":5437},{"queueAndPostMs":81.30000019073486,"roundTripMs":79.19999980926514,"acceptedToConfirmedMs":1936.1999998092651,"confirmedToPresentedMs":416.9000005722046,"totalMs":2015.3999996185303,"inputSequence":249,"effectiveTic":5446},{"queueAndPostMs":96.10000038146973,"roundTripMs":92.69999980926514,"acceptedToConfirmedMs":1780.8000001907349,"confirmedToPresentedMs":469.29999923706055,"totalMs":1873.5,"inputSequence":250,"effectiveTic":5453}],"transportLegs":2,"limitMs":457.6000003814697}

Session altered.


Session altered.


Session altered.


Session altered.


Session altered.

SOAK_DB|tic=7225|frames=0|checkpoints=2|commands=14450|bytes=0|disconnectedNeutral=0|deadlineNeutral=0|leftNeutral=0|initialNeutral=167|sampled=9514|neutral=0|worker=READY

SOAK_PLAYER|0|4762|0                                                                                                                                                                                                                                           
SOAK_PLAYER|1|4779|0                                                                                                                                                                                                                                           
PMLE_WAN_GATE|PASS|rtt_ms=50|jitter_ms=10|seconds=120|transport_legs=2|neutral_rate=0.000000/0.000000|players=275.7/109.2/6/6/11/33.1,440.1/108.1/6/6/10/33.2 hiddenMs=30556.2 checkpointTic=1280 leasesAfter2s=0 resumed=1
PASS P13.5-MULTIPLAYER-SOAK seconds=120 warmupSeconds=30 tics=2469/2469-6538/6539 maxLag=30 maxReconnectSeconds=0 resyncs=0/0 frames=0 checkpoints=2 bytes=0 disconnectedNeutral=0 initialNeutral=167 paint999Max=106.3/732.9,69.5/2531.6 resource=MANAGED_ADB_CPU cpuTic=5040/7805 cpuPercent=17.01/15.999 memoryGate=SEPARATE_RETAINED_SESSION_SOAK
PMLE_WAN_PROFILE|PASS|name=rtt-50-jitter-10
PMLE_WAN_PROXY|READY|port=18100|upstream_origin_sha256=13afb058b5b6fbfae22724b5c5fce6aa6a1772085daf7386ed7469510c3208f8|rtt_ms=100|jitter_ms=20|seed=351272
PMLE_WAN_PROFILE|BEGIN|name=rtt-100-jitter-20|rtt_ms=100|jitter_ms=20|seed=351272
PMLE_SOAK_STAGE|host_dom_ready
PMLE_SOAK_STAGE|host_name_filled
PMLE_SOAK_STAGE|create_click_begin
PMLE_SOAK_STAGE|create_clicked
PMLE_SOAK_STAGE|host_room_visible
PMLE_SOAK_STAGE|guest_dom_ready
PMLE_SOAK_STAGE|join_clicked
PMLE_SOAK_STAGE|guest_room_visible
PMLE_SOAK_STAGE|both_ready_clicked
PMLE_SOAK_STAGE|both_clients_presenting
PMLE_WAN_BACKGROUND|PASS|profile_rtt_ms=100|hidden_ms=30613.8|checkpoint_tic=1280|leases_after_2s=0|presentations_after_focus=40
PMLE_SOAK_BROWSER_DIAG|slot=0|presented=4062|advanced=4062|confirmed=4060|batches=783|batch_transitions=4060|resyncs=0|last_resync_at=0
PMLE_WAN_LATENCY_DIAG|slot=0|{"samples":273,"totalP50Ms":265.19999980926514,"totalP90Ms":345.69999980926514,"totalP95Ms":400.19999980926514,"totalMaxMs":710.1999998092651,"queueAndPostP95Ms":242,"postRoundTripP95Ms":185.4000005722046,"acceptedToConfirmedP95Ms":209.60000038146973,"confirmedToPresentedP95Ms":379.80000019073486,"batchWallP95Ms":178.10000038146973,"batchHoldP95Ms":1,"batchCountP95":6,"presentationLagP50Tics":11,"presentationLagP95Tics":13,"presentationLagMaxTics":21,"worst":[{"queueAndPostMs":553.1000003814697,"roundTripMs":551.9000005722046,"acceptedToConfirmedMs":158.29999923706055,"confirmedToPresentedMs":205.30000019073486,"totalMs":710.1999998092651,"inputSequence":173,"effectiveTic":4035},{"queueAndPostMs":144,"roundTripMs":142.89999961853027,"acceptedToConfirmedMs":431.20000076293945,"confirmedToPresentedMs":173.69999980926514,"totalMs":574.1000003814697,"inputSequence":92,"effectiveTic":2817},{"queueAndPostMs":157.10000038146973,"roundTripMs":157,"acceptedToConfirmedMs":413.8999996185303,"confirmedToPresentedMs":173.60000038146973,"totalMs":570.8999996185303,"inputSequence":323,"effectiveTic":6268},{"queueAndPostMs":349.3999996185303,"roundTripMs":348.19999980926514,"acceptedToConfirmedMs":196,"confirmedToPresentedMs":296.6000003814697,"totalMs":544.1999998092651,"inputSequence":336,"effectiveTic":6496},{"queueAndPostMs":155.0999994277954,"roundTripMs":150.80000019073486,"acceptedToConfirmedMs":364.70000076293945,"confirmedToPresentedMs":162.29999923706055,"totalMs":515.5000009536743,"inputSequence":168,"effectiveTic":3970}],"transportLegs":2,"limitMs":627.9428582872663}
PMLE_SOAK_BROWSER_DIAG|slot=1|presented=4062|advanced=4062|confirmed=4059|batches=777|batch_transitions=4059|resyncs=0|last_resync_at=0
PMLE_WAN_LATENCY_DIAG|slot=1|{"samples":298,"totalP50Ms":273.6000003814697,"totalP90Ms":351.70000076293945,"totalP95Ms":390.69999980926514,"totalMaxMs":684.1999998092651,"queueAndPostP95Ms":232.5,"postRoundTripP95Ms":180.5,"acceptedToConfirmedP95Ms":231.20000076293945,"confirmedToPresentedP95Ms":376.80000019073486,"batchWallP95Ms":176.39999961853027,"batchHoldP95Ms":1,"batchCountP95":6,"presentationLagP50Tics":11,"presentationLagP95Tics":13,"presentationLagMaxTics":20,"worst":[{"queueAndPostMs":163.30000019073486,"roundTripMs":159.10000038146973,"acceptedToConfirmedMs":525.0999994277954,"confirmedToPresentedMs":163.60000038146973,"totalMs":684.1999998092651,"inputSequence":223,"effectiveTic":5243},{"queueAndPostMs":137,"roundTripMs":132.39999961853027,"acceptedToConfirmedMs":548.5,"confirmedToPresentedMs":175.19999980926514,"totalMs":680.8999996185303,"inputSequence":125,"effectiveTic":3484},{"queueAndPostMs":363.70000076293945,"roundTripMs":361.5,"acceptedToConfirmedMs":232.29999923706055,"confirmedToPresentedMs":173.4000005722046,"totalMs":593.7999992370605,"inputSequence":168,"effectiveTic":4028},{"queueAndPostMs":128.5999994277954,"roundTripMs":127,"acceptedToConfirmedMs":367.1000003814697,"confirmedToPresentedMs":227.69999980926514,"totalMs":494.1000003814697,"inputSequence":126,"effectiveTic":3493},{"queueAndPostMs":168.5,"roundTripMs":167,"acceptedToConfirmedMs":326.1000003814697,"confirmedToPresentedMs":159.69999980926514,"totalMs":493.1000003814697,"inputSequence":329,"effectiveTic":6472}],"transportLegs":2,"limitMs":618.1428571428571}

Session altered.


Session altered.


Session altered.


Session altered.


Session altered.

SOAK_DB|tic=7287|frames=0|checkpoints=2|commands=14574|bytes=0|disconnectedNeutral=0|deadlineNeutral=0|leftNeutral=0|initialNeutral=162|sampled=9594|neutral=0|worker=READY

SOAK_PLAYER|0|4802|0                                                                                                                                                                                                                                           
SOAK_PLAYER|1|4814|0                                                                                                                                                                                                                                           
PMLE_WAN_GATE|PASS|rtt_ms=100|jitter_ms=20|seconds=120|transport_legs=2|neutral_rate=0.000000/0.000000|players=400.2/166.8/8/6/10/33.1,390.7/166.7/8/6/10/33.2 hiddenMs=30613.8 checkpointTic=1280 leasesAfter2s=0 resumed=1
PASS P13.5-MULTIPLAYER-SOAK seconds=120 warmupSeconds=30 tics=2491/2491-6553/6553 maxLag=17 maxReconnectSeconds=0 resyncs=0/0 frames=0 checkpoints=2 bytes=0 disconnectedNeutral=0 initialNeutral=162 paint999Max=175.9/375.4,118.0/391.4 resource=MANAGED_ADB_CPU cpuTic=5075/7945 cpuPercent=27.615/23.74 memoryGate=SEPARATE_RETAINED_SESSION_SOAK
PMLE_WAN_PROFILE|PASS|name=rtt-100-jitter-20
PMLE_WAN_PROXY|READY|port=18200|upstream_origin_sha256=13afb058b5b6fbfae22724b5c5fce6aa6a1772085daf7386ed7469510c3208f8|rtt_ms=200|jitter_ms=40|seed=351272
PMLE_WAN_PROFILE|BEGIN|name=rtt-200-jitter-40|rtt_ms=200|jitter_ms=40|seed=351272
PMLE_SOAK_STAGE|host_dom_ready
PMLE_SOAK_STAGE|host_name_filled
PMLE_SOAK_STAGE|create_click_begin
PMLE_SOAK_STAGE|create_clicked
PMLE_SOAK_STAGE|host_room_visible
PMLE_SOAK_STAGE|guest_dom_ready
PMLE_SOAK_STAGE|join_clicked
PMLE_SOAK_STAGE|guest_room_visible
PMLE_SOAK_STAGE|both_ready_clicked
PMLE_SOAK_STAGE|both_clients_presenting
PMLE_WAN_BACKGROUND|PASS|profile_rtt_ms=200|hidden_ms=47565.9|checkpoint_tic=2048|leases_after_2s=0|presentations_after_focus=40
PMLE_SOAK_BROWSER_DIAG|slot=0|presented=4005|advanced=4006|confirmed=3999|batches=452|batch_transitions=3996|resyncs=0|last_resync_at=0
PMLE_WAN_LATENCY_DIAG|slot=0|{"samples":278,"totalP50Ms":444.1000003814697,"totalP90Ms":570,"totalP95Ms":616.1999998092651,"totalMaxMs":2029,"queueAndPostP95Ms":469,"postRoundTripP95Ms":305.5999994277954,"acceptedToConfirmedP95Ms":352.5999994277954,"confirmedToPresentedP95Ms":404,"batchWallP95Ms":315.80000019073486,"batchHoldP95Ms":1,"batchCountP95":11,"presentationLagP50Tics":10,"presentationLagP95Tics":15,"presentationLagMaxTics":46,"worst":[{"queueAndPostMs":266.5,"roundTripMs":264.19999980926514,"acceptedToConfirmedMs":1764.8000001907349,"confirmedToPresentedMs":167.5,"totalMs":2029,"inputSequence":232,"effectiveTic":5171},{"queueAndPostMs":212.19999980926514,"roundTripMs":212.0999994277954,"acceptedToConfirmedMs":1462.7000007629395,"confirmedToPresentedMs":294.19999980926514,"totalMs":1674.8000001907349,"inputSequence":233,"effectiveTic":5188},{"queueAndPostMs":216.5,"roundTripMs":215.30000019073486,"acceptedToConfirmedMs":1105.0999994277954,"confirmedToPresentedMs":500.70000076293945,"totalMs":1320.3999996185303,"inputSequence":234,"effectiveTic":5205},{"queueAndPostMs":368.79999923706055,"roundTripMs":365.29999923706055,"acceptedToConfirmedMs":629.2000007629395,"confirmedToPresentedMs":673.2999992370605,"totalMs":994.5,"inputSequence":235,"effectiveTic":5227},{"queueAndPostMs":265.80000019073486,"roundTripMs":265.6000003814697,"acceptedToConfirmedMs":559.3999996185303,"confirmedToPresentedMs":271.1000003814697,"totalMs":825,"inputSequence":202,"effectiveTic":4663}],"transportLegs":2,"limitMs":1021.6285702841623}
node:internal/modules/run_main:107
    triggerUncaughtException(
    ^

AssertionError [ERR_ASSERTION]: WAN player 0 presentation p99 66.4 ms
    at file:///Users/bmarti44/doomdb/tests/verify-p13.5-multiplayer-soak.mjs:1191:14
    at runNextTicks (node:internal/process/task_queues:65:5)
    at process.processImmediate (node:internal/timers:472:9) {
  generatedMessage: false,
  code: 'ERR_ASSERTION',
  actual: false,
  expected: true,
  operator: '==',
  diff: 'simple'
}

Node.js v25.9.0
