PMLE_HOST_QUIESCENCE|PASS|docker_builds=0|compiles=0|verifiers=0
PMLE_WAN_MATRIX|BEGIN|duration=600|warmup=90|profiles_sha256=ced6d7f507b1240bc14d22435f950ba1a5df040cf88a73719b3d935ebbc9190a

Session altered.


Session altered.


Session altered.


Session altered.


Session altered.

PMLE_ENVIRONMENT|cpu_count=2|resource_plan=OLTP_PLAN|cpu_managed=ON|pdb_cpu_count=2|pdb_utilization_limit=3.13|pdb_running_sessions_limit=2|pdb_plan=DEFAULT_CDB_PLAN


Session altered.


Session altered.


Session altered.


Session altered.


Session altered.

PMLE_ARTIFACT|source_bytes=1081335|source_sha256=5ec18cbe4cff7192d384e81d1010e0133d357d44ff17fa65821e1489c4fd1ee3|table_bytes=180272|table_sha256=058cd0df9444131b356762a096fd422d5131ac3aea91163aee056e8ad4965b44

PMLE_WAN_TRANSPORT|long_poll=OFF|hold_ms=0|transport_legs=2|classification=QUALIFICATION|approval_sha256=c0257840d5ec12ea730e8da11d08589c85eef03d989fde6b0533b6da53b2463c|ords_pool_sessions=6|pool_reserve=2|max_held_polls=4|resmgr_running_sessions=2|worker_reserve=1|max_concurrent_poll_returns=1|background_refocus=ON
PMLE_WAN_PROXY|READY|port=18050|upstream_origin_sha256=13afb058b5b6fbfae22724b5c5fce6aa6a1772085daf7386ed7469510c3208f8|rtt_ms=50|jitter_ms=10|seed=351272
PMLE_WAN_PROFILE|BEGIN|name=rtt-50-jitter-10|rtt_ms=50|jitter_ms=10|seed=351272
PMLE_SOAK_STAGE|host_dom_ready
PMLE_SOAK_STAGE|host_name_filled
PMLE_SOAK_STAGE|create_click_begin
PMLE_SOAK_STAGE|create_clicked
PMLE_SOAK_STAGE|host_room_visible
PMLE_SOAK_STAGE|guest_dom_ready
PMLE_SOAK_STAGE|join_clicked
PMLE_SOAK_STAGE|guest_room_visible
PMLE_SOAK_STAGE|both_ready_clicked
PMLE_SOAK_STAGE|both_clients_presenting
PMLE_WAN_BACKGROUND|PASS|profile_rtt_ms=50|hidden_ms=30207.7|checkpoint_tic=1280|leases_after_2s=0|presentations_after_focus=40
node:internal/errors:998
  const err = new Error(message);
              ^

Error: Command failed: /Users/bmarti44/doomdb/scripts/adb-doom-sql.sh -
    at genericNodeError (node:internal/errors:998:15)
    at wrappedFn (node:internal/errors:543:14)
    at checkExecSyncError (node:child_process:925:11)
    at execFileSync (node:child_process:961:15)
    at dbSql (file:///Users/bmarti44/doomdb/tests/verify-p13.5-multiplayer-soak.mjs:106:3)
    at workerMemory (file:///Users/bmarti44/doomdb/tests/verify-p13.5-multiplayer-soak.mjs:154:16)
    at file:///Users/bmarti44/doomdb/tests/verify-p13.5-multiplayer-soak.mjs:992:22 {
  status: 174,
  signal: null,
  output: [
    null,
    '\n' +
      'Session altered.\n' +
      '\n' +
      '\n' +
      'Session altered.\n' +
      '\n' +
      '\n' +
      'Session altered.\n' +
      '\n' +
      '\n' +
      'Session altered.\n' +
      '\n' +
      '\n' +
      'Session altered.\n' +
      '\n' +
      '\n' +
      'Error starting at line : 12 in command -\n' +
      "select 'SOAK_MEM|sessions='||(select count(*) from v$session where sid=w.worker_sid)||'|doomSessions='||(select count(*) from v$session where username='DOOM')||'|pga='||coalesce(max(case when n.name='session pga memory' then s.value end),0)||'|uga='||coalesce(max(case when n.name='session uga memory' then s.value end),0)||'|javaSession='||coalesce(max(case when n.name='java session heap live size' then s.value end),0)||'|javaCall='||coalesce(max(case when n.name='java call heap live size' then s.value end),0)||'|gc='||coalesce(max(case when n.name='java call heap gc count' then s.value end),0) from doom.doom_match_worker_control w left join v$sesstat s on s.sid=w.worker_sid left join v$statname n on n.statistic#=s.statistic# where w.match_id='c55ba7e17f67085dd8d0137bf7a814c9' group by w.worker_sid\n" +
      'Error at Command Line : 12 Column : 56\n' +
      'Error report -\n' +
      'SQL Error: ORA-00942: table or view "SYS"."V_$SESSTAT" does not exist\n' +
      'Help: https://docs.oracle.com/error-help/db/ora-00942/\n' +
      'Rollback\n',
    ''
  ],
  pid: 97289,
  stdout: '\n' +
    'Session altered.\n' +
    '\n' +
    '\n' +
    'Session altered.\n' +
    '\n' +
    '\n' +
    'Session altered.\n' +
    '\n' +
    '\n' +
    'Session altered.\n' +
    '\n' +
    '\n' +
    'Session altered.\n' +
    '\n' +
    '\n' +
    'Error starting at line : 12 in command -\n' +
    "select 'SOAK_MEM|sessions='||(select count(*) from v$session where sid=w.worker_sid)||'|doomSessions='||(select count(*) from v$session where username='DOOM')||'|pga='||coalesce(max(case when n.name='session pga memory' then s.value end),0)||'|uga='||coalesce(max(case when n.name='session uga memory' then s.value end),0)||'|javaSession='||coalesce(max(case when n.name='java session heap live size' then s.value end),0)||'|javaCall='||coalesce(max(case when n.name='java call heap live size' then s.value end),0)||'|gc='||coalesce(max(case when n.name='java call heap gc count' then s.value end),0) from doom.doom_match_worker_control w left join v$sesstat s on s.sid=w.worker_sid left join v$statname n on n.statistic#=s.statistic# where w.match_id='c55ba7e17f67085dd8d0137bf7a814c9' group by w.worker_sid\n" +
    'Error at Command Line : 12 Column : 56\n' +
    'Error report -\n' +
    'SQL Error: ORA-00942: table or view "SYS"."V_$SESSTAT" does not exist\n' +
    'Help: https://docs.oracle.com/error-help/db/ora-00942/\n' +
    'Rollback\n',
  stderr: ''
}

Node.js v25.9.0
