PMLE_HOST_QUIESCENCE|PASS|docker_builds=0|compiles=0|verifiers=0
PMLE_WAN_MATRIX|BEGIN|duration=120|warmup=30|profiles_sha256=ced6d7f507b1240bc14d22435f950ba1a5df040cf88a73719b3d935ebbc9190a

Session altered.


Session altered.


Session altered.


Session altered.


Session altered.

PMLE_ENVIRONMENT|cpu_count=2|resource_plan=OLTP_PLAN|cpu_managed=ON|pdb_cpu_count=2|pdb_utilization_limit=3.13|pdb_running_sessions_limit=2|pdb_plan=DEFAULT_CDB_PLAN


Session altered.


Session altered.


Session altered.


Session altered.


Session altered.

PMLE_ARTIFACT|source_bytes=1081335|source_sha256=5ec18cbe4cff7192d384e81d1010e0133d357d44ff17fa65821e1489c4fd1ee3|table_bytes=180272|table_sha256=058cd0df9444131b356762a096fd422d5131ac3aea91163aee056e8ad4965b44

PMLE_WAN_TRANSPORT|long_poll=OFF|hold_ms=0|transport_legs=2|classification=DIAGNOSTIC_NOT_GATE|approval_sha256=NONE|ords_pool_sessions=6|pool_reserve=2|max_held_polls=4|resmgr_running_sessions=2|worker_reserve=1|max_concurrent_poll_returns=1|background_refocus=ON
PMLE_WAN_PRESENTATION_CONTRACT|max_playout_tics=12|low_rtt_max_selected_tics=6|presentation_lag_p95_overhead_tics=8|confirmed_to_presented_p95_formula=(selected_max+8)*1000/35|presentation_interval_p99_ms=57.143
PMLE_WAN_PROXY|READY|port=18200|upstream_origin_sha256=13afb058b5b6fbfae22724b5c5fce6aa6a1772085daf7386ed7469510c3208f8|rtt_ms=200|jitter_ms=40|seed=351272
PMLE_WAN_PROFILE|BEGIN|name=rtt-200-jitter-40|rtt_ms=200|jitter_ms=40|seed=351272
PMLE_SOAK_STAGE|host_dom_ready
PMLE_SOAK_STAGE|host_name_filled
PMLE_SOAK_STAGE|create_click_begin
PMLE_SOAK_STAGE|create_clicked
PMLE_SOAK_STAGE|host_room_visible
PMLE_SOAK_STAGE|guest_dom_ready
PMLE_SOAK_STAGE|join_clicked
PMLE_SOAK_STAGE|guest_room_visible
PMLE_SOAK_STAGE|both_ready_clicked
PMLE_SOAK_STAGE|both_clients_presenting
PMLE_WAN_BACKGROUND|PASS|profile_rtt_ms=200|hidden_ms=34389.7|checkpoint_tic=1408|leases_after_2s=0|presentations_after_focus=40
