PMLE_HOST_QUIESCENCE|PASS|docker_builds=0|compiles=0|verifiers=0
PMLE_WAN_MATRIX|BEGIN|duration=600|warmup=90|profiles_sha256=ced6d7f507b1240bc14d22435f950ba1a5df040cf88a73719b3d935ebbc9190a

Session altered.


Session altered.


Session altered.


Session altered.


Session altered.

PMLE_ENVIRONMENT|cpu_count=2|resource_plan=OLTP_PLAN|cpu_managed=ON|pdb_cpu_count=2|pdb_utilization_limit=3.13|pdb_running_sessions_limit=2|pdb_plan=DEFAULT_CDB_PLAN


Session altered.


Session altered.


Session altered.


Session altered.


Session altered.

PMLE_ARTIFACT|source_bytes=1081335|source_sha256=5ec18cbe4cff7192d384e81d1010e0133d357d44ff17fa65821e1489c4fd1ee3|table_bytes=180272|table_sha256=058cd0df9444131b356762a096fd422d5131ac3aea91163aee056e8ad4965b44

PMLE_WAN_TRANSPORT|long_poll=OFF|hold_ms=0|transport_legs=2|classification=QUALIFICATION|approval_sha256=c0257840d5ec12ea730e8da11d08589c85eef03d989fde6b0533b6da53b2463c|ords_pool_sessions=6|pool_reserve=2|max_held_polls=4|resmgr_running_sessions=2|worker_reserve=1|max_concurrent_poll_returns=1|background_refocus=ON
PMLE_WAN_PRESENTATION_CONTRACT|max_playout_tics=6|low_rtt_max_selected_tics=6|controller=FREE_CLOCK_CONFIRMED_OCCUPANCY_SETPOINT|setpoint=selected_depth|acceleration_margin_tics=2|deceleration_margin_tics=2|max_decelerated_interval_ms=31.4|presentation_lag_p95_formula=selected_max+batch_count_p95+2|confirmed_to_presented_p95_formula=(selected_max+batch_count_p95+2)*1000/35|presentation_interval_p99_ms=57.143|depth_comparison=DEPTH6_COMPARISON
PMLE_WAN_PROXY|READY|port=18050|upstream_origin_sha256=13afb058b5b6fbfae22724b5c5fce6aa6a1772085daf7386ed7469510c3208f8|rtt_ms=50|jitter_ms=10|seed=351272
PMLE_WAN_PROFILE|BEGIN|name=rtt-50-jitter-10|rtt_ms=50|jitter_ms=10|seed=351272
PMLE_SOAK_STAGE|host_dom_ready
PMLE_SOAK_STAGE|host_name_filled
PMLE_SOAK_STAGE|create_click_begin
PMLE_SOAK_STAGE|create_clicked
PMLE_SOAK_STAGE|host_room_visible
PMLE_SOAK_STAGE|guest_dom_ready
PMLE_SOAK_STAGE|join_clicked
PMLE_SOAK_STAGE|guest_room_visible
PMLE_SOAK_STAGE|both_ready_clicked
PMLE_SOAK_STAGE|both_clients_presenting
PMLE_WAN_BACKGROUND|PASS|profile_rtt_ms=50|hidden_ms=30156.6|checkpoint_tic=1280|leases_after_2s=0|presentations_after_focus=40
PMLE_SOAK_BROWSER_DIAG|slot=0|presented=20237|advanced=20237|confirmed=20240|batches=5953|batch_transitions=20238|resyncs=0|last_resync_at=0
PMLE_WAN_LATENCY_DIAG|slot=0|{"samples":1611,"totalP50Ms":181.39999961853027,"totalP90Ms":234.99999904632568,"totalP95Ms":273.6999988555908,"totalMaxMs":4728.89999961853,"queueAndPostP95Ms":144.39999961853027,"postRoundTripP95Ms":118.5,"acceptedToConfirmedP95Ms":175,"confirmedToPresentedP95Ms":184,"batchWallP95Ms":116.5,"batchHoldP95Ms":1,"batchCountP95":4,"applyBatchWallP95Ms":39.30000019073486,"applyStepMaxP95Ms":2.3999996185302734,"applyStepObservedMaxMs":6,"longTaskCount":1,"longTaskP95Ms":378,"longTaskMaxMs":378,"presentationLagP50Tics":4,"presentationLagP95Tics":6,"presentationLagMaxTics":104,"bufferOccupancyP50Tics":4,"bufferOccupancyP95Tics":6,"bufferOccupancyMinTics":0,"accelerationDutyPercent":3.676434254089045,"decelerationDutyPercent":31.936551860453626,"worst":[{"queueAndPostMs":94.89999961853027,"roundTripMs":91.19999980926514,"acceptedToConfirmedMs":4637.699999809265,"confirmedToPresentedMs":30.90000057220459,"totalMs":4728.89999961853,"inputSequence":1147,"effectiveTic":17394},{"queueAndPostMs":116.80000019073486,"roundTripMs":86.19999980926514,"acceptedToConfirmedMs":4570.300000190735,"confirmedToPresentedMs":73.59999942779541,"totalMs":4656.5,"inputSequence":1148,"effectiveTic":17396},{"queueAndPostMs":134.0999994277954,"roundTripMs":134.0999994277954,"acceptedToConfirmedMs":4155.10000038147,"confirmedToPresentedMs":176.30000019073486,"totalMs":4289.199999809265,"inputSequence":1149,"effectiveTic":17409},{"queueAndPostMs":2743.199999809265,"roundTripMs":2738.5,"acceptedToConfirmedMs":1209.3000001907349,"confirmedToPresentedMs":1239.8000001907349,"totalMs":3947.800000190735,"inputSequence":1153,"effectiveTic":17544},{"queueAndPostMs":87.10000038146973,"roundTripMs":83.69999980926514,"acceptedToConfirmedMs":3848.199999809265,"confirmedToPresentedMs":256.5,"totalMs":3931.8999996185303,"inputSequence":1150,"effectiveTic":17419}],"transportLegs":2,"limitMs":465.57142857142856}
PMLE_WAN_PLAYOUT|OBSERVED|rtt_ms=50|slot=0|desired_p90=5|selected_p90=5|selected_max=6|batch_count_p95=4|presentation_interval_p99_ms=35.1|buffer_occupancy_p50_tics=4|buffer_occupancy_p95_tics=6|buffer_occupancy_min_tics=0|acceleration_duty_percent=3.676|deceleration_duty_percent=31.937|presentation_lag_p95_tics=6|authoritative_display_delay_p95_ms=171.4|presentation_lag_bound_tics=12|confirmed_to_presented_p95_ms=184.0|confirmed_to_presented_bound_ms=342.9
PMLE_WAN_PLAYOUT|PASS|rtt_ms=50|slot=0|desired_p90=5|selected_p90=5|selected_max=6|batch_count_p95=4|presentation_interval_p99_ms=35.1|buffer_occupancy_p50_tics=4|buffer_occupancy_p95_tics=6|buffer_occupancy_min_tics=0|acceleration_duty_percent=3.676|deceleration_duty_percent=31.937|presentation_lag_p95_tics=6|authoritative_display_delay_p95_ms=171.4|presentation_lag_bound_tics=12|confirmed_to_presented_p95_ms=184.0|confirmed_to_presented_bound_ms=342.9
PMLE_SOAK_BROWSER_DIAG|slot=1|presented=20236|advanced=20236|confirmed=20236|batches=5934|batch_transitions=20235|resyncs=0|last_resync_at=0
PMLE_WAN_LATENCY_DIAG|slot=1|{"samples":1628,"totalP50Ms":182.19999980926514,"totalP90Ms":238,"totalP95Ms":280.30000019073486,"totalMaxMs":3683.300000190735,"queueAndPostP95Ms":156.60000038146973,"postRoundTripP95Ms":119.40000057220459,"acceptedToConfirmedP95Ms":174.30000019073486,"confirmedToPresentedP95Ms":180.30000019073486,"batchWallP95Ms":117.40000057220459,"batchHoldP95Ms":1,"batchCountP95":4,"applyBatchWallP95Ms":41.19999980926514,"applyStepMaxP95Ms":2.8999996185302734,"applyStepObservedMaxMs":6,"longTaskCount":1,"longTaskP95Ms":380,"longTaskMaxMs":380,"presentationLagP50Tics":4,"presentationLagP95Tics":6,"presentationLagMaxTics":83,"bufferOccupancyP50Tics":4,"bufferOccupancyP95Tics":6,"bufferOccupancyMinTics":0,"accelerationDutyPercent":3.048870880071157,"decelerationDutyPercent":32.05020506992143,"worst":[{"queueAndPostMs":98.59999942779541,"roundTripMs":97.39999961853027,"acceptedToConfirmedMs":3585.9000005722046,"confirmedToPresentedMs":71.09999942779541,"totalMs":3683.300000190735,"inputSequence":1129,"effectiveTic":17423},{"queueAndPostMs":105.80000019073486,"roundTripMs":102.69999980926514,"acceptedToConfirmedMs":3238.199999809265,"confirmedToPresentedMs":194,"totalMs":3340.8999996185303,"inputSequence":1130,"effectiveTic":17440},{"queueAndPostMs":93.89999961853027,"roundTripMs":90.39999961853027,"acceptedToConfirmedMs":3050.300000190735,"confirmedToPresentedMs":268.19999980926514,"totalMs":3140.699999809265,"inputSequence":1131,"effectiveTic":17449},{"queueAndPostMs":95.40000057220459,"roundTripMs":92.89999961853027,"acceptedToConfirmedMs":2906.699999809265,"confirmedToPresentedMs":327.8999996185303,"totalMs":2999.5999994277954,"inputSequence":1132,"effectiveTic":17458},{"queueAndPostMs":532.3000001907349,"roundTripMs":532.1000003814697,"acceptedToConfirmedMs":2106.3999996185303,"confirmedToPresentedMs":448,"totalMs":2638.5,"inputSequence":1133,"effectiveTic":17474}],"transportLegs":2,"limitMs":438.8000011444092}
PMLE_WAN_PLAYOUT|OBSERVED|rtt_ms=50|slot=1|desired_p90=5|selected_p90=5|selected_max=6|batch_count_p95=4|presentation_interval_p99_ms=35.1|buffer_occupancy_p50_tics=4|buffer_occupancy_p95_tics=6|buffer_occupancy_min_tics=0|acceleration_duty_percent=3.049|deceleration_duty_percent=32.050|presentation_lag_p95_tics=6|authoritative_display_delay_p95_ms=171.4|presentation_lag_bound_tics=12|confirmed_to_presented_p95_ms=180.3|confirmed_to_presented_bound_ms=342.9
PMLE_WAN_PLAYOUT|PASS|rtt_ms=50|slot=1|desired_p90=5|selected_p90=5|selected_max=6|batch_count_p95=4|presentation_interval_p99_ms=35.1|buffer_occupancy_p50_tics=4|buffer_occupancy_p95_tics=6|buffer_occupancy_min_tics=0|acceleration_duty_percent=3.049|deceleration_duty_percent=32.050|presentation_lag_p95_tics=6|authoritative_display_delay_p95_ms=171.4|presentation_lag_bound_tics=12|confirmed_to_presented_p95_ms=180.3|confirmed_to_presented_bound_ms=342.9

Session altered.


Session altered.


Session altered.


Session altered.


Session altered.

SOAK_DB|tic=25599|frames=0|checkpoints=2|commands=51200|bytes=0|disconnectedNeutral=0|deadlineNeutral=0|leftNeutral=0|initialNeutral=167|sampled=42386|neutral=0|worker=READY

SOAK_PLAYER|0|21194|0                                                                                                                                                                                                                                          
SOAK_PLAYER|1|21211|0                                                                                                                                                                                                                                          
PMLE_WAN_GATE|PASS|rtt_ms=50|jitter_ms=10|seconds=600|transport_legs=2|neutral_rate=0.000000/0.000000|players=273.7/108.6/7/6/5/5/50/35.1,280.3/108.2/6/6/5/5/54/35.1 hiddenMs=30156.6 checkpointTic=1280 leasesAfter2s=0 resumed=1
PASS P13.5-MULTIPLAYER-SOAK seconds=600 warmupSeconds=90 tics=4408/4408-24645/24644 maxLag=16 maxReconnectSeconds=0 resyncs=0/0 frames=0 checkpoints=2 bytes=0 disconnectedNeutral=0 initialNeutral=167 paint999Max=127.0/4456.8,132.9/3510.5 resource=MANAGED_ADB_CPU cpuTic=6965/26180 cpuPercent=18.942/13.976 doomSessions=25/21 ordsSessionGrowthCap=6 memoryGate=SEPARATE_RETAINED_SESSION_SOAK
PMLE_WAN_PROFILE|PASS|name=rtt-50-jitter-10
PMLE_WAN_PROXY|READY|port=18100|upstream_origin_sha256=13afb058b5b6fbfae22724b5c5fce6aa6a1772085daf7386ed7469510c3208f8|rtt_ms=100|jitter_ms=20|seed=351272
PMLE_WAN_PROFILE|BEGIN|name=rtt-100-jitter-20|rtt_ms=100|jitter_ms=20|seed=351272
PMLE_SOAK_STAGE|host_dom_ready
PMLE_SOAK_STAGE|host_name_filled
PMLE_SOAK_STAGE|create_click_begin
PMLE_SOAK_STAGE|create_clicked
PMLE_SOAK_STAGE|host_room_visible
PMLE_SOAK_STAGE|guest_dom_ready
PMLE_SOAK_STAGE|join_clicked
PMLE_SOAK_STAGE|guest_room_visible
PMLE_SOAK_STAGE|both_ready_clicked
PMLE_SOAK_STAGE|both_clients_presenting
PMLE_WAN_BACKGROUND|PASS|profile_rtt_ms=100|hidden_ms=30262.2|checkpoint_tic=1280|leases_after_2s=0|presentations_after_focus=40
node:internal/modules/run_main:107
    triggerUncaughtException(
    ^

AssertionError [ERR_ASSERTION]: soak confirmed presentation buffer exceeded bound: COOP · PLAYER 2 · TIC 8609 · CONFIRMED 8694 · SERVER 8710
62.4 FPS · lead 8 · playout 6 · confirmed-only
    at file:///Users/bmarti44/doomdb/tests/verify-p13.5-multiplayer-soak.mjs:1029:16 {
  generatedMessage: false,
  code: 'ERR_ASSERTION',
  actual: false,
  expected: true,
  operator: '==',
  diff: 'simple'
}

Node.js v25.9.0
