PMLE_WAN_PROXY|READY|port=18100|upstream_origin_sha256=13afb058b5b6fbfae22724b5c5fce6aa6a1772085daf7386ed7469510c3208f8|rtt_ms=100|jitter_ms=20|seed=351272
PMLE_WAN_PROFILE|BEGIN|name=rtt-100-jitter-20|rtt_ms=100|jitter_ms=20|seed=351272
PMLE_SOAK_STAGE|host_dom_ready
PMLE_SOAK_STAGE|host_name_filled
PMLE_SOAK_STAGE|create_click_begin
PMLE_SOAK_STAGE|create_clicked
PMLE_SOAK_STAGE|host_room_visible
PMLE_SOAK_STAGE|guest_dom_ready
PMLE_SOAK_STAGE|join_clicked
PMLE_SOAK_STAGE|guest_room_visible
PMLE_SOAK_STAGE|both_ready_clicked
PMLE_SOAK_STAGE|both_clients_presenting
PMLE_WAN_BACKGROUND|PASS|profile_rtt_ms=100|hidden_ms=30613.8|checkpoint_tic=1280|leases_after_2s=0|presentations_after_focus=40
PMLE_SOAK_BROWSER_DIAG|slot=0|presented=4062|advanced=4062|confirmed=4060|batches=783|batch_transitions=4060|resyncs=0|last_resync_at=0
PMLE_WAN_LATENCY_DIAG|slot=0|{"samples":273,"totalP50Ms":265.19999980926514,"totalP90Ms":345.69999980926514,"totalP95Ms":400.19999980926514,"totalMaxMs":710.1999998092651,"queueAndPostP95Ms":242,"postRoundTripP95Ms":185.4000005722046,"acceptedToConfirmedP95Ms":209.60000038146973,"confirmedToPresentedP95Ms":379.80000019073486,"batchWallP95Ms":178.10000038146973,"batchHoldP95Ms":1,"batchCountP95":6,"presentationLagP50Tics":11,"presentationLagP95Tics":13,"presentationLagMaxTics":21,"worst":[{"queueAndPostMs":553.1000003814697,"roundTripMs":551.9000005722046,"acceptedToConfirmedMs":158.29999923706055,"confirmedToPresentedMs":205.30000019073486,"totalMs":710.1999998092651,"inputSequence":173,"effectiveTic":4035},{"queueAndPostMs":144,"roundTripMs":142.89999961853027,"acceptedToConfirmedMs":431.20000076293945,"confirmedToPresentedMs":173.69999980926514,"totalMs":574.1000003814697,"inputSequence":92,"effectiveTic":2817},{"queueAndPostMs":157.10000038146973,"roundTripMs":157,"acceptedToConfirmedMs":413.8999996185303,"confirmedToPresentedMs":173.60000038146973,"totalMs":570.8999996185303,"inputSequence":323,"effectiveTic":6268},{"queueAndPostMs":349.3999996185303,"roundTripMs":348.19999980926514,"acceptedToConfirmedMs":196,"confirmedToPresentedMs":296.6000003814697,"totalMs":544.1999998092651,"inputSequence":336,"effectiveTic":6496},{"queueAndPostMs":155.0999994277954,"roundTripMs":150.80000019073486,"acceptedToConfirmedMs":364.70000076293945,"confirmedToPresentedMs":162.29999923706055,"totalMs":515.5000009536743,"inputSequence":168,"effectiveTic":3970}],"transportLegs":2,"limitMs":627.9428582872663}
PMLE_SOAK_BROWSER_DIAG|slot=1|presented=4062|advanced=4062|confirmed=4059|batches=777|batch_transitions=4059|resyncs=0|last_resync_at=0
PMLE_WAN_LATENCY_DIAG|slot=1|{"samples":298,"totalP50Ms":273.6000003814697,"totalP90Ms":351.70000076293945,"totalP95Ms":390.69999980926514,"totalMaxMs":684.1999998092651,"queueAndPostP95Ms":232.5,"postRoundTripP95Ms":180.5,"acceptedToConfirmedP95Ms":231.20000076293945,"confirmedToPresentedP95Ms":376.80000019073486,"batchWallP95Ms":176.39999961853027,"batchHoldP95Ms":1,"batchCountP95":6,"presentationLagP50Tics":11,"presentationLagP95Tics":13,"presentationLagMaxTics":20,"worst":[{"queueAndPostMs":163.30000019073486,"roundTripMs":159.10000038146973,"acceptedToConfirmedMs":525.0999994277954,"confirmedToPresentedMs":163.60000038146973,"totalMs":684.1999998092651,"inputSequence":223,"effectiveTic":5243},{"queueAndPostMs":137,"roundTripMs":132.39999961853027,"acceptedToConfirmedMs":548.5,"confirmedToPresentedMs":175.19999980926514,"totalMs":680.8999996185303,"inputSequence":125,"effectiveTic":3484},{"queueAndPostMs":363.70000076293945,"roundTripMs":361.5,"acceptedToConfirmedMs":232.29999923706055,"confirmedToPresentedMs":173.4000005722046,"totalMs":593.7999992370605,"inputSequence":168,"effectiveTic":4028},{"queueAndPostMs":128.5999994277954,"roundTripMs":127,"acceptedToConfirmedMs":367.1000003814697,"confirmedToPresentedMs":227.69999980926514,"totalMs":494.1000003814697,"inputSequence":126,"effectiveTic":3493},{"queueAndPostMs":168.5,"roundTripMs":167,"acceptedToConfirmedMs":326.1000003814697,"confirmedToPresentedMs":159.69999980926514,"totalMs":493.1000003814697,"inputSequence":329,"effectiveTic":6472}],"transportLegs":2,"limitMs":618.1428571428571}

Session altered.


Session altered.


Session altered.


Session altered.


Session altered.

SOAK_DB|tic=7287|frames=0|checkpoints=2|commands=14574|bytes=0|disconnectedNeutral=0|deadlineNeutral=0|leftNeutral=0|initialNeutral=162|sampled=9594|neutral=0|worker=READY

SOAK_PLAYER|0|4802|0                                                                                                                                                                                                                                           
SOAK_PLAYER|1|4814|0                                                                                                                                                                                                                                           
PMLE_WAN_GATE|PASS|rtt_ms=100|jitter_ms=20|seconds=120|transport_legs=2|neutral_rate=0.000000/0.000000|players=400.2/166.8/8/6/10/33.1,390.7/166.7/8/6/10/33.2 hiddenMs=30613.8 checkpointTic=1280 leasesAfter2s=0 resumed=1
PASS P13.5-MULTIPLAYER-SOAK seconds=120 warmupSeconds=30 tics=2491/2491-6553/6553 maxLag=17 maxReconnectSeconds=0 resyncs=0/0 frames=0 checkpoints=2 bytes=0 disconnectedNeutral=0 initialNeutral=162 paint999Max=175.9/375.4,118.0/391.4 resource=MANAGED_ADB_CPU cpuTic=5075/7945 cpuPercent=27.615/23.74 memoryGate=SEPARATE_RETAINED_SESSION_SOAK
PMLE_WAN_PROFILE|PASS|name=rtt-100-jitter-20
