PMLE_WAN_PROXY|READY|port=18050|upstream_origin_sha256=13afb058b5b6fbfae22724b5c5fce6aa6a1772085daf7386ed7469510c3208f8|rtt_ms=50|jitter_ms=10|seed=351272
PMLE_WAN_PROFILE|BEGIN|name=rtt-50-jitter-10|rtt_ms=50|jitter_ms=10|seed=351272
PMLE_SOAK_STAGE|host_dom_ready
PMLE_SOAK_STAGE|host_name_filled
PMLE_SOAK_STAGE|create_click_begin
PMLE_SOAK_STAGE|create_clicked
PMLE_SOAK_STAGE|host_room_visible
PMLE_SOAK_STAGE|guest_dom_ready
PMLE_SOAK_STAGE|join_clicked
PMLE_SOAK_STAGE|guest_room_visible
PMLE_SOAK_STAGE|both_ready_clicked
PMLE_SOAK_STAGE|both_clients_presenting
PMLE_WAN_BACKGROUND|PASS|profile_rtt_ms=50|hidden_ms=30207.7|checkpoint_tic=1280|leases_after_2s=0|presentations_after_focus=40
node:internal/errors:998
  const err = new Error(message);
              ^

Error: Command failed: /Users/bmarti44/doomdb/scripts/adb-doom-sql.sh -
    at genericNodeError (node:internal/errors:998:15)
    at wrappedFn (node:internal/errors:543:14)
    at checkExecSyncError (node:child_process:925:11)
    at execFileSync (node:child_process:961:15)
    at dbSql (file:///Users/bmarti44/doomdb/tests/verify-p13.5-multiplayer-soak.mjs:106:3)
    at workerMemory (file:///Users/bmarti44/doomdb/tests/verify-p13.5-multiplayer-soak.mjs:154:16)
    at file:///Users/bmarti44/doomdb/tests/verify-p13.5-multiplayer-soak.mjs:992:22 {
  status: 174,
  signal: null,
  output: [
    null,
    '\n' +
      'Session altered.\n' +
      '\n' +
      '\n' +
      'Session altered.\n' +
      '\n' +
      '\n' +
      'Session altered.\n' +
      '\n' +
      '\n' +
      'Session altered.\n' +
      '\n' +
      '\n' +
      'Session altered.\n' +
      '\n' +
      '\n' +
      'Error starting at line : 12 in command -\n' +
      "select 'SOAK_MEM|sessions='||(select count(*) from v$session where sid=w.worker_sid)||'|doomSessions='||(select count(*) from v$session where username='DOOM')||'|pga='||coalesce(max(case when n.name='session pga memory' then s.value end),0)||'|uga='||coalesce(max(case when n.name='session uga memory' then s.value end),0)||'|javaSession='||coalesce(max(case when n.name='java session heap live size' then s.value end),0)||'|javaCall='||coalesce(max(case when n.name='java call heap live size' then s.value end),0)||'|gc='||coalesce(max(case when n.name='java call heap gc count' then s.value end),0) from doom.doom_match_worker_control w left join v$sesstat s on s.sid=w.worker_sid left join v$statname n on n.statistic#=s.statistic# where w.match_id='c55ba7e17f67085dd8d0137bf7a814c9' group by w.worker_sid\n" +
      'Error at Command Line : 12 Column : 56\n' +
      'Error report -\n' +
      'SQL Error: ORA-00942: table or view "SYS"."V_$SESSTAT" does not exist\n' +
      'Help: https://docs.oracle.com/error-help/db/ora-00942/\n' +
      'Rollback\n',
    ''
  ],
  pid: 97289,
  stdout: '\n' +
    'Session altered.\n' +
    '\n' +
    '\n' +
    'Session altered.\n' +
    '\n' +
    '\n' +
    'Session altered.\n' +
    '\n' +
    '\n' +
    'Session altered.\n' +
    '\n' +
    '\n' +
    'Session altered.\n' +
    '\n' +
    '\n' +
    'Error starting at line : 12 in command -\n' +
    "select 'SOAK_MEM|sessions='||(select count(*) from v$session where sid=w.worker_sid)||'|doomSessions='||(select count(*) from v$session where username='DOOM')||'|pga='||coalesce(max(case when n.name='session pga memory' then s.value end),0)||'|uga='||coalesce(max(case when n.name='session uga memory' then s.value end),0)||'|javaSession='||coalesce(max(case when n.name='java session heap live size' then s.value end),0)||'|javaCall='||coalesce(max(case when n.name='java call heap live size' then s.value end),0)||'|gc='||coalesce(max(case when n.name='java call heap gc count' then s.value end),0) from doom.doom_match_worker_control w left join v$sesstat s on s.sid=w.worker_sid left join v$statname n on n.statistic#=s.statistic# where w.match_id='c55ba7e17f67085dd8d0137bf7a814c9' group by w.worker_sid\n" +
    'Error at Command Line : 12 Column : 56\n' +
    'Error report -\n' +
    'SQL Error: ORA-00942: table or view "SYS"."V_$SESSTAT" does not exist\n' +
    'Help: https://docs.oracle.com/error-help/db/ora-00942/\n' +
    'Rollback\n',
  stderr: ''
}

Node.js v25.9.0
