PMLE_WAN_PROXY|READY|port=18050|upstream_origin_sha256=13afb058b5b6fbfae22724b5c5fce6aa6a1772085daf7386ed7469510c3208f8|rtt_ms=50|jitter_ms=10|seed=351272
PMLE_WAN_PROFILE|BEGIN|name=rtt-50-jitter-10|rtt_ms=50|jitter_ms=10|seed=351272
PMLE_SOAK_STAGE|host_dom_ready
PMLE_SOAK_STAGE|host_name_filled
PMLE_SOAK_STAGE|create_click_begin
PMLE_SOAK_STAGE|create_clicked
PMLE_SOAK_STAGE|host_room_visible
PMLE_SOAK_STAGE|guest_dom_ready
PMLE_SOAK_STAGE|join_clicked
PMLE_SOAK_STAGE|guest_room_visible
PMLE_SOAK_STAGE|both_ready_clicked
PMLE_SOAK_STAGE|both_clients_presenting
PMLE_WAN_BACKGROUND|PASS|profile_rtt_ms=50|hidden_ms=30019.6|checkpoint_tic=1408|leases_after_2s=0|presentations_after_focus=40
PMLE_SOAK_BROWSER_DIAG|slot=0|presented=20243|advanced=20243|confirmed=20246|batches=5967|batch_transitions=20241|resyncs=0|last_resync_at=0
PMLE_WAN_LATENCY_DIAG|slot=0|{"samples":1622,"totalP50Ms":186.5,"totalP90Ms":261.8999996185303,"totalP95Ms":330.5000009536743,"totalMaxMs":1945.5,"queueAndPostP95Ms":173,"postRoundTripP95Ms":128.60000038146973,"acceptedToConfirmedP95Ms":193.19999980926514,"confirmedToPresentedP95Ms":353.0999994277954,"batchWallP95Ms":115.39999961853027,"batchHoldP95Ms":1,"batchCountP95":4,"presentationLagP50Tics":10,"presentationLagP95Tics":12,"presentationLagMaxTics":14,"worst":[{"queueAndPostMs":996.5,"roundTripMs":993.0999994277954,"acceptedToConfirmedMs":952.4000005722046,"confirmedToPresentedMs":207.39999961853027,"totalMs":1945.5,"inputSequence":415,"effectiveTic":8429},{"queueAndPostMs":84.39999961853027,"roundTripMs":82.09999942779541,"acceptedToConfirmedMs":1650.1000003814697,"confirmedToPresentedMs":183.10000038146973,"totalMs":1732.1999998092651,"inputSequence":413,"effectiveTic":8376},{"queueAndPostMs":92.09999942779541,"roundTripMs":88.80000019073486,"acceptedToConfirmedMs":1399.6000003814697,"confirmedToPresentedMs":190.89999961853027,"totalMs":1488.4000005722046,"inputSequence":414,"effectiveTic":8393},{"queueAndPostMs":720.5,"roundTripMs":717.3000001907349,"acceptedToConfirmedMs":698.1999998092651,"confirmedToPresentedMs":209.4000005722046,"totalMs":1415.5,"inputSequence":158,"effectiveTic":4885},{"queueAndPostMs":88.19999980926514,"roundTripMs":83.69999980926514,"acceptedToConfirmedMs":1250,"confirmedToPresentedMs":184.60000038146973,"totalMs":1333.6999998092651,"inputSequence":918,"effectiveTic":14537}],"transportLegs":2,"limitMs":485.771429334368}
PMLE_SOAK_BROWSER_DIAG|slot=1|presented=20242|advanced=20242|confirmed=20245|batches=5936|batch_transitions=20241|resyncs=0|last_resync_at=0
PMLE_WAN_LATENCY_DIAG|slot=1|{"samples":1627,"totalP50Ms":189.79999923706055,"totalP90Ms":269.69999980926514,"totalP95Ms":331.20000076293945,"totalMaxMs":1665.6999998092651,"queueAndPostP95Ms":163.4000005722046,"postRoundTripP95Ms":122.39999961853027,"acceptedToConfirmedP95Ms":203,"confirmedToPresentedP95Ms":354.69999980926514,"batchWallP95Ms":117.09999942779541,"batchHoldP95Ms":1,"batchCountP95":4,"presentationLagP50Tics":10,"presentationLagP95Tics":12,"presentationLagMaxTics":14,"worst":[{"queueAndPostMs":1084,"roundTripMs":1081.6000003814697,"acceptedToConfirmedMs":584.0999994277954,"confirmedToPresentedMs":211.9000005722046,"totalMs":1665.6999998092651,"inputSequence":127,"effectiveTic":4886},{"queueAndPostMs":88.80000019073486,"roundTripMs":86.39999961853027,"acceptedToConfirmedMs":1048.3999996185303,"confirmedToPresentedMs":185.5,"totalMs":1134.7999992370605,"inputSequence":372,"effectiveTic":8358},{"queueAndPostMs":213.80000019073486,"roundTripMs":208.4000005722046,"acceptedToConfirmedMs":765.5999994277954,"confirmedToPresentedMs":199.69999980926514,"totalMs":974,"inputSequence":889,"effectiveTic":14599},{"queueAndPostMs":100.79999923706055,"roundTripMs":97.69999980926514,"acceptedToConfirmedMs":815.8000001907349,"confirmedToPresentedMs":210.69999980926514,"totalMs":913.5,"inputSequence":373,"effectiveTic":8376},{"queueAndPostMs":86.5,"roundTripMs":86,"acceptedToConfirmedMs":794.6999998092651,"confirmedToPresentedMs":168.80000019073486,"totalMs":880.6999998092651,"inputSequence":664,"effectiveTic":11865}],"transportLegs":2,"limitMs":501.9428563799177}

Session altered.


Session altered.


Session altered.


Session altered.


Session altered.

SOAK_DB|tic=25636|frames=0|checkpoints=2|commands=51274|bytes=0|disconnectedNeutral=0|deadlineNeutral=0|leftNeutral=0|initialNeutral=164|sampled=42272|neutral=0|worker=READY

SOAK_PLAYER|0|21140|0                                                                                                                                                                                                                                          
SOAK_PLAYER|1|21158|0                                                                                                                                                                                                                                          
PMLE_WAN_GATE|PASS|rtt_ms=50|jitter_ms=10|seconds=600|transport_legs=2|neutral_rate=0.000000/0.000000|players=330.5/107.2/7/6/53/33.1,331.2/107.1/8/6/54/33.2 hiddenMs=30019.6 checkpointTic=1408 leasesAfter2s=0 resumed=1
PASS P13.5-MULTIPLAYER-SOAK seconds=600 warmupSeconds=90 tics=4503/4502-24746/24744 maxLag=28 maxReconnectSeconds=0 resyncs=0/0 frames=0 checkpoints=2 bytes=0 disconnectedNeutral=0 initialNeutral=164 paint999Max=177.9/1465.8,140.3/1006.4 resource=MANAGED_ADB_CPU cpuTic=7070/26250 cpuPercent=34.622/28.19 memoryGate=SEPARATE_RETAINED_SESSION_SOAK
PMLE_WAN_PROFILE|PASS|name=rtt-50-jitter-10
