PMLE_WAN_PROXY|READY|port=18050|upstream_origin_sha256=13afb058b5b6fbfae22724b5c5fce6aa6a1772085daf7386ed7469510c3208f8|rtt_ms=50|jitter_ms=10|seed=351272
PMLE_WAN_PROFILE|BEGIN|name=rtt-50-jitter-10|rtt_ms=50|jitter_ms=10|seed=351272
PMLE_SOAK_STAGE|host_dom_ready
PMLE_SOAK_STAGE|host_name_filled
PMLE_SOAK_STAGE|create_click_begin
PMLE_SOAK_STAGE|create_clicked
PMLE_SOAK_STAGE|host_room_visible
PMLE_SOAK_STAGE|guest_dom_ready
PMLE_SOAK_STAGE|join_clicked
PMLE_SOAK_STAGE|guest_room_visible
PMLE_SOAK_STAGE|both_ready_clicked
PMLE_SOAK_STAGE|both_clients_presenting
PMLE_WAN_BACKGROUND|PASS|profile_rtt_ms=50|hidden_ms=30397.3|checkpoint_tic=1280|leases_after_2s=0|presentations_after_focus=40
PMLE_SOAK_BROWSER_DIAG|slot=0|presented=20335|advanced=20335|confirmed=20331|batches=3678|batch_transitions=20331|resyncs=0|last_resync_at=0
PMLE_WAN_LATENCY_DIAG|slot=0|{"samples":1624,"totalP50Ms":310.5999994277954,"totalP90Ms":451.69999980926514,"totalP95Ms":505.6000003814697,"totalMaxMs":5152.60000038147,"queueAndPostP95Ms":163.80000019073486,"postRoundTripP95Ms":122.5,"acceptedToConfirmedP95Ms":395.79999923706055,"confirmedToPresentedP95Ms":370.5,"batchWallP95Ms":113.10000038146973,"batchHoldP95Ms":1,"batchCountP95":13,"presentationLagP50Tics":11,"presentationLagP95Tics":14,"presentationLagMaxTics":14,"worst":[{"queueAndPostMs":3245.8999996185303,"roundTripMs":3244,"acceptedToConfirmedMs":1908.6000003814697,"confirmedToPresentedMs":218.79999923706055,"totalMs":5152.60000038147,"inputSequence":238,"effectiveTic":5983},{"queueAndPostMs":2840.5,"roundTripMs":2837,"acceptedToConfirmedMs":1732,"confirmedToPresentedMs":215.9000005722046,"totalMs":4569,"inputSequence":307,"effectiveTic":7297},{"queueAndPostMs":2292.2000007629395,"roundTripMs":2287.300000190735,"acceptedToConfirmedMs":1410.6999998092651,"confirmedToPresentedMs":216,"totalMs":3698,"inputSequence":1580,"effectiveTic":22723},{"queueAndPostMs":1292.6000003814697,"roundTripMs":1292.4000005722046,"acceptedToConfirmedMs":864.2999992370605,"confirmedToPresentedMs":220.20000076293945,"totalMs":2156.699999809265,"inputSequence":979,"effectiveTic":15368},{"queueAndPostMs":323.8999996185303,"roundTripMs":88.39999961853027,"acceptedToConfirmedMs":1862.6999998092651,"confirmedToPresentedMs":218.19999980926514,"totalMs":1951.0999994277954,"inputSequence":239,"effectiveTic":5986}],"transportLegs":2,"limitMs":587.8571428571429}
node:internal/modules/run_main:107
    triggerUncaughtException(
    ^

AssertionError [ERR_ASSERTION]: WAN player 0 presentation p99 122.5 ms
    at file:///Users/bmarti44/doomdb/tests/verify-p13.5-multiplayer-soak.mjs:1191:14
    at runNextTicks (node:internal/process/task_queues:65:5)
    at process.processImmediate (node:internal/timers:472:9) {
  generatedMessage: false,
  code: 'ERR_ASSERTION',
  actual: false,
  expected: true,
  operator: '==',
  diff: 'simple'
}

Node.js v25.9.0
