PMLE_WAN_PROXY|READY|port=18050|upstream_origin_sha256=13afb058b5b6fbfae22724b5c5fce6aa6a1772085daf7386ed7469510c3208f8|rtt_ms=50|jitter_ms=10|seed=351272
PMLE_WAN_PROFILE|BEGIN|name=rtt-50-jitter-10|rtt_ms=50|jitter_ms=10|seed=351272
PMLE_SOAK_STAGE|host_dom_ready
PMLE_SOAK_STAGE|host_name_filled
PMLE_SOAK_STAGE|create_click_begin
PMLE_SOAK_STAGE|create_clicked
PMLE_SOAK_STAGE|host_room_visible
PMLE_SOAK_STAGE|guest_dom_ready
PMLE_SOAK_STAGE|join_clicked
PMLE_SOAK_STAGE|guest_room_visible
PMLE_SOAK_STAGE|both_ready_clicked
PMLE_SOAK_STAGE|both_clients_presenting
PMLE_WAN_BACKGROUND|PASS|profile_rtt_ms=50|hidden_ms=30476.8|checkpoint_tic=1280|leases_after_2s=0|presentations_after_focus=40
PMLE_SOAK_BROWSER_DIAG|slot=0|presented=20236|advanced=20237|confirmed=20235|batches=5914|batch_transitions=20233|resyncs=0|last_resync_at=0
PMLE_WAN_LATENCY_DIAG|slot=0|{"samples":1607,"totalP50Ms":182.4000005722046,"totalP90Ms":240.19999980926514,"totalP95Ms":292.9000005722046,"totalMaxMs":2707.5,"queueAndPostP95Ms":149.80000019073486,"postRoundTripP95Ms":118.19999980926514,"acceptedToConfirmedP95Ms":179.5999994277954,"confirmedToPresentedP95Ms":186.69999980926514,"batchWallP95Ms":118.19999980926514,"batchHoldP95Ms":1,"batchCountP95":4,"applyBatchWallP95Ms":39.30000019073486,"applyStepMaxP95Ms":2.3000001907348633,"applyStepObservedMaxMs":5.699999809265137,"longTaskCount":1,"longTaskP95Ms":402,"longTaskMaxMs":402,"presentationLagP50Tics":4,"presentationLagP95Tics":7,"presentationLagMaxTics":66,"bufferOccupancyP50Tics":4,"bufferOccupancyP95Tics":7,"bufferOccupancyMinTics":0,"occupancyExcursionMaxMs":0,"accelerationDutyPercent":3.725848692988091,"decelerationDutyPercent":30.177397835647575,"worst":[{"queueAndPostMs":2210,"roundTripMs":2206.5,"acceptedToConfirmedMs":501,"confirmedToPresentedMs":416.69999980926514,"totalMs":2707.5,"inputSequence":144,"effectiveTic":4715},{"queueAndPostMs":102.19999980926514,"roundTripMs":98.79999923706055,"acceptedToConfirmedMs":2530.6000003814697,"confirmedToPresentedMs":150.39999961853027,"totalMs":2629.3999996185303,"inputSequence":282,"effectiveTic":6436},{"queueAndPostMs":105.39999961853027,"roundTripMs":104.19999980926514,"acceptedToConfirmedMs":2162.5,"confirmedToPresentedMs":286.6000003814697,"totalMs":2266.699999809265,"inputSequence":283,"effectiveTic":6453},{"queueAndPostMs":1373.8000001907349,"roundTripMs":1370.5,"acceptedToConfirmedMs":894.1000003814697,"confirmedToPresentedMs":780.2999992370605,"totalMs":2264.6000003814697,"inputSequence":284,"effectiveTic":6515},{"queueAndPostMs":952.0999994277954,"roundTripMs":947,"acceptedToConfirmedMs":106.40000057220459,"confirmedToPresentedMs":9.199999809265137,"totalMs":1053.4000005722046,"inputSequence":1422,"effectiveTic":20816}],"transportLegs":2,"limitMs":464.97142818995883}
PMLE_WAN_PLAYOUT|OBSERVED|rtt_ms=50|slot=0|desired_p90=5|selected_p90=5|selected_max=6|batch_count_p95=4|presentation_interval_p99_ms=35.4|buffer_occupancy_p50_tics=4|buffer_occupancy_p95_tics=7|buffer_occupancy_min_tics=0|occupancy_excursion_max_ms=0.0|acceleration_duty_percent=3.726|deceleration_duty_percent=30.177|presentation_lag_p95_tics=7|authoritative_display_delay_p95_ms=200.0|presentation_lag_bound_tics=12|confirmed_to_presented_p95_ms=186.7|confirmed_to_presented_bound_ms=342.9
PMLE_WAN_PLAYOUT|PASS|rtt_ms=50|slot=0|desired_p90=5|selected_p90=5|selected_max=6|batch_count_p95=4|presentation_interval_p99_ms=35.4|buffer_occupancy_p50_tics=4|buffer_occupancy_p95_tics=7|buffer_occupancy_min_tics=0|occupancy_excursion_max_ms=0.0|acceleration_duty_percent=3.726|deceleration_duty_percent=30.177|presentation_lag_p95_tics=7|authoritative_display_delay_p95_ms=200.0|presentation_lag_bound_tics=12|confirmed_to_presented_p95_ms=186.7|confirmed_to_presented_bound_ms=342.9
PMLE_SOAK_BROWSER_DIAG|slot=1|presented=20236|advanced=20236|confirmed=20237|batches=5867|batch_transitions=20237|resyncs=0|last_resync_at=0
PMLE_WAN_LATENCY_DIAG|slot=1|{"samples":1619,"totalP50Ms":185.60000038146973,"totalP90Ms":241.5,"totalP95Ms":294.80000019073486,"totalMaxMs":4419.10000038147,"queueAndPostP95Ms":153.30000019073486,"postRoundTripP95Ms":121.90000057220459,"acceptedToConfirmedP95Ms":181.89999961853027,"confirmedToPresentedP95Ms":190.30000019073486,"batchWallP95Ms":116.5,"batchHoldP95Ms":1,"batchCountP95":4,"applyBatchWallP95Ms":41.30000019073486,"applyStepMaxP95Ms":2.8999996185302734,"applyStepObservedMaxMs":6.300000190734863,"longTaskCount":1,"longTaskP95Ms":402,"longTaskMaxMs":402,"presentationLagP50Tics":4,"presentationLagP95Tics":7,"presentationLagMaxTics":97,"bufferOccupancyP50Tics":4,"bufferOccupancyP95Tics":7,"bufferOccupancyMinTics":0,"occupancyExcursionMaxMs":1456.3000001907349,"accelerationDutyPercent":4.407985767938328,"decelerationDutyPercent":29.862621071357975,"worst":[{"queueAndPostMs":95.80000019073486,"roundTripMs":93.40000057220459,"acceptedToConfirmedMs":4325.699999809265,"confirmedToPresentedMs":53.10000038146973,"totalMs":4419.10000038147,"inputSequence":253,"effectiveTic":6373},{"queueAndPostMs":101.39999961853027,"roundTripMs":100.09999942779541,"acceptedToConfirmedMs":3972.6000003814697,"confirmedToPresentedMs":192.60000038146973,"totalMs":4072.699999809265,"inputSequence":254,"effectiveTic":6390},{"queueAndPostMs":84.19999980926514,"roundTripMs":80.59999942779541,"acceptedToConfirmedMs":3587.300000190735,"confirmedToPresentedMs":286.3999996185303,"totalMs":3667.8999996185303,"inputSequence":255,"effectiveTic":6402},{"queueAndPostMs":155.79999923706055,"roundTripMs":151.39999961853027,"acceptedToConfirmedMs":3165.7000007629395,"confirmedToPresentedMs":421.5999994277954,"totalMs":3317.1000003814697,"inputSequence":256,"effectiveTic":6420},{"queueAndPostMs":95.80000019073486,"roundTripMs":93.5,"acceptedToConfirmedMs":2856.800000190735,"confirmedToPresentedMs":547.8000001907349,"totalMs":2950.300000190735,"inputSequence":257,"effectiveTic":6436}],"transportLegs":2,"limitMs":472.37142971583773}
PMLE_WAN_PLAYOUT|OBSERVED|rtt_ms=50|slot=1|desired_p90=5|selected_p90=5|selected_max=6|batch_count_p95=4|presentation_interval_p99_ms=34.5|buffer_occupancy_p50_tics=4|buffer_occupancy_p95_tics=7|buffer_occupancy_min_tics=0|occupancy_excursion_max_ms=1456.3|acceleration_duty_percent=4.408|deceleration_duty_percent=29.863|presentation_lag_p95_tics=7|authoritative_display_delay_p95_ms=200.0|presentation_lag_bound_tics=12|confirmed_to_presented_p95_ms=190.3|confirmed_to_presented_bound_ms=342.9
PMLE_WAN_PLAYOUT|PASS|rtt_ms=50|slot=1|desired_p90=5|selected_p90=5|selected_max=6|batch_count_p95=4|presentation_interval_p99_ms=34.5|buffer_occupancy_p50_tics=4|buffer_occupancy_p95_tics=7|buffer_occupancy_min_tics=0|occupancy_excursion_max_ms=1456.3|acceleration_duty_percent=4.408|deceleration_duty_percent=29.863|presentation_lag_p95_tics=7|authoritative_display_delay_p95_ms=200.0|presentation_lag_bound_tics=12|confirmed_to_presented_p95_ms=190.3|confirmed_to_presented_bound_ms=342.9

Session altered.


Session altered.


Session altered.


Session altered.


Session altered.

SOAK_DB|tic=25669|frames=0|checkpoints=2|commands=51340|bytes=0|disconnectedNeutral=0|deadlineNeutral=0|leftNeutral=0|initialNeutral=170|sampled=42442|neutral=0|worker=READY

SOAK_PLAYER|0|21226|0                                                                                                                                                                                                                                          
SOAK_PLAYER|1|21244|0                                                                                                                                                                                                                                          
PMLE_WAN_GATE|PASS|rtt_ms=50|jitter_ms=10|seconds=600|transport_legs=2|neutral_rate=0.000000/0.000000|players=292.9/107.6/7/6/5/5/53/35.4,294.8/108.2/7/6/5/5/53/34.5 hiddenMs=30476.8 checkpointTic=1280 leasesAfter2s=0 resumed=1
PASS P13.5-MULTIPLAYER-SOAK seconds=600 warmupSeconds=90 tics=4450/4451-24687/24687 maxLag=20 maxReconnectSeconds=0 resyncs=0/0 frames=0 checkpoints=2 bytes=0 disconnectedNeutral=0 initialNeutral=170 paint999Max=181.8/2695.6,154.9/4180.7 resource=MANAGED_ADB_CPU cpuTic=7000/26285 cpuPercent=16.982/27.072 doomSessions=23/21 ordsSessionGrowthCap=6 memoryGate=SEPARATE_RETAINED_SESSION_SOAK
PMLE_WAN_PROFILE|PASS|name=rtt-50-jitter-10
