PMLE_WAN_PROXY|READY|port=18050|upstream_origin_sha256=13afb058b5b6fbfae22724b5c5fce6aa6a1772085daf7386ed7469510c3208f8|rtt_ms=50|jitter_ms=10|seed=351272
PMLE_WAN_PROFILE|BEGIN|name=rtt-50-jitter-10|rtt_ms=50|jitter_ms=10|seed=351272
PMLE_SOAK_STAGE|host_dom_ready
PMLE_SOAK_STAGE|host_name_filled
PMLE_SOAK_STAGE|create_click_begin
PMLE_SOAK_STAGE|create_clicked
PMLE_SOAK_STAGE|host_room_visible
PMLE_SOAK_STAGE|guest_dom_ready
PMLE_SOAK_STAGE|join_clicked
PMLE_SOAK_STAGE|guest_room_visible
PMLE_SOAK_STAGE|both_ready_clicked
PMLE_SOAK_STAGE|both_clients_presenting
PMLE_WAN_BACKGROUND|PASS|profile_rtt_ms=50|hidden_ms=31761.6|checkpoint_tic=1536|leases_after_2s=0|presentations_after_focus=40
PMLE_SOAK_BROWSER_DIAG|slot=0|presented=678|advanced=678|confirmed=678|batches=194|batch_transitions=677|resyncs=0|last_resync_at=0
PMLE_WAN_LATENCY_DIAG|slot=0|{"samples":59,"totalP50Ms":190.10000038146973,"totalP90Ms":275.0999994277954,"totalP95Ms":319.6000003814697,"totalMaxMs":446.6000003814697,"queueAndPostP95Ms":127.09999942779541,"postRoundTripP95Ms":123.5,"acceptedToConfirmedP95Ms":223.10000038146973,"confirmedToPresentedP95Ms":347.9000005722046,"batchWallP95Ms":122,"batchHoldP95Ms":1,"batchCountP95":5,"presentationLagP50Tics":10,"presentationLagP95Tics":12,"presentationLagMaxTics":13,"worst":[{"queueAndPostMs":82,"roundTripMs":82,"acceptedToConfirmedMs":364.6000003814697,"confirmedToPresentedMs":170.5999994277954,"totalMs":446.6000003814697,"inputSequence":119,"effectiveTic":3201},{"queueAndPostMs":84.69999980926514,"roundTripMs":83.90000057220459,"acceptedToConfirmedMs":279,"confirmedToPresentedMs":200.39999961853027,"totalMs":362.9000005722046,"inputSequence":75,"effectiveTic":2700},{"queueAndPostMs":100,"roundTripMs":96.5,"acceptedToConfirmedMs":223.10000038146973,"confirmedToPresentedMs":211.19999980926514,"totalMs":319.6000003814697,"inputSequence":85,"effectiveTic":2816},{"queueAndPostMs":181.4000005722046,"roundTripMs":179.10000038146973,"acceptedToConfirmedMs":112.89999961853027,"confirmedToPresentedMs":244.80000019073486,"totalMs":292,"inputSequence":83,"effectiveTic":2789},{"queueAndPostMs":97.69999980926514,"roundTripMs":97.5,"acceptedToConfirmedMs":188.10000038146973,"confirmedToPresentedMs":241.39999961853027,"totalMs":285.6000003814697,"inputSequence":96,"effectiveTic":2944}],"transportLegs":2,"limitMs":447}
PMLE_SOAK_BROWSER_DIAG|slot=1|presented=679|advanced=679|confirmed=677|batches=193|batch_transitions=677|resyncs=0|last_resync_at=0
PMLE_WAN_LATENCY_DIAG|slot=1|{"samples":51,"totalP50Ms":195.19999980926514,"totalP90Ms":256.5,"totalP95Ms":293.8999996185303,"totalMaxMs":429.1000003814697,"queueAndPostP95Ms":181.20000076293945,"postRoundTripP95Ms":124.90000057220459,"acceptedToConfirmedP95Ms":197.4000005722046,"confirmedToPresentedP95Ms":356.3999996185303,"batchWallP95Ms":115.40000057220459,"batchHoldP95Ms":1,"batchCountP95":4,"presentationLagP50Tics":11,"presentationLagP95Tics":13,"presentationLagMaxTics":13,"worst":[{"queueAndPostMs":87.90000057220459,"roundTripMs":86.70000076293945,"acceptedToConfirmedMs":342.3999996185303,"confirmedToPresentedMs":175.19999980926514,"totalMs":429.1000003814697,"inputSequence":80,"effectiveTic":3201},{"queueAndPostMs":101.39999961853027,"roundTripMs":97.89999961853027,"acceptedToConfirmedMs":262.1000003814697,"confirmedToPresentedMs":215.5,"totalMs":360,"inputSequence":63,"effectiveTic":2949},{"queueAndPostMs":181.20000076293945,"roundTripMs":177.80000019073486,"acceptedToConfirmedMs":116.09999942779541,"confirmedToPresentedMs":229.60000038146973,"totalMs":293.8999996185303,"inputSequence":50,"effectiveTic":2789},{"queueAndPostMs":96.29999923706055,"roundTripMs":95.59999942779541,"acceptedToConfirmedMs":197.4000005722046,"confirmedToPresentedMs":234.80000019073486,"totalMs":293,"inputSequence":42,"effectiveTic":2700},{"queueAndPostMs":137.5999994277954,"roundTripMs":121.39999961853027,"acceptedToConfirmedMs":136.9000005722046,"confirmedToPresentedMs":257.0999994277954,"totalMs":258.30000019073486,"inputSequence":55,"effectiveTic":2856}],"transportLegs":2,"limitMs":478.37142971583773}

Session altered.


Session altered.


Session altered.


Session altered.


Session altered.

SOAK_DB|tic=3977|frames=0|checkpoints=2|commands=7954|bytes=0|disconnectedNeutral=0|deadlineNeutral=0|leftNeutral=0|initialNeutral=161|sampled=2614|neutral=0|worker=READY

SOAK_PLAYER|0|1311|0                                                                                                                                                                                                                                           
SOAK_PLAYER|1|1329|0                                                                                                                                                                                                                                           
PMLE_WAN_GATE|PASS|rtt_ms=50|jitter_ms=10|seconds=20|transport_legs=2|neutral_rate=0.000000/0.000000|players=319.6/107.8/6/6/2/33.2,293.9/106.2/7/6/2/33.7 hiddenMs=31761.6 checkpointTic=1536 leasesAfter2s=0 resumed=1
PASS P13.5-MULTIPLAYER-SOAK seconds=20 warmupSeconds=30 tics=2672/2671-3350/3350 maxLag=15 maxReconnectSeconds=0 resyncs=0/0 frames=0 checkpoints=2 bytes=0 disconnectedNeutral=0 initialNeutral=161 paint999Max=109.0/109.0,91.3/91.3
PMLE_WAN_PROFILE|PASS|name=rtt-50-jitter-10
