PMLE_WAN_PROXY|READY|port=18100|upstream_origin_sha256=13afb058b5b6fbfae22724b5c5fce6aa6a1772085daf7386ed7469510c3208f8|rtt_ms=100|jitter_ms=20|seed=351272
PMLE_WAN_PROFILE|BEGIN|name=rtt-100-jitter-20|rtt_ms=100|jitter_ms=20|seed=351272
PMLE_SOAK_STAGE|host_dom_ready
PMLE_SOAK_STAGE|host_name_filled
PMLE_SOAK_STAGE|create_click_begin
PMLE_SOAK_STAGE|create_clicked
PMLE_SOAK_STAGE|host_room_visible
PMLE_SOAK_STAGE|guest_dom_ready
PMLE_SOAK_STAGE|join_clicked
PMLE_SOAK_STAGE|guest_room_visible
PMLE_SOAK_STAGE|both_ready_clicked
PMLE_SOAK_STAGE|both_clients_presenting
PMLE_WAN_BACKGROUND|PASS|profile_rtt_ms=100|hidden_ms=31039.7|checkpoint_tic=1536|leases_after_2s=0|presentations_after_focus=40
PMLE_SOAK_BROWSER_DIAG|slot=0|presented=20267|advanced=20267|confirmed=20266|batches=3807|batch_transitions=20266|resyncs=0|last_resync_at=0
PMLE_WAN_LATENCY_DIAG|slot=0|{"samples":1563,"totalP50Ms":281.6000003814697,"totalP90Ms":392.69999980926514,"totalP95Ms":497.30000019073486,"totalMaxMs":6253.599999427795,"queueAndPostP95Ms":261.69999980926514,"postRoundTripP95Ms":186.19999980926514,"acceptedToConfirmedP95Ms":299.1000003814697,"confirmedToPresentedP95Ms":379.19999980926514,"batchWallP95Ms":187.39999961853027,"batchHoldP95Ms":1,"batchCountP95":7,"presentationLagP50Tics":11,"presentationLagP95Tics":13,"presentationLagMaxTics":14,"worst":[{"queueAndPostMs":4125.89999961853,"roundTripMs":4125.699999809265,"acceptedToConfirmedMs":2127.8999996185303,"confirmedToPresentedMs":214.80000019073486,"totalMs":6253.599999427795,"inputSequence":1144,"effectiveTic":17899},{"queueAndPostMs":3415.6000003814697,"roundTripMs":3414.4000005722046,"acceptedToConfirmedMs":1391.7999992370605,"confirmedToPresentedMs":214,"totalMs":4806.199999809265,"inputSequence":1338,"effectiveTic":20421},{"queueAndPostMs":152.5,"roundTripMs":151.30000019073486,"acceptedToConfirmedMs":3346.300000190735,"confirmedToPresentedMs":198.19999980926514,"totalMs":3497.6000003814697,"inputSequence":726,"effectiveTic":12438},{"queueAndPostMs":141.5999994277954,"roundTripMs":138.39999961853027,"acceptedToConfirmedMs":3098.699999809265,"confirmedToPresentedMs":198.30000019073486,"totalMs":3237.0999994277954,"inputSequence":727,"effectiveTic":12454},{"queueAndPostMs":158.70000076293945,"roundTripMs":154.10000038146973,"acceptedToConfirmedMs":2964,"confirmedToPresentedMs":198.5999994277954,"totalMs":3118.1000003814697,"inputSequence":728,"effectiveTic":12462}],"transportLegs":2,"limitMs":661.9142845698766}
PMLE_SOAK_BROWSER_DIAG|slot=1|presented=20265|advanced=20265|confirmed=20263|batches=3798|batch_transitions=20260|resyncs=0|last_resync_at=0
PMLE_WAN_LATENCY_DIAG|slot=1|{"samples":1543,"totalP50Ms":285.19999980926514,"totalP90Ms":399.30000019073486,"totalP95Ms":540.5,"totalMaxMs":4204.5,"queueAndPostP95Ms":267.6000003814697,"postRoundTripP95Ms":184.30000019073486,"acceptedToConfirmedP95Ms":346.5,"confirmedToPresentedP95Ms":377.19999980926514,"batchWallP95Ms":183.5,"batchHoldP95Ms":1,"batchCountP95":7,"presentationLagP50Tics":11,"presentationLagP95Tics":13,"presentationLagMaxTics":14,"worst":[{"queueAndPostMs":2462,"roundTripMs":2458.4000005722046,"acceptedToConfirmedMs":1746.0999994277954,"confirmedToPresentedMs":229,"totalMs":4204.5,"inputSequence":659,"effectiveTic":12548},{"queueAndPostMs":149.30000019073486,"roundTripMs":145.10000038146973,"acceptedToConfirmedMs":3289.0999994277954,"confirmedToPresentedMs":208.19999980926514,"totalMs":3434.199999809265,"inputSequence":1071,"effectiveTic":17792},{"queueAndPostMs":160.89999961853027,"roundTripMs":158.69999980926514,"acceptedToConfirmedMs":3138,"confirmedToPresentedMs":222.4000005722046,"totalMs":3296.699999809265,"inputSequence":1072,"effectiveTic":17796},{"queueAndPostMs":148.9000005722046,"roundTripMs":147,"acceptedToConfirmedMs":3126.7999992370605,"confirmedToPresentedMs":187,"totalMs":3273.7999992370605,"inputSequence":1267,"effectiveTic":20310},{"queueAndPostMs":152.0999994277954,"roundTripMs":149.79999923706055,"acceptedToConfirmedMs":3047.1000003814697,"confirmedToPresentedMs":218.30000019073486,"totalMs":3196.8999996185303,"inputSequence":658,"effectiveTic":12454}],"transportLegs":2,"limitMs":654.3142860957555}

Session altered.


Session altered.


Session altered.


Session altered.


Session altered.

SOAK_DB|tic=25854|frames=0|checkpoints=2|commands=51708|bytes=0|disconnectedNeutral=36|deadlineNeutral=0|leftNeutral=0|initialNeutral=169|sampled=42292|neutral=36|worker=READY

SOAK_PLAYER|0|21133|36                                                                                                                                                                                                                                         
SOAK_PLAYER|1|21186|0                                                                                                                                                                                                                                          
node:internal/modules/run_main:107
    triggerUncaughtException(
    ^

AssertionError [ERR_ASSERTION]: disconnect neutralization lacked a recorded client recovery
    at file:///Users/bmarti44/doomdb/tests/verify-p13.5-multiplayer-soak.mjs:1246:10
    at runNextTicks (node:internal/process/task_queues:65:5)
    at process.processImmediate (node:internal/timers:472:9) {
  generatedMessage: false,
  code: 'ERR_ASSERTION',
  actual: false,
  expected: true,
  operator: '==',
  diff: 'simple'
}

Node.js v25.9.0
