PMLE_WAN_PROXY|READY|port=18200|upstream_origin_sha256=13afb058b5b6fbfae22724b5c5fce6aa6a1772085daf7386ed7469510c3208f8|rtt_ms=200|jitter_ms=40|seed=351272
PMLE_WAN_PROFILE|BEGIN|name=rtt-200-jitter-40|rtt_ms=200|jitter_ms=40|seed=351272
PMLE_SOAK_STAGE|host_dom_ready
PMLE_SOAK_STAGE|host_name_filled
PMLE_SOAK_STAGE|create_click_begin
PMLE_SOAK_STAGE|create_clicked
PMLE_SOAK_STAGE|host_room_visible
PMLE_SOAK_STAGE|guest_dom_ready
PMLE_SOAK_STAGE|join_clicked
PMLE_SOAK_STAGE|guest_room_visible
PMLE_SOAK_STAGE|both_ready_clicked
PMLE_SOAK_STAGE|both_clients_presenting
PMLE_WAN_BACKGROUND|PASS|profile_rtt_ms=200|hidden_ms=29960.3|checkpoint_tic=1280|leases_after_2s=0|presentations_after_focus=40
PMLE_SOAK_BROWSER_DIAG|slot=0|presented=4061|advanced=4061|confirmed=4063|batches=456|batch_transitions=4066|resyncs=0|last_resync_at=0
PMLE_WAN_LATENCY_DIAG|slot=0|{"samples":255,"totalP50Ms":446.1000003814697,"totalP90Ms":596.5,"totalP95Ms":777.1000003814697,"totalMaxMs":2960.600001335144,"queueAndPostP95Ms":525,"postRoundTripP95Ms":400,"acceptedToConfirmedP95Ms":381.80000019073486,"confirmedToPresentedP95Ms":244.60000038146973,"batchWallP95Ms":301.19999980926514,"batchHoldP95Ms":1,"batchCountP95":11,"applyBatchWallP95Ms":97.5,"applyStepMaxP95Ms":3.09999942779541,"applyStepObservedMaxMs":10.300000190734863,"longTaskCount":1,"longTaskP95Ms":398,"longTaskMaxMs":398,"presentationLagP50Tics":5,"presentationLagP95Tics":13,"presentationLagMaxTics":58,"bufferOccupancyP50Tics":5,"bufferOccupancyP95Tics":13,"bufferOccupancyMinTics":0,"accelerationDutyPercent":13.715833538537305,"decelerationDutyPercent":40.975129278502834,"worst":[{"queueAndPostMs":239.69999980926514,"roundTripMs":237.20000076293945,"acceptedToConfirmedMs":2723.4000005722046,"confirmedToPresentedMs":125.29999923706055,"totalMs":2960.600001335144,"inputSequence":106,"effectiveTic":3057},{"queueAndPostMs":242.9000005722046,"roundTripMs":238.0999994277954,"acceptedToConfirmedMs":2359.0999994277954,"confirmedToPresentedMs":238.30000019073486,"totalMs":2597.199998855591,"inputSequence":107,"effectiveTic":3073},{"queueAndPostMs":219.10000038146973,"roundTripMs":217.9000005722046,"acceptedToConfirmedMs":2208.8999996185303,"confirmedToPresentedMs":174,"totalMs":2426.800000190735,"inputSequence":108,"effectiveTic":3088},{"queueAndPostMs":1379.5,"roundTripMs":1376.2999992370605,"acceptedToConfirmedMs":1033.6000003814697,"confirmedToPresentedMs":626.8000001907349,"totalMs":2409.8999996185303,"inputSequence":109,"effectiveTic":3146},{"queueAndPostMs":656.1999998092651,"roundTripMs":285.80000019073486,"acceptedToConfirmedMs":816.8999996185303,"confirmedToPresentedMs":697.4000005722046,"totalMs":1102.6999998092651,"inputSequence":110,"effectiveTic":3155}],"transportLegs":2,"limitMs":1171.4285714285716}
PMLE_WAN_PLAYOUT|OBSERVED|rtt_ms=200|slot=0|desired_p90=12|selected_p90=6|selected_max=6|batch_count_p95=11|presentation_interval_p99_ms=43.2|buffer_occupancy_p50_tics=5|buffer_occupancy_p95_tics=13|buffer_occupancy_min_tics=0|acceleration_duty_percent=13.716|deceleration_duty_percent=40.975|presentation_lag_p95_tics=13|authoritative_display_delay_p95_ms=371.4|presentation_lag_bound_tics=19|confirmed_to_presented_p95_ms=244.6|confirmed_to_presented_bound_ms=542.9
PMLE_WAN_PLAYOUT|PASS|rtt_ms=200|slot=0|desired_p90=12|selected_p90=6|selected_max=6|batch_count_p95=11|presentation_interval_p99_ms=43.2|buffer_occupancy_p50_tics=5|buffer_occupancy_p95_tics=13|buffer_occupancy_min_tics=0|acceleration_duty_percent=13.716|deceleration_duty_percent=40.975|presentation_lag_p95_tics=13|authoritative_display_delay_p95_ms=371.4|presentation_lag_bound_tics=19|confirmed_to_presented_p95_ms=244.6|confirmed_to_presented_bound_ms=542.9
PMLE_SOAK_BROWSER_DIAG|slot=1|presented=4061|advanced=4061|confirmed=4064|batches=453|batch_transitions=4064|resyncs=0|last_resync_at=0
PMLE_WAN_LATENCY_DIAG|slot=1|{"samples":250,"totalP50Ms":430.0000009536743,"totalP90Ms":585.5999994277954,"totalP95Ms":742.0999994277954,"totalMaxMs":3388.8999996185303,"queueAndPostP95Ms":455.4000005722046,"postRoundTripP95Ms":327,"acceptedToConfirmedP95Ms":403.80000019073486,"confirmedToPresentedP95Ms":254.10000038146973,"batchWallP95Ms":296.19999980926514,"batchHoldP95Ms":1,"batchCountP95":11,"applyBatchWallP95Ms":108.60000038146973,"applyStepMaxP95Ms":3.40000057220459,"applyStepObservedMaxMs":6.40000057220459,"longTaskCount":1,"longTaskP95Ms":398,"longTaskMaxMs":398,"presentationLagP50Tics":5,"presentationLagP95Tics":16,"presentationLagMaxTics":64,"bufferOccupancyP50Tics":5,"bufferOccupancyP95Tics":16,"bufferOccupancyMinTics":0,"accelerationDutyPercent":14.380694410243782,"decelerationDutyPercent":40.778133464663874,"worst":[{"queueAndPostMs":262.1000003814697,"roundTripMs":259.80000019073486,"acceptedToConfirmedMs":3129.0999994277954,"confirmedToPresentedMs":6,"totalMs":3388.8999996185303,"inputSequence":73,"effectiveTic":3039},{"queueAndPostMs":1946.5999994277954,"roundTripMs":1944.1999998092651,"acceptedToConfirmedMs":1117.5,"confirmedToPresentedMs":682.8000001907349,"totalMs":3061.699999809265,"inputSequence":76,"effectiveTic":3148},{"queueAndPostMs":277,"roundTripMs":273.70000076293945,"acceptedToConfirmedMs":2781.800000190735,"confirmedToPresentedMs":189,"totalMs":3055.5000009536743,"inputSequence":74,"effectiveTic":3057},{"queueAndPostMs":227.39999961853027,"roundTripMs":226.19999980926514,"acceptedToConfirmedMs":2663.3999996185303,"confirmedToPresentedMs":134.30000019073486,"totalMs":2889.5999994277954,"inputSequence":75,"effectiveTic":3073},{"queueAndPostMs":689.6999998092651,"roundTripMs":254.89999961853027,"acceptedToConfirmedMs":937.7000007629395,"confirmedToPresentedMs":747.7999992370605,"totalMs":1192.6000003814697,"inputSequence":77,"effectiveTic":3157}],"transportLegs":2,"limitMs":1025.4285714285716}
PMLE_WAN_PLAYOUT|OBSERVED|rtt_ms=200|slot=1|desired_p90=12|selected_p90=6|selected_max=6|batch_count_p95=11|presentation_interval_p99_ms=36.7|buffer_occupancy_p50_tics=5|buffer_occupancy_p95_tics=16|buffer_occupancy_min_tics=0|acceleration_duty_percent=14.381|deceleration_duty_percent=40.778|presentation_lag_p95_tics=16|authoritative_display_delay_p95_ms=457.1|presentation_lag_bound_tics=19|confirmed_to_presented_p95_ms=254.1|confirmed_to_presented_bound_ms=542.9
PMLE_WAN_PLAYOUT|PASS|rtt_ms=200|slot=1|desired_p90=12|selected_p90=6|selected_max=6|batch_count_p95=11|presentation_interval_p99_ms=36.7|buffer_occupancy_p50_tics=5|buffer_occupancy_p95_tics=16|buffer_occupancy_min_tics=0|acceleration_duty_percent=14.381|deceleration_duty_percent=40.778|presentation_lag_p95_tics=16|authoritative_display_delay_p95_ms=457.1|presentation_lag_bound_tics=19|confirmed_to_presented_p95_ms=254.1|confirmed_to_presented_bound_ms=542.9

Session altered.


Session altered.


Session altered.


Session altered.


Session altered.

SOAK_DB|tic=7140|frames=0|checkpoints=2|commands=14280|bytes=0|disconnectedNeutral=0|deadlineNeutral=0|leftNeutral=0|initialNeutral=159|sampled=9470|neutral=0|worker=READY

SOAK_PLAYER|0|4741|0                                                                                                                                                                                                                                           
SOAK_PLAYER|1|4756|0                                                                                                                                                                                                                                           
PMLE_WAN_GATE|PASS|rtt_ms=200|jitter_ms=40|seconds=120|transport_legs=2|neutral_rate=0.000000/0.000000|players=777.1/287.5/12/6/12/6/9/43.2,742.1/282.7/12/6/12/6/11/36.7 hiddenMs=29960.3 checkpointTic=1280 leasesAfter2s=0 resumed=1
PASS P13.5-MULTIPLAYER-SOAK seconds=120 warmupSeconds=30 tics=2406/2406-6467/6467 maxLag=29 maxReconnectSeconds=0 resyncs=0/0 frames=0 checkpoints=2 bytes=0 disconnectedNeutral=0 initialNeutral=159 paint999Max=423.3/2546.0,323.4/2894.2 resource=MANAGED_ADB_CPU cpuTic=4970/7735 cpuPercent=18.04/12.966 doomSessions=20/19 ordsSessionGrowthCap=6 memoryGate=SEPARATE_RETAINED_SESSION_SOAK
PMLE_WAN_PROFILE|PASS|name=rtt-200-jitter-40
