PMLE_WAN_PROXY|READY|port=18200|upstream_origin_sha256=13afb058b5b6fbfae22724b5c5fce6aa6a1772085daf7386ed7469510c3208f8|rtt_ms=200|jitter_ms=40|seed=351272
PMLE_WAN_PROFILE|BEGIN|name=rtt-200-jitter-40|rtt_ms=200|jitter_ms=40|seed=351272
PMLE_SOAK_STAGE|host_dom_ready
PMLE_SOAK_STAGE|host_name_filled
PMLE_SOAK_STAGE|create_click_begin
PMLE_SOAK_STAGE|create_clicked
PMLE_SOAK_STAGE|host_room_visible
PMLE_SOAK_STAGE|guest_dom_ready
PMLE_SOAK_STAGE|join_clicked
PMLE_SOAK_STAGE|guest_room_visible
PMLE_SOAK_STAGE|both_ready_clicked
PMLE_SOAK_STAGE|both_clients_presenting
PMLE_WAN_BACKGROUND|PASS|profile_rtt_ms=200|hidden_ms=30062.6|checkpoint_tic=1280|leases_after_2s=0|presentations_after_focus=40
PMLE_SOAK_BROWSER_DIAG|slot=0|presented=4051|advanced=4051|confirmed=4058|batches=457|batch_transitions=4058|resyncs=0|last_resync_at=0
PMLE_WAN_LATENCY_DIAG|slot=0|{"samples":260,"totalP50Ms":445,"totalP90Ms":588,"totalP95Ms":830.4000005722046,"totalMaxMs":2601.2000007629395,"queueAndPostP95Ms":473.4000005722046,"postRoundTripP95Ms":303.69999980926514,"acceptedToConfirmedP95Ms":573.6000003814697,"confirmedToPresentedP95Ms":762.3999996185303,"batchWallP95Ms":293.1000003814697,"batchHoldP95Ms":1,"batchCountP95":10,"presentationLagP50Tics":15,"presentationLagP95Tics":30,"presentationLagMaxTics":66,"worst":[{"queueAndPostMs":206.80000019073486,"roundTripMs":205.60000038146973,"acceptedToConfirmedMs":2395.6000003814697,"confirmedToPresentedMs":262.5999994277954,"totalMs":2601.2000007629395,"inputSequence":312,"effectiveTic":6309},{"queueAndPostMs":369.30000019073486,"roundTripMs":364.80000019073486,"acceptedToConfirmedMs":1987.3000001907349,"confirmedToPresentedMs":389.19999980926514,"totalMs":2352.1000003814697,"inputSequence":313,"effectiveTic":6328},{"queueAndPostMs":207.60000038146973,"roundTripMs":207.5,"acceptedToConfirmedMs":1873.8000001907349,"confirmedToPresentedMs":304.8999996185303,"totalMs":2081.300000190735,"inputSequence":276,"effectiveTic":5900},{"queueAndPostMs":528,"roundTripMs":241.29999923706055,"acceptedToConfirmedMs":1812.8000001907349,"confirmedToPresentedMs":461.30000019073486,"totalMs":2054.0999994277954,"inputSequence":314,"effectiveTic":6337},{"queueAndPostMs":306,"roundTripMs":277.8999996185303,"acceptedToConfirmedMs":1624.3000001907349,"confirmedToPresentedMs":508.6000003814697,"totalMs":1902.1999998092651,"inputSequence":315,"effectiveTic":6346}],"transportLegs":2,"limitMs":984.0285718100412}
node:internal/modules/run_main:107
    triggerUncaughtException(
    ^

AssertionError [ERR_ASSERTION]: WAN player 0 presentation p99 70.4 ms
    at file:///Users/bmarti44/doomdb/tests/verify-p13.5-multiplayer-soak.mjs:1211:14
    at runNextTicks (node:internal/process/task_queues:65:5)
    at process.processImmediate (node:internal/timers:472:9) {
  generatedMessage: false,
  code: 'ERR_ASSERTION',
  actual: false,
  expected: true,
  operator: '==',
  diff: 'simple'
}

Node.js v25.9.0
