PMLE_WAN_PROXY|READY|port=18050|upstream_origin_sha256=13afb058b5b6fbfae22724b5c5fce6aa6a1772085daf7386ed7469510c3208f8|rtt_ms=50|jitter_ms=10|seed=351272
PMLE_WAN_PROFILE|BEGIN|name=rtt-50-jitter-10|rtt_ms=50|jitter_ms=10|seed=351272
PMLE_SOAK_STAGE|host_dom_ready
PMLE_SOAK_STAGE|host_name_filled
PMLE_SOAK_STAGE|create_click_begin
PMLE_SOAK_STAGE|create_clicked
PMLE_SOAK_STAGE|host_room_visible
PMLE_SOAK_STAGE|guest_dom_ready
PMLE_SOAK_STAGE|join_clicked
PMLE_SOAK_STAGE|guest_room_visible
PMLE_SOAK_STAGE|both_ready_clicked
PMLE_SOAK_STAGE|both_clients_presenting
PMLE_WAN_BACKGROUND|PASS|profile_rtt_ms=50|hidden_ms=30556.2|checkpoint_tic=1280|leases_after_2s=0|presentations_after_focus=40
PMLE_SOAK_BROWSER_DIAG|slot=0|presented=4069|advanced=4069|confirmed=4067|batches=1192|batch_transitions=4067|resyncs=0|last_resync_at=0
PMLE_WAN_LATENCY_DIAG|slot=0|{"samples":299,"totalP50Ms":180.69999980926514,"totalP90Ms":243,"totalP95Ms":275.69999980926514,"totalMaxMs":1046.6999998092651,"queueAndPostP95Ms":163.19999980926514,"postRoundTripP95Ms":133.69999980926514,"acceptedToConfirmedP95Ms":179.30000019073486,"confirmedToPresentedP95Ms":352.5999994277954,"batchWallP95Ms":119.5,"batchHoldP95Ms":1,"batchCountP95":4,"presentationLagP50Tics":10,"presentationLagP95Tics":12,"presentationLagMaxTics":27,"worst":[{"queueAndPostMs":751.9000005722046,"roundTripMs":747.6999998092651,"acceptedToConfirmedMs":299,"confirmedToPresentedMs":385.8999996185303,"totalMs":1046.6999998092651,"inputSequence":274,"effectiveTic":5502},{"queueAndPostMs":502.80000019073486,"roundTripMs":498.5,"acceptedToConfirmedMs":137.19999980926514,"confirmedToPresentedMs":216.89999961853027,"totalMs":635.6999998092651,"inputSequence":148,"effectiveTic":3407},{"queueAndPostMs":395.6000003814697,"roundTripMs":393.19999980926514,"acceptedToConfirmedMs":68,"confirmedToPresentedMs":342,"totalMs":461.19999980926514,"inputSequence":178,"effectiveTic":3774},{"queueAndPostMs":280.1000003814697,"roundTripMs":277.5999994277954,"acceptedToConfirmedMs":142.69999980926514,"confirmedToPresentedMs":256,"totalMs":420.29999923706055,"inputSequence":162,"effectiveTic":3585},{"queueAndPostMs":284.0999994277954,"roundTripMs":282.19999980926514,"acceptedToConfirmedMs":120.20000076293945,"confirmedToPresentedMs":286.19999980926514,"totalMs":402.4000005722046,"inputSequence":270,"effectiveTic":5435}],"transportLegs":2,"limitMs":467.3999996185303}
PMLE_SOAK_BROWSER_DIAG|slot=1|presented=4069|advanced=4070|confirmed=4067|batches=1165|batch_transitions=4067|resyncs=0|last_resync_at=0
PMLE_WAN_LATENCY_DIAG|slot=1|{"samples":295,"totalP50Ms":183.5,"totalP90Ms":269,"totalP95Ms":440.0999994277954,"totalMaxMs":2710.8999996185303,"queueAndPostP95Ms":173.19999980926514,"postRoundTripP95Ms":128.80000019073486,"acceptedToConfirmedP95Ms":216.5999994277954,"confirmedToPresentedP95Ms":414.69999980926514,"batchWallP95Ms":117.40000057220459,"batchHoldP95Ms":1,"batchCountP95":4,"presentationLagP50Tics":10,"presentationLagP95Tics":17,"presentationLagMaxTics":65,"worst":[{"queueAndPostMs":103.59999942779541,"roundTripMs":102.39999961853027,"acceptedToConfirmedMs":2608.5,"confirmedToPresentedMs":168,"totalMs":2710.8999996185303,"inputSequence":246,"effectiveTic":5411},{"queueAndPostMs":99.30000019073486,"roundTripMs":96,"acceptedToConfirmedMs":2476.7999992370605,"confirmedToPresentedMs":204.70000076293945,"totalMs":2572.7999992370605,"inputSequence":247,"effectiveTic":5418},{"queueAndPostMs":357.5,"roundTripMs":354.19999980926514,"acceptedToConfirmedMs":2085.199999809265,"confirmedToPresentedMs":348.19999980926514,"totalMs":2439.3999996185303,"inputSequence":248,"effectiveTic":5437},{"queueAndPostMs":81.30000019073486,"roundTripMs":79.19999980926514,"acceptedToConfirmedMs":1936.1999998092651,"confirmedToPresentedMs":416.9000005722046,"totalMs":2015.3999996185303,"inputSequence":249,"effectiveTic":5446},{"queueAndPostMs":96.10000038146973,"roundTripMs":92.69999980926514,"acceptedToConfirmedMs":1780.8000001907349,"confirmedToPresentedMs":469.29999923706055,"totalMs":1873.5,"inputSequence":250,"effectiveTic":5453}],"transportLegs":2,"limitMs":457.6000003814697}

Session altered.


Session altered.


Session altered.


Session altered.


Session altered.

SOAK_DB|tic=7225|frames=0|checkpoints=2|commands=14450|bytes=0|disconnectedNeutral=0|deadlineNeutral=0|leftNeutral=0|initialNeutral=167|sampled=9514|neutral=0|worker=READY

SOAK_PLAYER|0|4762|0                                                                                                                                                                                                                                           
SOAK_PLAYER|1|4779|0                                                                                                                                                                                                                                           
PMLE_WAN_GATE|PASS|rtt_ms=50|jitter_ms=10|seconds=120|transport_legs=2|neutral_rate=0.000000/0.000000|players=275.7/109.2/6/6/11/33.1,440.1/108.1/6/6/10/33.2 hiddenMs=30556.2 checkpointTic=1280 leasesAfter2s=0 resumed=1
PASS P13.5-MULTIPLAYER-SOAK seconds=120 warmupSeconds=30 tics=2469/2469-6538/6539 maxLag=30 maxReconnectSeconds=0 resyncs=0/0 frames=0 checkpoints=2 bytes=0 disconnectedNeutral=0 initialNeutral=167 paint999Max=106.3/732.9,69.5/2531.6 resource=MANAGED_ADB_CPU cpuTic=5040/7805 cpuPercent=17.01/15.999 memoryGate=SEPARATE_RETAINED_SESSION_SOAK
PMLE_WAN_PROFILE|PASS|name=rtt-50-jitter-10
