
Session altered.


Session altered.


Session altered.


Session altered.


Session altered.

6 command-line variables
M_LoadDefaults: Load system defaults.
M_Random: Using DelegateRandom.
-iwad specified. Will be used with priority
	added freedoom1.wad (zipped: false network: true)
ITicker: Using nanosecond accuracy timer.
                         The Ultimate DOOM Startup v1.9                           
W_Init: Init WADfiles.
	added freedoom1.wad (zipped: false network: true)
VI_Init: set palettes.
Palette: 3584 colors
VI_Init: set colormaps.
Colormaps: 35
V_Init: allocate screens.
AM_Init: Init Automap colors - 
===========================================================================
                 Commercial product - do not distribute!
         Please report software piracy to the SPA: 1-800-388-PIR8
===========================================================================
Tables.InitTables: Init trigonometric LUTs.
M_Init: Init miscellaneous info.
R_Init: Init DOOM refresh daemon - 
R_InitData
Init Texture and Flat Manager
InitTextures[................
InitFlats
InitSprites..............
InitColormaps		
R_InitPointToAngle
R_InitTables
R_InitPlanes
R_InitLightTables
R_InitSkyMap: 119
R_InitTranslationsTables
R_InitTranMap: 
R_InitDrawingFunctions: 
P_Init: Init Playloop state.
false NUKAGE1 NUKAGE3 8
false FWATER1 FWATER4 8
false SWATER1 SWATER4 8
false LAVA1 LAVA4 8
false BLOOD1 BLOOD3 8
false RROCK05 RROCK08 8
false SLIME01 SLIME04 8
false SLIME05 SLIME08 8
false SLIME09 SLIME12 8
I_Init: Setting up machine state.
D_CheckNetGame: Checking network game status.
startskill sk_medium  deathmatch: false  startmap: 1  startepisode: 1
player 1 of 1 (1 nodes)
S_Init: Setting up sound.
M_Random: Switching to DoomRandom (new instance)
P_GetNodesVersion: using normal BSP nodes
PMLE_OCI_DVL2_SLIM_WORLD_LOAD|PASS

PMLE_OCI_DVL2_SLIM_WORLD_STAGE|PASS|stage=AUTHORITY_STEP|p50_ms=4.296|p95_ms=5.887|p99_ms=6.472|mean_ms=4.276
PMLE_OCI_DVL2_SLIM_WORLD_STAGE|PASS|stage=DVL2_SNAPSHOT_BUILD|p50_ms=0.084|p95_ms=0.106|p99_ms=0.143|mean_ms=0.087
PMLE_OCI_DVL2_SLIM_WORLD_STAGE|PASS|stage=DVL2_DYNAMIC_IMPORT|p50_ms=0.032|p95_ms=0.043|p99_ms=0.052|mean_ms=0.034
PMLE_OCI_DVL2_SLIM_WORLD_STAGE|PASS|stage=COARSE_WORLD_RASTER|p50_ms=11.802|p95_ms=16.313|p99_ms=21.315|mean_ms=12.685
PMLE_OCI_DVL2_SLIM_WORLD_STAGE|PASS|stage=COMPOSITOR_SNAPSHOT_BUILD|p50_ms=2.697|p95_ms=3.483|p99_ms=11.430|mean_ms=3.018
PMLE_OCI_DVL2_SLIM_WORLD_STAGE|PASS|stage=COMPOSITOR_SNAPSHOT_EXPORT|p50_ms=0.877|p95_ms=0.907|p99_ms=1.444|mean_ms=0.888
PMLE_OCI_DVL2_SLIM_WORLD_STAGE|PASS|stage=COMPOSITOR_BUFFER_COPY|p50_ms=0.019|p95_ms=0.026|p99_ms=0.036|mean_ms=0.020
PMLE_OCI_DVL2_SLIM_WORLD_STAGE|PASS|stage=WORLD_SPRITES|p50_ms=1.619|p95_ms=3.191|p99_ms=8.107|mean_ms=2.008
PMLE_OCI_DVL2_SLIM_WORLD_STAGE|PASS|stage=WEAPON_PSPRITES|p50_ms=2.750|p95_ms=2.814|p99_ms=5.520|mean_ms=2.797
PMLE_OCI_DVL2_SLIM_WORLD_STAGE|PASS|stage=STATUS_BAR_HUD|p50_ms=8.088|p95_ms=8.447|p99_ms=13.143|mean_ms=8.243
PMLE_OCI_DVL2_SLIM_WORLD_STAGE|PASS|stage=DFR2_ENCODE|p50_ms=28.145|p95_ms=36.924|p99_ms=46.150|mean_ms=30.723
PMLE_OCI_DVL2_SLIM_WORLD_STAGE|PASS|stage=BLOB_RING_PUBLISH|p50_ms=4.454|p95_ms=5.512|p99_ms=15.946|mean_ms=4.894
PMLE_OCI_DVL2_SLIM_WORLD_STAGE|PASS|stage=TOTAL|p50_ms=37.019|p95_ms=49.485|p99_ms=54.725|mean_ms=38.949
PMLE_OCI_DVL2_SLIM_WORLD|PASS|frames=300|unique=300|ring_full=64|ring_unique=64|compositor_bytes_min=2992|compositor_bytes_max=5032|dfr2_bytes_min=23198|dfr2_bytes_max=41816|dfr2_bytes_mean=29637.250|dfr2_ratio_mean=0.463082|p95_ms=49.485|fps_p95=20.208|gate=FAIL

