
Session altered.


Session altered.


Session altered.


Session altered.


Session altered.

PMLE_FREE_RASTER_TEXTURE|PASS|encoded_bytes=2545152|sha256=4e23605106fef6735948da519ddd78ec0527a8f6b1ddacfe9dddb07c511bc001

PMLE_FREE_RASTER_COMMANDS|PASS|frames=500|bytes=7812116|atlas_bytes=22906368|first_commands=879|last_commands=1173

PMLE_FREE_RASTER_EQUIVALENCE|PASS|pose=500|commands=879|frame_bytes=64000
PMLE_FREE_RASTER_EQUIVALENCE|PASS|pose=750|commands=320|frame_bytes=64000
PMLE_FREE_RASTER_EQUIVALENCE|PASS|pose=999|commands=1173|frame_bytes=64000

PMLE_FREE_RASTER_PASS|PASS|pass=1|frames=500|p50_ms=26.193|p95_ms=32.575|wall_ms=13711.063|clock_ms=13720|throughput_fps=36.467|clock_suspects=0|checksum=10858803
PMLE_FREE_RASTER_PASS|PASS|pass=2|frames=500|p50_ms=26.166|p95_ms=32.035|wall_ms=13620.039|clock_ms=13620|throughput_fps=36.711|clock_suspects=0|checksum=20899471
PMLE_FREE_RASTER_PASS|PASS|pass=3|frames=500|p50_ms=26.21|p95_ms=32.312|wall_ms=13620.302|clock_ms=13620|throughput_fps=36.71|clock_suspects=0|checksum=30940139
PMLE_FREE_RASTER_PASS|PASS|pass=4|frames=500|p50_ms=27.49|p95_ms=31.69|wall_ms=13733.093|clock_ms=13740|throughput_fps=36.408|clock_suspects=0|checksum=40980807
PMLE_FREE_RASTER_PASS|PASS|pass=5|frames=500|p50_ms=26.435|p95_ms=31.742|wall_ms=13568.867|clock_ms=13570|throughput_fps=36.849|clock_suspects=0|checksum=51021475
PMLE_FREE_RASTER_PASS|PASS|pass=6|frames=500|p50_ms=25.455|p95_ms=31.408|wall_ms=13536.001|clock_ms=13540|throughput_fps=36.939|clock_suspects=0|checksum=61062143
PMLE_FREE_RASTER_PASS|PASS|pass=7|frames=500|p50_ms=25.463|p95_ms=31.395|wall_ms=13510.862|clock_ms=13510|throughput_fps=37.007|clock_suspects=0|checksum=71102811
PMLE_FREE_RASTER_PASS|PASS|pass=8|frames=500|p50_ms=26.256|p95_ms=31.377|wall_ms=13574.041|clock_ms=13570|throughput_fps=36.835|clock_suspects=0|checksum=81143479
PMLE_FREE_RASTER_PASS|PASS|pass=9|frames=500|p50_ms=25.957|p95_ms=31.768|wall_ms=13633.094|clock_ms=13640|throughput_fps=36.675|clock_suspects=0|checksum=91184147
PMLE_FREE_RASTER_PASS|PASS|pass=10|frames=500|p50_ms=25.953|p95_ms=34.355|wall_ms=13626.264|clock_ms=13630|throughput_fps=36.694|clock_suspects=0|checksum=101224815
PMLE_FREE_RASTER_PASS|PASS|pass=11|frames=500|p50_ms=25.903|p95_ms=31.998|wall_ms=13647.926|clock_ms=13650|throughput_fps=36.636|clock_suspects=0|checksum=111265483
PMLE_FREE_RASTER_PASS|PASS|pass=12|frames=500|p50_ms=26.476|p95_ms=31.414|wall_ms=13696.569|clock_ms=13700|throughput_fps=36.505|clock_suspects=0|checksum=121306151

