
Session altered.


Session altered.


Session altered.


Session altered.


Session altered.

6 command-line variables
M_LoadDefaults: Load system defaults.
M_Random: Using DelegateRandom.
-iwad specified. Will be used with priority
	added freedoom1.wad (zipped: false network: true)
ITicker: Using nanosecond accuracy timer.
                         The Ultimate DOOM Startup v1.9                           
W_Init: Init WADfiles.
	added freedoom1.wad (zipped: false network: true)
VI_Init: set palettes.
Palette: 3584 colors
VI_Init: set colormaps.
Colormaps: 35
V_Init: allocate screens.
AM_Init: Init Automap colors - 
===========================================================================
                 Commercial product - do not distribute!
         Please report software piracy to the SPA: 1-800-388-PIR8
===========================================================================
Tables.InitTables: Init trigonometric LUTs.
M_Init: Init miscellaneous info.
R_Init: Init DOOM refresh daemon - 
R_InitData
Init Texture and Flat Manager
InitTextures[................
InitFlats
InitSprites..............
InitColormaps		
R_InitPointToAngle
R_InitTables
R_InitPlanes
R_InitLightTables
R_InitSkyMap: 119
R_InitTranslationsTables
R_InitTranMap: 
R_InitDrawingFunctions: 
P_Init: Init Playloop state.
false NUKAGE1 NUKAGE3 8
false FWATER1 FWATER4 8
false SWATER1 SWATER4 8
false LAVA1 LAVA4 8
false BLOOD1 BLOOD3 8
false RROCK05 RROCK08 8
false SLIME01 SLIME04 8
false SLIME05 SLIME08 8
false SLIME09 SLIME12 8
I_Init: Setting up machine state.
D_CheckNetGame: Checking network game status.
startskill sk_medium  deathmatch: false  startmap: 1  startepisode: 1
player 1 of 1 (1 nodes)
S_Init: Setting up sound.
M_Random: Switching to DoomRandom (new instance)
P_GetNodesVersion: using normal BSP nodes
PMLE_OCI_DVL2_SLIM_WORLD_LOAD|PASS

PMLE_OCI_DVL2_SLIM_WORLD_STAGE|PASS|stage=AUTHORITY_STEP|p50_ms=3.572|p95_ms=5.607|p99_ms=11.258|mean_ms=3.956
PMLE_OCI_DVL2_SLIM_WORLD_STAGE|PASS|stage=DVL2_SNAPSHOT_BUILD|p50_ms=0.611|p95_ms=0.813|p99_ms=0.853|mean_ms=0.662
PMLE_OCI_DVL2_SLIM_WORLD_STAGE|PASS|stage=DVL2_DYNAMIC_IMPORT|p50_ms=0.057|p95_ms=0.133|p99_ms=0.152|mean_ms=0.069
PMLE_OCI_DVL2_SLIM_WORLD_STAGE|PASS|stage=COARSE_WORLD_RASTER|p50_ms=11.939|p95_ms=16.507|p99_ms=22.570|mean_ms=12.454
PMLE_OCI_DVL2_SLIM_WORLD_STAGE|PASS|stage=COMPOSITOR_SNAPSHOT_BUILD|p50_ms=2.411|p95_ms=2.991|p99_ms=11.113|mean_ms=2.624
PMLE_OCI_DVL2_SLIM_WORLD_STAGE|PASS|stage=COMPOSITOR_SNAPSHOT_EXPORT|p50_ms=0.039|p95_ms=0.054|p99_ms=0.065|mean_ms=0.041
PMLE_OCI_DVL2_SLIM_WORLD_STAGE|PASS|stage=COMPOSITOR_BUFFER_COPY|p50_ms=0.014|p95_ms=0.020|p99_ms=0.024|mean_ms=0.015
PMLE_OCI_DVL2_SLIM_WORLD_STAGE|PASS|stage=WORLD_SPRITES|p50_ms=2.405|p95_ms=3.743|p99_ms=5.642|mean_ms=2.493
PMLE_OCI_DVL2_SLIM_WORLD_STAGE|PASS|stage=WEAPON_PSPRITES|p50_ms=0.474|p95_ms=0.528|p99_ms=0.579|mean_ms=0.481
PMLE_OCI_DVL2_SLIM_WORLD_STAGE|PASS|stage=STATUS_BAR_HUD|p50_ms=0.053|p95_ms=0.552|p99_ms=0.577|mean_ms=0.083
PMLE_OCI_DVL2_SLIM_WORLD_STAGE|PASS|stage=BLOB_RING_PUBLISH|p50_ms=4.016|p95_ms=5.306|p99_ms=20.993|mean_ms=5.074
PMLE_OCI_DVL2_SLIM_WORLD_STAGE|PASS|stage=TOTAL|p50_ms=26.352|p95_ms=36.745|p99_ms=52.874|mean_ms=27.952
PMLE_OCI_DVL2_TAIL|PASS|frame=8|total_ms=42.774|authority_ms=2.587|raster_ms=24.092|snapshot_build_ms=2.952|sprites_ms=3.308|weapon_ms=0.334|hud_ms=0.052|publish_ms=4.107
PMLE_OCI_DVL2_TAIL|PASS|frame=16|total_ms=36.745|authority_ms=10.740|raster_ms=14.675|snapshot_build_ms=2.933|sprites_ms=3.448|weapon_ms=0.415|hud_ms=0.051|publish_ms=3.589
PMLE_OCI_DVL2_TAIL|PASS|frame=23|total_ms=41.004|authority_ms=2.768|raster_ms=16.369|snapshot_build_ms=11.195|sprites_ms=5.642|weapon_ms=0.447|hud_ms=0.073|publish_ms=3.804
PMLE_OCI_DVL2_TAIL|PASS|frame=31|total_ms=109.014|authority_ms=2.668|raster_ms=24.073|snapshot_build_ms=2.933|sprites_ms=3.328|weapon_ms=0.468|hud_ms=0.055|publish_ms=74.809
PMLE_OCI_DVL2_TAIL|PASS|frame=32|total_ms=99.561|authority_ms=3.127|raster_ms=16.271|snapshot_build_ms=2.958|sprites_ms=3.583|weapon_ms=0.494|hud_ms=0.061|publish_ms=72.101
PMLE_OCI_DVL2_TAIL|PASS|frame=39|total_ms=38.822|authority_ms=11.258|raster_ms=15.194|snapshot_build_ms=2.885|sprites_ms=3.550|weapon_ms=0.432|hud_ms=0.056|publish_ms=4.653
PMLE_OCI_DVL2_TAIL|PASS|frame=56|total_ms=52.874|authority_ms=2.729|raster_ms=13.574|snapshot_build_ms=11.238|sprites_ms=2.981|weapon_ms=0.418|hud_ms=0.054|publish_ms=20.993
PMLE_OCI_DVL2_TAIL|PASS|frame=74|total_ms=39.061|authority_ms=3.305|raster_ms=12.627|snapshot_build_ms=2.567|sprites_ms=13.230|weapon_ms=0.579|hud_ms=0.083|publish_ms=5.954
PMLE_OCI_DVL2_TAIL|PASS|frame=77|total_ms=45.281|authority_ms=4.877|raster_ms=12.821|snapshot_build_ms=2.720|sprites_ms=2.820|weapon_ms=0.405|hud_ms=0.056|publish_ms=20.840
PMLE_OCI_DVL2_TAIL|PASS|frame=84|total_ms=37.826|authority_ms=3.944|raster_ms=22.570|snapshot_build_ms=2.678|sprites_ms=2.764|weapon_ms=0.513|hud_ms=0.064|publish_ms=4.550
PMLE_OCI_DVL2_TAIL|PASS|frame=94|total_ms=38.992|authority_ms=13.197|raster_ms=13.850|snapshot_build_ms=2.664|sprites_ms=2.776|weapon_ms=0.506|hud_ms=0.064|publish_ms=5.139
PMLE_OCI_DVL2_TAIL|PASS|frame=103|total_ms=36.887|authority_ms=3.224|raster_ms=22.137|snapshot_build_ms=2.597|sprites_ms=2.920|weapon_ms=0.460|hud_ms=0.061|publish_ms=4.825
PMLE_OCI_DVL2_TAIL|PASS|frame=113|total_ms=36.930|authority_ms=13.200|raster_ms=12.080|snapshot_build_ms=2.672|sprites_ms=2.848|weapon_ms=0.419|hud_ms=0.062|publish_ms=4.626
PMLE_OCI_DVL2_TAIL|PASS|frame=225|total_ms=158.187|authority_ms=4.701|raster_ms=73.439|snapshot_build_ms=2.281|sprites_ms=1.629|weapon_ms=0.530|hud_ms=0.068|publish_ms=74.511
PMLE_OCI_DVL2_TAIL|PASS|frame=249|total_ms=38.266|authority_ms=3.225|raster_ms=9.513|snapshot_build_ms=1.964|sprites_ms=1.810|weapon_ms=0.474|hud_ms=0.062|publish_ms=20.306
PMLE_OCI_DVL2_TAIL|PASS|frame=250|total_ms=46.212|authority_ms=5.165|raster_ms=15.796|snapshot_build_ms=2.053|sprites_ms=1.879|weapon_ms=0.488|hud_ms=0.053|publish_ms=19.727
PMLE_OCI_DVL2_SLIM_WORLD|PASS|frames=300|unique=300|ring_full=64|ring_unique=64|native_views=3|transport=persistent_returning_oracle_blob|temporary_lobs_before=0|temporary_lobs_after=2|temporary_lobs_delta=2|compositor_bytes_min=2992|compositor_bytes_max=5272|p95_ms=36.745|fps_p95=27.215|gate=FAIL

