
Session altered.


Session altered.


Session altered.


Session altered.


Session altered.

6 command-line variables
M_LoadDefaults: Load system defaults.
M_Random: Using DelegateRandom.
-iwad specified. Will be used with priority
	added freedoom1.wad (zipped: false network: true)
ITicker: Using nanosecond accuracy timer.
                         The Ultimate DOOM Startup v1.9                           
W_Init: Init WADfiles.
	added freedoom1.wad (zipped: false network: true)
VI_Init: set palettes.
Palette: 3584 colors
VI_Init: set colormaps.
Colormaps: 35
V_Init: allocate screens.
AM_Init: Init Automap colors - 
===========================================================================
                 Commercial product - do not distribute!
         Please report software piracy to the SPA: 1-800-388-PIR8
===========================================================================
Tables.InitTables: Init trigonometric LUTs.
M_Init: Init miscellaneous info.
R_Init: Init DOOM refresh daemon - 
R_InitData
Init Texture and Flat Manager
InitTextures[................
InitFlats
InitSprites..............
InitColormaps		
R_InitPointToAngle
R_InitTables
R_InitPlanes
R_InitLightTables
R_InitSkyMap: 119
R_InitTranslationsTables
R_InitTranMap: 
R_InitDrawingFunctions: 
P_Init: Init Playloop state.
false NUKAGE1 NUKAGE3 8
false FWATER1 FWATER4 8
false SWATER1 SWATER4 8
false LAVA1 LAVA4 8
false BLOOD1 BLOOD3 8
false RROCK05 RROCK08 8
false SLIME01 SLIME04 8
false SLIME05 SLIME08 8
false SLIME09 SLIME12 8
I_Init: Setting up machine state.
D_CheckNetGame: Checking network game status.
startskill sk_medium  deathmatch: false  startmap: 1  startepisode: 1
player 1 of 1 (1 nodes)
S_Init: Setting up sound.
M_Random: Switching to DoomRandom (new instance)
P_GetNodesVersion: using normal BSP nodes
PMLE_OCI_DVL2_SLIM_WORLD_LOAD|PASS

PMLE_OCI_DVL2_SLIM_WORLD_STAGE|PASS|stage=AUTHORITY_STEP|p50_ms=4.630|p95_ms=6.170|p99_ms=8.670|mean_ms=4.447
PMLE_OCI_DVL2_SLIM_WORLD_STAGE|PASS|stage=DVL2_SNAPSHOT_BUILD|p50_ms=0.090|p95_ms=0.119|p99_ms=0.145|mean_ms=0.094
PMLE_OCI_DVL2_SLIM_WORLD_STAGE|PASS|stage=DVL2_DYNAMIC_IMPORT|p50_ms=0.032|p95_ms=0.042|p99_ms=0.052|mean_ms=0.033
PMLE_OCI_DVL2_SLIM_WORLD_STAGE|PASS|stage=COARSE_WORLD_RASTER|p50_ms=18.631|p95_ms=24.849|p99_ms=26.498|mean_ms=19.390
PMLE_OCI_DVL2_SLIM_WORLD_STAGE|PASS|stage=COMPOSITOR_SNAPSHOT_BUILD|p50_ms=7.364|p95_ms=8.379|p99_ms=13.733|mean_ms=7.674
PMLE_OCI_DVL2_SLIM_WORLD_STAGE|PASS|stage=COMPOSITOR_BUFFER_COPY|p50_ms=15.986|p95_ms=19.547|p99_ms=21.695|mean_ms=16.390
PMLE_OCI_DVL2_SLIM_WORLD_STAGE|PASS|stage=WORLD_SPRITES|p50_ms=2.246|p95_ms=3.501|p99_ms=4.060|mean_ms=2.505
PMLE_OCI_DVL2_SLIM_WORLD_STAGE|PASS|stage=WEAPON_PSPRITES|p50_ms=2.821|p95_ms=2.990|p99_ms=4.918|mean_ms=2.845
PMLE_OCI_DVL2_SLIM_WORLD_STAGE|PASS|stage=STATUS_BAR_HUD|p50_ms=5.138|p95_ms=5.797|p99_ms=10.357|mean_ms=5.335
PMLE_OCI_DVL2_SLIM_WORLD_STAGE|PASS|stage=BLOB_RING_PUBLISH|p50_ms=4.335|p95_ms=6.243|p99_ms=33.261|mean_ms=5.974
PMLE_OCI_DVL2_SLIM_WORLD_STAGE|PASS|stage=TOTAL|p50_ms=62.309|p95_ms=70.595|p99_ms=91.963|mean_ms=64.687
PMLE_OCI_DVL2_SLIM_WORLD|PASS|frames=300|unique=300|ring_full=64|ring_unique=64|p95_ms=70.595|fps_p95=14.165|gate=FAIL

