
Session altered.


Session altered.


Session altered.


Session altered.


Session altered.

6 command-line variables
M_LoadDefaults: Load system defaults.
M_Random: Using DelegateRandom.
-iwad specified. Will be used with priority
	added freedoom1.wad (zipped: false network: true)
ITicker: Using nanosecond accuracy timer.
                         The Ultimate DOOM Startup v1.9                           
W_Init: Init WADfiles.
	added freedoom1.wad (zipped: false network: true)
VI_Init: set palettes.
Palette: 3584 colors
VI_Init: set colormaps.
Colormaps: 35
V_Init: allocate screens.
AM_Init: Init Automap colors - 
===========================================================================
                 Commercial product - do not distribute!
         Please report software piracy to the SPA: 1-800-388-PIR8
===========================================================================
Tables.InitTables: Init trigonometric LUTs.
M_Init: Init miscellaneous info.
R_Init: Init DOOM refresh daemon - 
R_InitData
Init Texture and Flat Manager
InitTextures[................
InitFlats
InitSprites..............
InitColormaps		
R_InitPointToAngle
R_InitTables
R_InitPlanes
R_InitLightTables
R_InitSkyMap: 119
R_InitTranslationsTables
R_InitTranMap: 
R_InitDrawingFunctions: 
P_Init: Init Playloop state.
false NUKAGE1 NUKAGE3 8
false FWATER1 FWATER4 8
false SWATER1 SWATER4 8
false LAVA1 LAVA4 8
false BLOOD1 BLOOD3 8
false RROCK05 RROCK08 8
false SLIME01 SLIME04 8
false SLIME05 SLIME08 8
false SLIME09 SLIME12 8
I_Init: Setting up machine state.
D_CheckNetGame: Checking network game status.
startskill sk_medium  deathmatch: false  startmap: 1  startepisode: 1
player 1 of 1 (1 nodes)
S_Init: Setting up sound.
M_Random: Switching to DoomRandom (new instance)
P_GetNodesVersion: using normal BSP nodes
PMLE_OCI_DVL2_SLIM_WORLD_LOAD|PASS

PMLE_OCI_DVL2_SLIM_WORLD_STAGE|PASS|stage=AUTHORITY_STEP|p50_ms=3.479|p95_ms=6.575|p99_ms=8.250|mean_ms=3.965
PMLE_OCI_DVL2_SLIM_WORLD_STAGE|PASS|stage=DVL2_SNAPSHOT_BUILD|p50_ms=1.452|p95_ms=2.498|p99_ms=5.868|mean_ms=1.661
PMLE_OCI_DVL2_SLIM_WORLD_STAGE|PASS|stage=DVL2_DYNAMIC_IMPORT|p50_ms=0.437|p95_ms=0.728|p99_ms=0.815|mean_ms=0.468
PMLE_OCI_DVL2_SLIM_WORLD_STAGE|PASS|stage=COARSE_WORLD_RASTER|p50_ms=11.824|p95_ms=17.137|p99_ms=19.496|mean_ms=12.381
PMLE_OCI_DVL2_SLIM_WORLD_STAGE|PASS|stage=COMPOSITOR_SNAPSHOT_BUILD|p50_ms=2.945|p95_ms=4.522|p99_ms=7.497|mean_ms=3.160
PMLE_OCI_DVL2_SLIM_WORLD_STAGE|PASS|stage=COMPOSITOR_SNAPSHOT_EXPORT|p50_ms=0.041|p95_ms=0.056|p99_ms=0.087|mean_ms=0.043
PMLE_OCI_DVL2_SLIM_WORLD_STAGE|PASS|stage=COMPOSITOR_BUFFER_COPY|p50_ms=0.014|p95_ms=0.020|p99_ms=0.029|mean_ms=0.015
PMLE_OCI_DVL2_SLIM_WORLD_STAGE|PASS|stage=WORLD_SPRITES|p50_ms=3.305|p95_ms=4.794|p99_ms=8.093|mean_ms=3.431
PMLE_OCI_DVL2_SLIM_WORLD_STAGE|PASS|stage=WEAPON_PSPRITES|p50_ms=0.468|p95_ms=0.553|p99_ms=0.842|mean_ms=0.488
PMLE_OCI_DVL2_SLIM_WORLD_STAGE|PASS|stage=STATUS_BAR_HUD|p50_ms=0.051|p95_ms=1.570|p99_ms=1.612|mean_ms=0.142
PMLE_OCI_DVL2_SLIM_WORLD_STAGE|PASS|stage=BLOB_RING_PUBLISH|p50_ms=4.006|p95_ms=4.968|p99_ms=7.998|mean_ms=4.255
PMLE_OCI_DVL2_SLIM_WORLD_STAGE|PASS|stage=TOTAL|p50_ms=29.388|p95_ms=36.898|p99_ms=45.883|mean_ms=30.008
PMLE_OCI_DVL2_TAIL|PASS|frame=1|total_ms=37.315|authority_ms=8.016|raster_ms=14.721|snapshot_build_ms=3.455|sprites_ms=5.348|weapon_ms=0.148|hud_ms=0.065|publish_ms=3.640
PMLE_OCI_DVL2_TAIL|PASS|frame=2|total_ms=37.382|authority_ms=2.831|raster_ms=14.983|snapshot_build_ms=8.342|sprites_ms=4.884|weapon_ms=0.196|hud_ms=0.051|publish_ms=4.120
PMLE_OCI_DVL2_TAIL|PASS|frame=8|total_ms=52.757|authority_ms=2.695|raster_ms=20.453|snapshot_build_ms=5.378|sprites_ms=12.880|weapon_ms=0.553|hud_ms=0.088|publish_ms=4.546
PMLE_OCI_DVL2_TAIL|PASS|frame=15|total_ms=45.883|authority_ms=3.037|raster_ms=26.092|snapshot_build_ms=5.547|sprites_ms=4.854|weapon_ms=0.405|hud_ms=0.050|publish_ms=3.969
PMLE_OCI_DVL2_TAIL|PASS|frame=17|total_ms=38.056|authority_ms=3.142|raster_ms=19.010|snapshot_build_ms=3.470|sprites_ms=4.408|weapon_ms=0.405|hud_ms=1.684|publish_ms=3.959
PMLE_OCI_DVL2_TAIL|PASS|frame=23|total_ms=38.096|authority_ms=2.768|raster_ms=20.222|snapshot_build_ms=3.443|sprites_ms=5.427|weapon_ms=0.415|hud_ms=0.052|publish_ms=3.826
PMLE_OCI_DVL2_TAIL|PASS|frame=31|total_ms=36.898|authority_ms=2.739|raster_ms=15.451|snapshot_build_ms=3.489|sprites_ms=4.212|weapon_ms=0.475|hud_ms=0.051|publish_ms=4.124
PMLE_OCI_DVL2_TAIL|PASS|frame=68|total_ms=38.910|authority_ms=5.629|raster_ms=17.283|snapshot_build_ms=3.234|sprites_ms=4.370|weapon_ms=0.462|hud_ms=1.612|publish_ms=4.312
PMLE_OCI_DVL2_TAIL|PASS|frame=76|total_ms=45.889|authority_ms=3.083|raster_ms=12.525|snapshot_build_ms=3.232|sprites_ms=3.677|weapon_ms=0.396|hud_ms=0.053|publish_ms=20.975
PMLE_OCI_DVL2_TAIL|PASS|frame=196|total_ms=42.381|authority_ms=5.970|raster_ms=18.593|snapshot_build_ms=4.522|sprites_ms=4.093|weapon_ms=0.788|hud_ms=0.122|publish_ms=4.946
PMLE_OCI_DVL2_TAIL|PASS|frame=198|total_ms=41.856|authority_ms=5.787|raster_ms=18.496|snapshot_build_ms=4.528|sprites_ms=3.948|weapon_ms=0.768|hud_ms=0.130|publish_ms=4.830
PMLE_OCI_DVL2_TAIL|PASS|frame=200|total_ms=37.480|authority_ms=5.613|raster_ms=10.684|snapshot_build_ms=2.808|sprites_ms=2.438|weapon_ms=0.516|hud_ms=0.065|publish_ms=4.408
PMLE_OCI_DVL2_TAIL|PASS|frame=203|total_ms=38.729|authority_ms=6.999|raster_ms=11.104|snapshot_build_ms=4.458|sprites_ms=3.989|weapon_ms=0.604|hud_ms=0.080|publish_ms=8.390
PMLE_OCI_DVL2_TAIL|PASS|frame=204|total_ms=61.905|authority_ms=4.531|raster_ms=10.532|snapshot_build_ms=2.744|sprites_ms=2.485|weapon_ms=0.496|hud_ms=1.637|publish_ms=37.469
PMLE_OCI_DVL2_TAIL|PASS|frame=205|total_ms=39.710|authority_ms=6.531|raster_ms=17.245|snapshot_build_ms=4.276|sprites_ms=2.811|weapon_ms=0.499|hud_ms=0.057|publish_ms=4.917
PMLE_OCI_DVL2_TAIL|PASS|frame=210|total_ms=42.191|authority_ms=6.689|raster_ms=17.988|snapshot_build_ms=4.395|sprites_ms=3.838|weapon_ms=0.769|hud_ms=0.127|publish_ms=5.029
PMLE_OCI_DVL2_SLIM_WORLD|PASS|frames=300|unique=300|ring_full=64|ring_unique=64|native_views=3|transport=persistent_returning_oracle_blob|temporary_lobs_before=0|temporary_lobs_after=2|temporary_lobs_delta=2|compositor_bytes_min=2992|compositor_bytes_max=5272|p95_ms=36.898|fps_p95=27.102|gate=FAIL

