
Session altered.


Session altered.


Session altered.


Session altered.


Session altered.

6 command-line variables
M_LoadDefaults: Load system defaults.
M_Random: Using DelegateRandom.
-iwad specified. Will be used with priority
	added freedoom1.wad (zipped: false network: true)
ITicker: Using nanosecond accuracy timer.
                         The Ultimate DOOM Startup v1.9                           
W_Init: Init WADfiles.
	added freedoom1.wad (zipped: false network: true)
VI_Init: set palettes.
Palette: 3584 colors
VI_Init: set colormaps.
Colormaps: 35
V_Init: allocate screens.
AM_Init: Init Automap colors - 
===========================================================================
                 Commercial product - do not distribute!
         Please report software piracy to the SPA: 1-800-388-PIR8
===========================================================================
Tables.InitTables: Init trigonometric LUTs.
M_Init: Init miscellaneous info.
R_Init: Init DOOM refresh daemon - 
R_InitData
Init Texture and Flat Manager
InitTextures[................
InitFlats
InitSprites..............
InitColormaps		
R_InitPointToAngle
R_InitTables
R_InitPlanes
R_InitLightTables
R_InitSkyMap: 119
R_InitTranslationsTables
R_InitTranMap: 
R_InitDrawingFunctions: 
P_Init: Init Playloop state.
false NUKAGE1 NUKAGE3 8
false FWATER1 FWATER4 8
false SWATER1 SWATER4 8
false LAVA1 LAVA4 8
false BLOOD1 BLOOD3 8
false RROCK05 RROCK08 8
false SLIME01 SLIME04 8
false SLIME05 SLIME08 8
false SLIME09 SLIME12 8
I_Init: Setting up machine state.
D_CheckNetGame: Checking network game status.
startskill sk_medium  deathmatch: false  startmap: 1  startepisode: 1
player 1 of 1 (1 nodes)
S_Init: Setting up sound.
M_Random: Switching to DoomRandom (new instance)
P_GetNodesVersion: using normal BSP nodes
6 command-line variables
M_LoadDefaults: Load system defaults.
M_Random: Using DelegateRandom.
-iwad specified. Will be used with priority
	added freedoom1.wad (zipped: false network: true)
ITicker: Using nanosecond accuracy timer.
                         The Ultimate DOOM Startup v1.9                           
W_Init: Init WADfiles.
	added freedoom1.wad (zipped: false network: true)
VI_Init: set palettes.
Palette: 3584 colors
VI_Init: set colormaps.
Colormaps: 35
V_Init: allocate screens.
AM_Init: Init Automap colors - 
===========================================================================
                 Commercial product - do not distribute!
         Please report software piracy to the SPA: 1-800-388-PIR8
===========================================================================
Tables.InitTables: Init trigonometric LUTs.
M_Init: Init miscellaneous info.
R_Init: Init DOOM refresh daemon - 
R_InitData
Init Texture and Flat Manager
InitTextures[................
InitFlats
InitSprites..............
InitColormaps		
R_InitPointToAngle
R_InitTables
R_InitPlanes
R_InitLightTables
R_InitSkyMap: 119
R_InitTranslationsTables
R_InitTranMap: 
R_InitDrawingFunctions: 
P_Init: Init Playloop state.
false NUKAGE1 NUKAGE3 8
false FWATER1 FWATER4 8
false SWATER1 SWATER4 8
false LAVA1 LAVA4 8
false BLOOD1 BLOOD3 8
false RROCK05 RROCK08 8
false SLIME01 SLIME04 8
false SLIME05 SLIME08 8
false SLIME09 SLIME12 8
I_Init: Setting up machine state.
D_CheckNetGame: Checking network game status.
startskill sk_medium  deathmatch: false  startmap: 1  startepisode: 1
player 1 of 1 (1 nodes)
S_Init: Setting up sound.
M_Random: Switching to DoomRandom (new instance)
P_GetNodesVersion: using normal BSP nodes
PMLE_LIVE_BISECTION_EQUIVALENCE|PASS|tic=131|sha256=9ca0312cfc6879bdf6863a920c5cf945c533367342be282e1777c630751ca30a
PMLE_LIVE_BISECTION_EQUIVALENCE|PASS|tic=180|sha256=fd81c378b999c24b654546042f4bad967919c199075d5af137fadf842ecdc9d9
PMLE_LIVE_BISECTION_EQUIVALENCE|PASS|tic=230|sha256=cfd9753a69f19c61f296cc87c3c017d12beeb0218f23f8899f4bdbbfbf15a35d
PMLE_LIVE_COMMAND_BISECTION|DIAGNOSTIC_NOT_GATE|window=PEAK_AWAKE|offset=100|samples=100|warmup=30|exact_samples=3|commands_p50=1927|commands_p95=2108|count_only_p50_ms=139.978|count_only_p95_ms=155.609|capture_p50_ms=167.140|capture_p95_ms=177.973|raster_p50_ms=19.052|raster_p95_ms=21.936|capture_minus_count_p50_ms=27.162|capture_minus_count_p95_ms=22.364

