
Session altered.


Session altered.


Session altered.


Session altered.


Session altered.

PMLE_FREE_LIVE_TEAVM_RASTER_LOAD|PASS|pack_bytes=329242

PMLE_FREE_LIVE_TEAVM_RASTER_TEXTURE|PASS|bytes=2545152|sha256=4e23605106fef6735948da519ddd78ec0527a8f6b1ddacfe9dddb07c511bc001

PMLE_FREE_LIVE_TEAVM_FLAT_TEXTURE|PASS|bytes=401408|sha256=bd6225c381118fd2fb75bb15cd2e5d2922eb7dc027b24abd919e3880e86247cf

PMLE_FREE_LIVE_TEAVM_RASTER_PASS|PASS|pass=1|frames=500|p50_ms=39.095|p95_ms=46.243|wall_ms=19760.798|clock_ms=19760|throughput_fps=25.303|clock_suspects=0|pixel_writes=80041|checksum=3293809347
PMLE_FREE_LIVE_TEAVM_RASTER_PASS|PASS|pass=2|frames=500|p50_ms=39.45|p95_ms=47.396|wall_ms=20086.341|clock_ms=20080|throughput_fps=24.893|clock_suspects=0|pixel_writes=80041|checksum=6467400281
PMLE_FREE_LIVE_TEAVM_RASTER_PASS|PASS|pass=3|frames=500|p50_ms=39.201|p95_ms=47.735|wall_ms=19989.952|clock_ms=19990|throughput_fps=25.013|clock_suspects=0|pixel_writes=80041|checksum=9640991215
PMLE_FREE_LIVE_TEAVM_RASTER_PASS|PASS|pass=4|frames=500|p50_ms=40.135|p95_ms=48.071|wall_ms=20092.404|clock_ms=20090|throughput_fps=24.885|clock_suspects=0|pixel_writes=80041|checksum=12814582149
PMLE_FREE_LIVE_TEAVM_RASTER_PASS|PASS|pass=5|frames=500|p50_ms=40.129|p95_ms=46.999|wall_ms=20127.086|clock_ms=20120|throughput_fps=24.842|clock_suspects=0|pixel_writes=80041|checksum=15988173083
PMLE_FREE_LIVE_TEAVM_RASTER_PASS|PASS|pass=6|frames=500|p50_ms=39.445|p95_ms=46.976|wall_ms=20141.476|clock_ms=20140|throughput_fps=24.824|clock_suspects=0|pixel_writes=80041|checksum=19161764017
PMLE_FREE_LIVE_TEAVM_RASTER_PASS|PASS|pass=7|frames=500|p50_ms=39.392|p95_ms=47.922|wall_ms=20126.854|clock_ms=20130|throughput_fps=24.842|clock_suspects=0|pixel_writes=80041|checksum=22335354951
PMLE_FREE_LIVE_TEAVM_RASTER_PASS|PASS|pass=8|frames=500|p50_ms=39.521|p95_ms=48.418|wall_ms=20090.768|clock_ms=20090|throughput_fps=24.887|clock_suspects=0|pixel_writes=80041|checksum=25508945885
PMLE_FREE_LIVE_TEAVM_RASTER_PASS|PASS|pass=9|frames=500|p50_ms=40.473|p95_ms=48.547|wall_ms=20162.148|clock_ms=20160|throughput_fps=24.799|clock_suspects=0|pixel_writes=80041|checksum=28682536819
PMLE_FREE_LIVE_TEAVM_RASTER_PASS|PASS|pass=10|frames=500|p50_ms=39.965|p95_ms=47.371|wall_ms=20075.31|clock_ms=20080|throughput_fps=24.906|clock_suspects=0|pixel_writes=80041|checksum=31856127753
PMLE_FREE_LIVE_TEAVM_RASTER_PASS|PASS|pass=11|frames=500|p50_ms=39.209|p95_ms=46.79|wall_ms=19994.297|clock_ms=20000|throughput_fps=25.007|clock_suspects=0|pixel_writes=80041|checksum=35029718687
PMLE_FREE_LIVE_TEAVM_RASTER_PASS|PASS|pass=12|frames=500|p50_ms=39.795|p95_ms=47.746|wall_ms=20024.575|clock_ms=20030|throughput_fps=24.969|clock_suspects=0|pixel_writes=80041|checksum=38203309621

