
Session altered.


Session altered.


Session altered.


Session altered.


Session altered.

6 command-line variables
M_LoadDefaults: Load system defaults.
M_Random: Using DelegateRandom.
-iwad specified. Will be used with priority
	added freedoom1.wad (zipped: false network: true)
ITicker: Using nanosecond accuracy timer.
                         The Ultimate DOOM Startup v1.9                           
W_Init: Init WADfiles.
	added freedoom1.wad (zipped: false network: true)
VI_Init: set palettes.
Palette: 3584 colors
VI_Init: set colormaps.
Colormaps: 35
V_Init: allocate screens.
AM_Init: Init Automap colors - 
===========================================================================
                 Commercial product - do not distribute!
         Please report software piracy to the SPA: 1-800-388-PIR8
===========================================================================
Tables.InitTables: Init trigonometric LUTs.
M_Init: Init miscellaneous info.
R_Init: Init DOOM refresh daemon - 
R_InitData
Init Texture and Flat Manager
InitTextures[................
InitFlats
InitSprites..............
InitColormaps		
R_InitPointToAngle
R_InitTables
R_InitPlanes
R_InitLightTables
R_InitSkyMap: 119
R_InitTranslationsTables
R_InitTranMap: 
R_InitDrawingFunctions: 
P_Init: Init Playloop state.
false NUKAGE1 NUKAGE3 8
false FWATER1 FWATER4 8
false SWATER1 SWATER4 8
false LAVA1 LAVA4 8
false BLOOD1 BLOOD3 8
false RROCK05 RROCK08 8
false SLIME01 SLIME04 8
false SLIME05 SLIME08 8
false SLIME09 SLIME12 8
I_Init: Setting up machine state.
D_CheckNetGame: Checking network game status.
startskill sk_medium  deathmatch: false  startmap: 1  startepisode: 1
player 1 of 1 (1 nodes)
S_Init: Setting up sound.
M_Random: Switching to DoomRandom (new instance)
P_GetNodesVersion: using normal BSP nodes
PMLE_OCI_DVL2_SLIM_WORLD_LOAD|PASS

PMLE_OCI_DVL2_SLIM_WORLD_STAGE|PASS|stage=AUTHORITY_STEP|p50_ms=3.791|p95_ms=5.746|p99_ms=9.843|mean_ms=4.106
PMLE_OCI_DVL2_SLIM_WORLD_STAGE|PASS|stage=DVL2_SNAPSHOT_BUILD|p50_ms=0.653|p95_ms=0.845|p99_ms=0.919|mean_ms=0.691
PMLE_OCI_DVL2_SLIM_WORLD_STAGE|PASS|stage=DVL2_DYNAMIC_IMPORT|p50_ms=0.062|p95_ms=0.137|p99_ms=0.157|mean_ms=0.073
PMLE_OCI_DVL2_SLIM_WORLD_STAGE|PASS|stage=COARSE_WORLD_RASTER|p50_ms=12.105|p95_ms=16.962|p99_ms=21.966|mean_ms=12.526
PMLE_OCI_DVL2_SLIM_WORLD_STAGE|PASS|stage=COMPOSITOR_SNAPSHOT_BUILD|p50_ms=2.447|p95_ms=3.101|p99_ms=10.008|mean_ms=2.693
PMLE_OCI_DVL2_SLIM_WORLD_STAGE|PASS|stage=COMPOSITOR_SNAPSHOT_EXPORT|p50_ms=0.046|p95_ms=0.062|p99_ms=0.074|mean_ms=0.047
PMLE_OCI_DVL2_SLIM_WORLD_STAGE|PASS|stage=COMPOSITOR_BUFFER_COPY|p50_ms=0.015|p95_ms=0.021|p99_ms=0.028|mean_ms=0.015
PMLE_OCI_DVL2_SLIM_WORLD_STAGE|PASS|stage=WORLD_SPRITES|p50_ms=2.430|p95_ms=3.838|p99_ms=4.870|mean_ms=2.498
PMLE_OCI_DVL2_SLIM_WORLD_STAGE|PASS|stage=WEAPON_PSPRITES|p50_ms=0.478|p95_ms=0.527|p99_ms=0.548|mean_ms=0.483
PMLE_OCI_DVL2_SLIM_WORLD_STAGE|PASS|stage=STATUS_BAR_HUD|p50_ms=0.059|p95_ms=0.556|p99_ms=0.609|mean_ms=0.089
PMLE_OCI_DVL2_SLIM_WORLD_STAGE|PASS|stage=BLOB_RING_PUBLISH|p50_ms=4.092|p95_ms=5.676|p99_ms=104.815|mean_ms=6.716
PMLE_OCI_DVL2_SLIM_WORLD_STAGE|PASS|stage=TOTAL|p50_ms=26.808|p95_ms=37.369|p99_ms=126.514|mean_ms=29.939
PMLE_OCI_DVL2_TAIL|PASS|frame=21|total_ms=38.208|authority_ms=3.069|raster_ms=15.796|snapshot_build_ms=9.884|sprites_ms=4.121|weapon_ms=0.444|hud_ms=0.065|publish_ms=4.061
PMLE_OCI_DVL2_TAIL|PASS|frame=27|total_ms=38.852|authority_ms=3.759|raster_ms=23.218|snapshot_build_ms=3.091|sprites_ms=3.345|weapon_ms=0.447|hud_ms=0.056|publish_ms=4.145
PMLE_OCI_DVL2_TAIL|PASS|frame=30|total_ms=131.270|authority_ms=2.942|raster_ms=16.081|snapshot_build_ms=2.983|sprites_ms=3.205|weapon_ms=0.452|hud_ms=0.055|publish_ms=104.815
PMLE_OCI_DVL2_TAIL|PASS|frame=31|total_ms=133.848|authority_ms=3.196|raster_ms=16.473|snapshot_build_ms=3.060|sprites_ms=3.398|weapon_ms=0.486|hud_ms=0.058|publish_ms=106.368
PMLE_OCI_DVL2_TAIL|PASS|frame=33|total_ms=39.065|authority_ms=10.041|raster_ms=15.988|snapshot_build_ms=3.101|sprites_ms=3.928|weapon_ms=0.527|hud_ms=0.063|publish_ms=4.374
PMLE_OCI_DVL2_TAIL|PASS|frame=38|total_ms=37.513|authority_ms=3.120|raster_ms=14.879|snapshot_build_ms=10.451|sprites_ms=3.777|weapon_ms=0.471|hud_ms=0.068|publish_ms=3.933
PMLE_OCI_DVL2_TAIL|PASS|frame=55|total_ms=44.934|authority_ms=2.999|raster_ms=14.042|snapshot_build_ms=2.922|sprites_ms=3.004|weapon_ms=0.410|hud_ms=0.058|publish_ms=20.704
PMLE_OCI_DVL2_TAIL|PASS|frame=59|total_ms=38.985|authority_ms=3.385|raster_ms=23.880|snapshot_build_ms=3.117|sprites_ms=3.046|weapon_ms=0.510|hud_ms=0.106|publish_ms=4.113
PMLE_OCI_DVL2_TAIL|PASS|frame=73|total_ms=38.837|authority_ms=4.118|raster_ms=13.163|snapshot_build_ms=11.860|sprites_ms=3.788|weapon_ms=0.445|hud_ms=0.062|publish_ms=4.325
PMLE_OCI_DVL2_TAIL|PASS|frame=76|total_ms=419.496|authority_ms=3.526|raster_ms=13.139|snapshot_build_ms=2.788|sprites_ms=2.851|weapon_ms=0.414|hud_ms=0.061|publish_ms=395.841
PMLE_OCI_DVL2_TAIL|PASS|frame=81|total_ms=37.434|authority_ms=3.827|raster_ms=21.833|snapshot_build_ms=2.802|sprites_ms=2.859|weapon_ms=0.429|hud_ms=0.071|publish_ms=4.499
PMLE_OCI_DVL2_TAIL|PASS|frame=88|total_ms=38.655|authority_ms=4.103|raster_ms=13.036|snapshot_build_ms=11.947|sprites_ms=2.695|weapon_ms=0.520|hud_ms=0.062|publish_ms=5.315
PMLE_OCI_DVL2_TAIL|PASS|frame=104|total_ms=37.369|authority_ms=12.217|raster_ms=13.066|snapshot_build_ms=2.673|sprites_ms=3.168|weapon_ms=0.477|hud_ms=0.061|publish_ms=4.742
PMLE_OCI_DVL2_TAIL|PASS|frame=224|total_ms=126.514|authority_ms=4.958|raster_ms=10.165|snapshot_build_ms=2.113|sprites_ms=1.504|weapon_ms=0.522|hud_ms=0.055|publish_ms=106.294
PMLE_OCI_DVL2_TAIL|PASS|frame=248|total_ms=37.879|authority_ms=2.889|raster_ms=10.172|snapshot_build_ms=2.001|sprites_ms=1.818|weapon_ms=0.492|hud_ms=0.050|publish_ms=19.589
PMLE_OCI_DVL2_TAIL|PASS|frame=249|total_ms=39.824|authority_ms=3.453|raster_ms=10.011|snapshot_build_ms=2.088|sprites_ms=1.890|weapon_ms=0.473|hud_ms=0.052|publish_ms=20.850
PMLE_OCI_DVL2_SLIM_WORLD|PASS|frames=300|unique=300|ring_full=64|ring_unique=64|native_views=3|transport=persistent_returning_oracle_blob|temporary_lobs_before=0|temporary_lobs_after=2|temporary_lobs_delta=2|compositor_bytes_min=2992|compositor_bytes_max=5272|p95_ms=37.369|fps_p95=26.760|gate=FAIL

