
Session altered.


Session altered.


Session altered.


Session altered.


Session altered.

6 command-line variables
M_LoadDefaults: Load system defaults.
M_Random: Using DelegateRandom.
-iwad specified. Will be used with priority
	added freedoom1.wad (zipped: false network: true)
ITicker: Using nanosecond accuracy timer.
                         The Ultimate DOOM Startup v1.9                           
W_Init: Init WADfiles.
	added freedoom1.wad (zipped: false network: true)
VI_Init: set palettes.
Palette: 3584 colors
VI_Init: set colormaps.
Colormaps: 35
V_Init: allocate screens.
AM_Init: Init Automap colors - 
===========================================================================
                 Commercial product - do not distribute!
         Please report software piracy to the SPA: 1-800-388-PIR8
===========================================================================
Tables.InitTables: Init trigonometric LUTs.
M_Init: Init miscellaneous info.
R_Init: Init DOOM refresh daemon - 
R_InitData
Init Texture and Flat Manager
InitTextures[................
InitFlats
InitSprites..............
InitColormaps		
R_InitPointToAngle
R_InitTables
R_InitPlanes
R_InitLightTables
R_InitSkyMap: 119
R_InitTranslationsTables
R_InitTranMap: 
R_InitDrawingFunctions: 
P_Init: Init Playloop state.
false NUKAGE1 NUKAGE3 8
false FWATER1 FWATER4 8
false SWATER1 SWATER4 8
false LAVA1 LAVA4 8
false BLOOD1 BLOOD3 8
false RROCK05 RROCK08 8
false SLIME01 SLIME04 8
false SLIME05 SLIME08 8
false SLIME09 SLIME12 8
I_Init: Setting up machine state.
D_CheckNetGame: Checking network game status.
startskill sk_medium  deathmatch: false  startmap: 1  startepisode: 1
player 1 of 1 (1 nodes)
S_Init: Setting up sound.
M_Random: Switching to DoomRandom (new instance)
P_GetNodesVersion: using normal BSP nodes
PMLE_DVL2_AUTHORITY_LOAD|PASS|iwad_bytes=28795076|table_bytes=180272

PMLE_DVL2_RENDERER_LOAD|PASS

PMLE_OCI_DVL2_COMPLETE_STAGE|PASS|stage=AUTHORITY_STEP|frames=300|p50_ms=4.425|p95_ms=6.079|p99_ms=8.332|mean_ms=4.366
PMLE_OCI_DVL2_COMPLETE_STAGE|PASS|stage=DVL2_SNAPSHOT|frames=300|p50_ms=15.959|p95_ms=21.014|p99_ms=24.841|mean_ms=16.718
PMLE_OCI_DVL2_COMPLETE_STAGE|PASS|stage=DYNAMIC_IMPORT|frames=300|p50_ms=10.055|p95_ms=12.734|p99_ms=16.598|mean_ms=10.419
PMLE_OCI_DVL2_COMPLETE_STAGE|PASS|stage=GEOMETRY|frames=300|p50_ms=49.033|p95_ms=55.502|p99_ms=57.035|mean_ms=49.587
PMLE_OCI_DVL2_COMPLETE_STAGE|PASS|stage=WORLD_SPRITES|frames=300|p50_ms=7.038|p95_ms=9.175|p99_ms=14.252|mean_ms=7.420
PMLE_OCI_DVL2_COMPLETE_STAGE|PASS|stage=WEAPON_PSPRITES|frames=300|p50_ms=7.410|p95_ms=8.121|p99_ms=11.389|mean_ms=7.496
PMLE_OCI_DVL2_COMPLETE_STAGE|PASS|stage=STATUS_BAR|frames=300|p50_ms=9.658|p95_ms=11.939|p99_ms=14.479|mean_ms=9.931
PMLE_OCI_DVL2_COMPLETE_STAGE|PASS|stage=COMPLETE_RASTER|frames=300|p50_ms=84.122|p95_ms=91.276|p99_ms=92.568|mean_ms=84.853
PMLE_OCI_DVL2_COMPLETE_STAGE|PASS|stage=RAW64K_EGRESS|frames=300|p50_ms=13.282|p95_ms=15.723|p99_ms=19.546|mean_ms=13.587
PMLE_OCI_DVL2_COMPLETE_STAGE|PASS|stage=TOTAL|frames=300|p50_ms=119.067|p95_ms=125.150|p99_ms=129.332|mean_ms=119.523
PMLE_OCI_DVL2_COMPLETE_FRAME|PASS|frames=300|warmup=40|unique=300|total_p95_ms=125.150|fps_p95=7.990|budget_ms=33.333|gate=FAIL|authority=MOCHA_TEAVM|renderer=COMPLETE_SPECIALIZED_TEAVM_MLE|client=PIXEL_COPY_ONLY|world_format=DVL2|checksum=2081516673

