[INFO] Scanning for projects...
[INFO] 
[INFO] ---------------------< doomdb:free-live-renderer >----------------------
[INFO] Building free-live-renderer 1.0.0
[INFO]   from pom.xml
[INFO] --------------------------------[ jar ]---------------------------------
[INFO] 
[INFO] --- resources:3.3.1:resources (default-resources) @ free-live-renderer ---
[INFO] skip non existing resourceDirectory /work/probes/mle/free-live-teavm/src/main/resources
[INFO] 
[INFO] --- compiler:3.13.0:compile (default-compile) @ free-live-renderer ---
[INFO] Nothing to compile - all classes are up to date.
[INFO] 
[INFO] --- resources:3.3.1:testResources (default-testResources) @ free-live-renderer ---
[INFO] skip non existing resourceDirectory /work/probes/mle/free-live-teavm/src/test/resources
[INFO] 
[INFO] --- compiler:3.13.0:testCompile (default-testCompile) @ free-live-renderer ---
[INFO] No sources to compile
[INFO] 
[INFO] --- surefire:3.2.5:test (default-test) @ free-live-renderer ---
[INFO] Tests are skipped.
[INFO] 
[INFO] --- jar:3.4.1:jar (default-jar) @ free-live-renderer ---
[INFO] 
[INFO] --- org.teavm:teavm-maven-plugin:0.15.0:compile (default) @ free-live-renderer ---
[INFO] Preparing classpath for TeaVM
[INFO] Using the following classpath for TeaVM: /root/.m2/repository/org/teavm/teavm-classlib/0.15.0/teavm-classlib-0.15.0.jar:/root/.m2/repository/org/teavm/teavm-core/0.15.0/teavm-core-0.15.0.jar:/root/.m2/repository/org/teavm/teavm-interop/0.15.0/teavm-interop-0.15.0.jar:/root/.m2/repository/org/teavm/teavm-metaprogramming-api/0.15.0/teavm-metaprogramming-api-0.15.0.jar:/root/.m2/repository/org/teavm/teavm-extension-apis/0.15.0/teavm-extension-apis-0.15.0.jar:/root/.m2/repository/org/teavm/teavm-platform/0.15.0/teavm-platform-0.15.0.jar:/root/.m2/repository/org/teavm/teavm-jso-apis/0.15.0/teavm-jso-apis-0.15.0.jar:/root/.m2/repository/org/teavm/teavm-jso-impl/0.15.0/teavm-jso-impl-0.15.0.jar:/root/.m2/repository/org/teavm/teavm-metaprogramming-impl/0.15.0/teavm-metaprogramming-impl-0.15.0.jar:/root/.m2/repository/com/jcraft/jzlib/1.1.3/jzlib-1.1.3.jar:/root/.m2/repository/joda-time/joda-time/2.12.2/joda-time-2.12.2.jar:/root/.m2/repository/org/teavm/teavm-jso/0.15.0/teavm-jso-0.15.0.jar:/work/probes/mle/free-live-teavm/target/classes
[INFO] Running TeaVM
[INFO] Output file successfully built
[INFO] Classes compiled: 40
[INFO] Methods compiled: 588
[INFO] ------------------------------------------------------------------------
[INFO] BUILD SUCCESS
[INFO] ------------------------------------------------------------------------
[INFO] Total time:  7.352 s
[INFO] Finished at: 2026-07-27T04:54:08Z
[INFO] ------------------------------------------------------------------------
PMLE_FREE_LIVE_TEAVM_BUILD|PASS|bytes=26668|sha256=5682176d4a487d074412f015653731ebc8ac66839ad1e2bb82b097ec56f537f2|source_sha256=504f59cb3e65b539d54bb9b470306a38cdb6ea1cae72dc477a2c8045810ed489|teavm=0.15.0|optimization=ADVANCED
[INFO] Scanning for projects...
[INFO] 
[INFO] ---------------------< doomdb:free-raster-kernel >----------------------
[INFO] Building free-raster-kernel 1.0.0
[INFO]   from pom.xml
[INFO] --------------------------------[ jar ]---------------------------------
[INFO] 
[INFO] --- resources:3.3.1:resources (default-resources) @ free-raster-kernel ---
[INFO] skip non existing resourceDirectory /work/probes/mle/free-raster-teavm/src/main/resources
[INFO] 
[INFO] --- compiler:3.13.0:compile (default-compile) @ free-raster-kernel ---
[INFO] Nothing to compile - all classes are up to date.
[INFO] 
[INFO] --- resources:3.3.1:testResources (default-testResources) @ free-raster-kernel ---
[INFO] skip non existing resourceDirectory /work/probes/mle/free-raster-teavm/src/test/resources
[INFO] 
[INFO] --- compiler:3.13.0:testCompile (default-testCompile) @ free-raster-kernel ---
[INFO] No sources to compile
[INFO] 
[INFO] --- surefire:3.2.5:test (default-test) @ free-raster-kernel ---
[INFO] Tests are skipped.
[INFO] 
[INFO] --- jar:3.4.1:jar (default-jar) @ free-raster-kernel ---
[INFO] 
[INFO] --- org.teavm:teavm-maven-plugin:0.15.0:compile (default) @ free-raster-kernel ---
[INFO] Preparing classpath for TeaVM
[INFO] Using the following classpath for TeaVM: /root/.m2/repository/org/teavm/teavm-classlib/0.15.0/teavm-classlib-0.15.0.jar:/root/.m2/repository/org/teavm/teavm-core/0.15.0/teavm-core-0.15.0.jar:/root/.m2/repository/org/teavm/teavm-interop/0.15.0/teavm-interop-0.15.0.jar:/root/.m2/repository/org/teavm/teavm-metaprogramming-api/0.15.0/teavm-metaprogramming-api-0.15.0.jar:/root/.m2/repository/org/teavm/teavm-extension-apis/0.15.0/teavm-extension-apis-0.15.0.jar:/root/.m2/repository/org/teavm/teavm-platform/0.15.0/teavm-platform-0.15.0.jar:/root/.m2/repository/org/teavm/teavm-jso-apis/0.15.0/teavm-jso-apis-0.15.0.jar:/root/.m2/repository/org/teavm/teavm-jso-impl/0.15.0/teavm-jso-impl-0.15.0.jar:/root/.m2/repository/org/teavm/teavm-metaprogramming-impl/0.15.0/teavm-metaprogramming-impl-0.15.0.jar:/root/.m2/repository/com/jcraft/jzlib/1.1.3/jzlib-1.1.3.jar:/root/.m2/repository/joda-time/joda-time/2.12.2/joda-time-2.12.2.jar:/root/.m2/repository/org/teavm/teavm-jso/0.15.0/teavm-jso-0.15.0.jar:/work/probes/mle/free-raster-teavm/target/classes
[INFO] Running TeaVM
[INFO] Output file successfully built
[INFO] Classes compiled: 40
[INFO] Methods compiled: 528
[INFO] ------------------------------------------------------------------------
[INFO] BUILD SUCCESS
[INFO] ------------------------------------------------------------------------
[INFO] Total time:  6.985 s
[INFO] Finished at: 2026-07-27T04:54:19Z
[INFO] ------------------------------------------------------------------------
PMLE_FREE_RASTER_BUILD|PASS|bytes=14628|sha256=c53bcde4ba1b90072cc6c7987a7483b1e262aac41f976938b2fd7911c9cfc300|source_sha256=1b214e0b791059abaaf020cb8033912d5b0f64a3a820e0eccd6f47331cbb4824|teavm=0.15.0|optimization=ADVANCED
