
Session altered.


Session altered.


Session altered.


Session altered.


Session altered.

PMLE_FREE_LIVE_TEAVM_RASTER_LOAD|PASS|pack_bytes=329242

PMLE_FREE_LIVE_TEAVM_RASTER_TEXTURE|PASS|bytes=2545152|sha256=4e23605106fef6735948da519ddd78ec0527a8f6b1ddacfe9dddb07c511bc001

PMLE_FREE_LIVE_TEAVM_FLAT_TEXTURE|PASS|bytes=401408|sha256=bd6225c381118fd2fb75bb15cd2e5d2922eb7dc027b24abd919e3880e86247cf

PMLE_FREE_LIVE_TEAVM_STAGE_PASS|PASS|stage=PLANES_ONLY|pass=1|frames=200|p50_ms=13.044|p95_ms=15.107|throughput_fps=73.378|pixel_writes=53760|checksum=3763850
PMLE_FREE_LIVE_TEAVM_STAGE_PASS|PASS|stage=PLANES_ONLY|pass=2|frames=200|p50_ms=13.136|p95_ms=17.151|throughput_fps=73.585|pixel_writes=53760|checksum=7527700
PMLE_FREE_LIVE_TEAVM_STAGE_PASS|PASS|stage=PLANES_ONLY|pass=3|frames=200|p50_ms=13.084|p95_ms=17.11|throughput_fps=73.244|pixel_writes=53760|checksum=11291550
PMLE_FREE_LIVE_TEAVM_STAGE_PASS|PASS|stage=PLANES_ONLY|pass=4|frames=200|p50_ms=12.957|p95_ms=16.141|throughput_fps=74.308|pixel_writes=53760|checksum=15055400
PMLE_FREE_LIVE_TEAVM_STAGE_PASS|PASS|stage=WALLS_ONLY|pass=1|frames=200|p50_ms=28.497|p95_ms=32.343|throughput_fps=35.989|pixel_writes=53760|checksum=1763138056
PMLE_FREE_LIVE_TEAVM_STAGE_PASS|PASS|stage=WALLS_ONLY|pass=2|frames=200|p50_ms=28.532|p95_ms=31.429|throughput_fps=36.243|pixel_writes=53760|checksum=3511152572
PMLE_FREE_LIVE_TEAVM_STAGE_PASS|PASS|stage=WALLS_ONLY|pass=3|frames=200|p50_ms=28.667|p95_ms=32.158|throughput_fps=35.663|pixel_writes=53760|checksum=5259167088
PMLE_FREE_LIVE_TEAVM_STAGE_PASS|PASS|stage=WALLS_ONLY|pass=4|frames=200|p50_ms=28.779|p95_ms=32.227|throughput_fps=35.241|pixel_writes=53760|checksum=7007181604

PMLE_FREE_LIVE_TEAVM_RASTER_PASS|PASS|pass=1|frames=500|p50_ms=39.611|p95_ms=47.803|wall_ms=20050.65|clock_ms=20050|throughput_fps=24.937|clock_suspects=0|pixel_writes=80041|checksum=3293809347
PMLE_FREE_LIVE_TEAVM_RASTER_PASS|PASS|pass=2|frames=500|p50_ms=39.466|p95_ms=49.082|wall_ms=20233.032|clock_ms=20230|throughput_fps=24.712|clock_suspects=0|pixel_writes=80041|checksum=6467400281
PMLE_FREE_LIVE_TEAVM_RASTER_PASS|PASS|pass=3|frames=500|p50_ms=40.005|p95_ms=47.991|wall_ms=20100.608|clock_ms=20100|throughput_fps=24.875|clock_suspects=0|pixel_writes=80041|checksum=9640991215
PMLE_FREE_LIVE_TEAVM_RASTER_PASS|PASS|pass=4|frames=500|p50_ms=39.379|p95_ms=47.492|wall_ms=20017.537|clock_ms=20020|throughput_fps=24.978|clock_suspects=0|pixel_writes=80041|checksum=12814582149
PMLE_FREE_LIVE_TEAVM_RASTER_PASS|PASS|pass=5|frames=500|p50_ms=40.643|p95_ms=49.523|wall_ms=20333.762|clock_ms=20340|throughput_fps=24.59|clock_suspects=0|pixel_writes=80041|checksum=15988173083
PMLE_FREE_LIVE_TEAVM_RASTER_PASS|PASS|pass=6|frames=500|p50_ms=39.78|p95_ms=47.176|wall_ms=20094.537|clock_ms=20090|throughput_fps=24.882|clock_suspects=0|pixel_writes=80041|checksum=19161764017
PMLE_FREE_LIVE_TEAVM_RASTER_PASS|PASS|pass=7|frames=500|p50_ms=39.127|p95_ms=47.088|wall_ms=20006.526|clock_ms=20000|throughput_fps=24.992|clock_suspects=0|pixel_writes=80041|checksum=22335354951
PMLE_FREE_LIVE_TEAVM_RASTER_PASS|PASS|pass=8|frames=500|p50_ms=39.363|p95_ms=47.772|wall_ms=20116.765|clock_ms=20120|throughput_fps=24.855|clock_suspects=0|pixel_writes=80041|checksum=25508945885
PMLE_FREE_LIVE_TEAVM_RASTER_PASS|PASS|pass=9|frames=500|p50_ms=41.182|p95_ms=49.268|wall_ms=20435.674|clock_ms=20430|throughput_fps=24.467|clock_suspects=0|pixel_writes=80041|checksum=28682536819
PMLE_FREE_LIVE_TEAVM_RASTER_PASS|PASS|pass=10|frames=500|p50_ms=39.764|p95_ms=47.067|wall_ms=20047.185|clock_ms=20050|throughput_fps=24.941|clock_suspects=0|pixel_writes=80041|checksum=31856127753
PMLE_FREE_LIVE_TEAVM_RASTER_PASS|PASS|pass=11|frames=500|p50_ms=40.585|p95_ms=48.877|wall_ms=20185.03|clock_ms=20180|throughput_fps=24.771|clock_suspects=0|pixel_writes=80041|checksum=35029718687
PMLE_FREE_LIVE_TEAVM_RASTER_PASS|PASS|pass=12|frames=500|p50_ms=39.629|p95_ms=48.996|wall_ms=20139.685|clock_ms=20140|throughput_fps=24.827|clock_suspects=0|pixel_writes=80041|checksum=38203309621

