
Session altered.


Session altered.


Session altered.


Session altered.


Session altered.

PMLE_OCI_DVL2_BATCH_LOAD|PASS

6 command-line variables
M_LoadDefaults: Load system defaults.
M_Random: Using DelegateRandom.
-iwad specified. Will be used with priority
ITicker: Using nanosecond accuracy timer.
                            FreeDoom: Phase 1          v1.9                           
W_Init: Init WADfiles.
	added freedoom1.wad (zipped: false network: true)
VI_Init: set palettes.
Palette: 3584 colors
VI_Init: set colormaps.
Colormaps: 35
V_Init: allocate screens.
AM_Init: Init Automap colors - 
===========================================================================
       Copyright ? 2001-2017 Contributors to the Freedoom project.
                            All rights reserved.
     See: https://github.com/freedoom/freedoom/blob/master/COPYING.adoc
===========================================================================
Tables.InitTables: Init trigonometric LUTs.
M_Init: Init miscellaneous info.
R_Init: Init DOOM refresh daemon - 
P_Init: Init Playloop state.
false NUKAGE1 NUKAGE3 8
false FWATER1 FWATER4 8
false SWATER1 SWATER4 8
false LAVA1 LAVA4 8
false BLOOD1 BLOOD3 8
false RROCK05 RROCK08 8
false SLIME01 SLIME04 8
false SLIME05 SLIME08 8
false SLIME09 SLIME12 8
I_Init: Setting up machine state.
D_CheckNetGame: Checking network game status.
startskill sk_medium  deathmatch: false  startmap: 1  startepisode: 1
player 1 of 1 (1 nodes)
S_Init: Setting up sound.
M_Random: Switching to DoomRandom (new instance)
P_GetNodesVersion: using normal BSP nodes
P_GetNodesVersion: using normal BSP nodes
Max size 66146
P_GetNodesVersion: using normal BSP nodes
Max size 66146
P_GetNodesVersion: using normal BSP nodes
Max size 66146
PMLE_OCI_DVL2_BATCH_PUBLISH|PASS|classification=DIAGNOSTIC_NOT_GATE|format=DPB2|batch_size=6|frames=1200|groups=200|amortized_p50_ms=17.013|amortized_p95_ms=21.855|mean_ms=16.961|sustained_fps=58.458|delivery_batch_p95_ms=131.132|wall_ms=20527.641|get_time_ms=20530.000|clock_suspects=0|frame_bytes=64000|codec=NONE|authorship=DATABASE_MLE|rate_shape=PASS
PMLE_OCI_DVL2_BATCH_POSTFLIGHT|PASS|temporary_lobs_before=0|temporary_lobs_after=2|temporary_lobs_delta=2

