
Session altered.


Session altered.


Session altered.


Session altered.


Session altered.


PL/SQL procedure successfully completed.


PL/SQL procedure successfully completed.


PL/SQL procedure successfully completed.


PL/SQL procedure successfully completed.


PL/SQL procedure successfully completed.


PL/SQL procedure successfully completed.


PL/SQL procedure successfully completed.


PL/SQL procedure successfully completed.


PL/SQL procedure successfully completed.


Session altered.


Session altered.


Session altered.


Session altered.


Session altered.

PMLE_TEAVM_STAGING_GATE|PASS|source_bytes=1081335|source_sha256=5ec18cbe4cff7192d384e81d1010e0133d357d44ff17fa65821e1489c4fd1ee3|table_bytes=180272|table_sha256=058cd0df9444131b356762a096fd422d5131ac3aea91163aee056e8ad4965b44

PMLE_TEAVM_SIMULATION_LOAD|bytes=1081335|table_pack_bytes=180272                                                                   

Session altered.


Session altered.


Session altered.


Session altered.


Session altered.


Package DOOM_MLE_MATCH_RUNTIME altered.

PMLE_LIVE_COMMAND_ROLLBACK|PASS|status=VALID         

Session altered.


Session altered.


Session altered.


Session altered.


Session altered.


PL/SQL procedure successfully completed.


Session altered.


Session altered.


Session altered.


Session altered.


Session altered.


PL/SQL procedure successfully completed.


Session altered.


Session altered.


Session altered.


Session altered.


Session altered.

PMLE_LIVE_COMMAND_POSTFLIGHT|PASS|production_sha256=5ec18cbe4cff7192d384e81d1010e0133d357d44ff17fa65821e1489c4fd1ee3|diagnostic_objects=0|stream_table=0

