[INFO] Scanning for projects...
[INFO] 
[INFO] ---------------------< doomdb:free-live-renderer >----------------------
[INFO] Building free-live-renderer 1.0.0
[INFO]   from pom.xml
[INFO] --------------------------------[ jar ]---------------------------------
[INFO] 
[INFO] --- resources:3.3.1:resources (default-resources) @ free-live-renderer ---
[INFO] skip non existing resourceDirectory /work/probes/mle/free-live-teavm/src/main/resources
[INFO] 
[INFO] --- compiler:3.13.0:compile (default-compile) @ free-live-renderer ---
[INFO] Recompiling the module because of changed source code.
[INFO] Compiling 1 source file with javac [debug release 11] to target/classes
[INFO] -------------------------------------------------------------
[ERROR] COMPILATION ERROR : 
[INFO] -------------------------------------------------------------
[ERROR] /work/probes/mle/free-live-teavm/src/main/java/doomdb/mle/renderer/FreeLiveRendererReachabilityProbe.java:[2040,34] cannot find symbol
  symbol:   variable verticalStep
  location: class doomdb.mle.renderer.FreeLiveRendererReachabilityProbe
[INFO] 1 error
[INFO] -------------------------------------------------------------
[INFO] ------------------------------------------------------------------------
[INFO] BUILD FAILURE
[INFO] ------------------------------------------------------------------------
[INFO] Total time:  2.702 s
[INFO] Finished at: 2026-07-27T14:03:03Z
[INFO] ------------------------------------------------------------------------
[ERROR] Failed to execute goal org.apache.maven.plugins:maven-compiler-plugin:3.13.0:compile (default-compile) on project free-live-renderer: Compilation failure
[ERROR] /work/probes/mle/free-live-teavm/src/main/java/doomdb/mle/renderer/FreeLiveRendererReachabilityProbe.java:[2040,34] cannot find symbol
[ERROR]   symbol:   variable verticalStep
[ERROR]   location: class doomdb.mle.renderer.FreeLiveRendererReachabilityProbe
[ERROR] -> [Help 1]
[ERROR] 
[ERROR] To see the full stack trace of the errors, re-run Maven with the -e switch.
[ERROR] Re-run Maven using the -X switch to enable full debug logging.
[ERROR] 
[ERROR] For more information about the errors and possible solutions, please read the following articles:
[ERROR] [Help 1] http://cwiki.apache.org/confluence/display/MAVEN/MojoFailureException
