
Session altered.


Session altered.


Session altered.


Session altered.


Session altered.

6 command-line variables
M_LoadDefaults: Load system defaults.
M_Random: Using DelegateRandom.
-iwad specified. Will be used with priority
	added freedoom1.wad (zipped: false network: true)
ITicker: Using nanosecond accuracy timer.
                         The Ultimate DOOM Startup v1.9                           
W_Init: Init WADfiles.
	added freedoom1.wad (zipped: false network: true)
VI_Init: set palettes.
Palette: 3584 colors
VI_Init: set colormaps.
Colormaps: 35
V_Init: allocate screens.
AM_Init: Init Automap colors - 
===========================================================================
                 Commercial product - do not distribute!
         Please report software piracy to the SPA: 1-800-388-PIR8
===========================================================================
Tables.InitTables: Init trigonometric LUTs.
M_Init: Init miscellaneous info.
R_Init: Init DOOM refresh daemon - 
R_InitData
Init Texture and Flat Manager
InitTextures[................
InitFlats
InitSprites..............
InitColormaps		
R_InitPointToAngle
R_InitTables
R_InitPlanes
R_InitLightTables
R_InitSkyMap: 119
R_InitTranslationsTables
R_InitTranMap: 
R_InitDrawingFunctions: 
P_Init: Init Playloop state.
false NUKAGE1 NUKAGE3 8
false FWATER1 FWATER4 8
false SWATER1 SWATER4 8
false LAVA1 LAVA4 8
false BLOOD1 BLOOD3 8
false RROCK05 RROCK08 8
false SLIME01 SLIME04 8
false SLIME05 SLIME08 8
false SLIME09 SLIME12 8
I_Init: Setting up machine state.
D_CheckNetGame: Checking network game status.
startskill sk_medium  deathmatch: false  startmap: 1  startepisode: 1
player 1 of 1 (1 nodes)
S_Init: Setting up sound.
M_Random: Switching to DoomRandom (new instance)
P_GetNodesVersion: using normal BSP nodes
PMLE_OCI_DVL2_SLIM_WORLD_LOAD|PASS

PMLE_OCI_DVL2_SLIM_WORLD_STAGE|PASS|stage=AUTHORITY_STEP|p50_ms=3.543|p95_ms=5.142|p99_ms=5.992|mean_ms=3.833
PMLE_OCI_DVL2_SLIM_WORLD_STAGE|PASS|stage=DVL2_SNAPSHOT_BUILD|p50_ms=0.625|p95_ms=0.808|p99_ms=1.055|mean_ms=0.672
PMLE_OCI_DVL2_SLIM_WORLD_STAGE|PASS|stage=DVL2_DYNAMIC_IMPORT|p50_ms=0.058|p95_ms=0.128|p99_ms=0.145|mean_ms=0.070
PMLE_OCI_DVL2_SLIM_WORLD_STAGE|PASS|stage=COARSE_WORLD_RASTER|p50_ms=11.999|p95_ms=16.783|p99_ms=24.716|mean_ms=12.439
PMLE_OCI_DVL2_SLIM_WORLD_STAGE|PASS|stage=COMPOSITOR_SNAPSHOT_BUILD|p50_ms=2.412|p95_ms=2.976|p99_ms=13.208|mean_ms=2.606
PMLE_OCI_DVL2_SLIM_WORLD_STAGE|PASS|stage=COMPOSITOR_SNAPSHOT_EXPORT|p50_ms=0.041|p95_ms=0.059|p99_ms=0.073|mean_ms=0.042
PMLE_OCI_DVL2_SLIM_WORLD_STAGE|PASS|stage=COMPOSITOR_BUFFER_COPY|p50_ms=0.014|p95_ms=0.017|p99_ms=0.023|mean_ms=0.014
PMLE_OCI_DVL2_SLIM_WORLD_STAGE|PASS|stage=WORLD_SPRITES|p50_ms=2.411|p95_ms=3.744|p99_ms=4.272|mean_ms=2.446
PMLE_OCI_DVL2_SLIM_WORLD_STAGE|PASS|stage=WEAPON_PSPRITES|p50_ms=0.478|p95_ms=0.521|p99_ms=0.579|mean_ms=0.462
PMLE_OCI_DVL2_SLIM_WORLD_STAGE|PASS|stage=STATUS_BAR_HUD|p50_ms=0.055|p95_ms=0.556|p99_ms=0.585|mean_ms=0.085
PMLE_OCI_DVL2_SLIM_WORLD_STAGE|PASS|stage=BLOB_RING_PUBLISH|p50_ms=3.930|p95_ms=4.984|p99_ms=138.527|mean_ms=6.078
PMLE_OCI_DVL2_SLIM_WORLD_STAGE|PASS|stage=TOTAL|p50_ms=26.111|p95_ms=38.393|p99_ms=158.648|mean_ms=28.746
PMLE_OCI_DVL2_TAIL|PASS|frame=2|total_ms=40.907|authority_ms=2.908|raster_ms=25.746|snapshot_build_ms=2.972|sprites_ms=4.008|weapon_ms=0.214|hud_ms=0.057|publish_ms=4.241
PMLE_OCI_DVL2_TAIL|PASS|frame=14|total_ms=39.099|authority_ms=2.841|raster_ms=24.716|snapshot_build_ms=2.960|sprites_ms=3.439|weapon_ms=0.448|hud_ms=0.060|publish_ms=3.930
PMLE_OCI_DVL2_TAIL|PASS|frame=25|total_ms=41.842|authority_ms=2.843|raster_ms=16.582|snapshot_build_ms=13.208|sprites_ms=3.455|weapon_ms=0.416|hud_ms=0.055|publish_ms=4.226
PMLE_OCI_DVL2_TAIL|PASS|frame=36|total_ms=42.840|authority_ms=3.039|raster_ms=16.690|snapshot_build_ms=3.002|sprites_ms=14.743|weapon_ms=0.498|hud_ms=0.065|publish_ms=3.994
PMLE_OCI_DVL2_TAIL|PASS|frame=49|total_ms=39.119|authority_ms=3.112|raster_ms=24.446|snapshot_build_ms=2.936|sprites_ms=3.189|weapon_ms=0.403|hud_ms=0.059|publish_ms=3.955
PMLE_OCI_DVL2_TAIL|PASS|frame=62|total_ms=38.393|authority_ms=2.892|raster_ms=24.279|snapshot_build_ms=2.805|sprites_ms=3.055|weapon_ms=0.488|hud_ms=0.064|publish_ms=4.055
PMLE_OCI_DVL2_TAIL|PASS|frame=75|total_ms=40.602|authority_ms=3.703|raster_ms=24.964|snapshot_build_ms=2.748|sprites_ms=3.001|weapon_ms=0.405|hud_ms=0.061|publish_ms=4.869
PMLE_OCI_DVL2_TAIL|PASS|frame=77|total_ms=38.695|authority_ms=4.963|raster_ms=13.006|snapshot_build_ms=2.692|sprites_ms=2.797|weapon_ms=0.421|hud_ms=0.057|publish_ms=13.966
PMLE_OCI_DVL2_TAIL|PASS|frame=88|total_ms=39.184|authority_ms=3.515|raster_ms=12.657|snapshot_build_ms=14.222|sprites_ms=2.665|weapon_ms=0.504|hud_ms=0.054|publish_ms=4.689
PMLE_OCI_DVL2_TAIL|PASS|frame=97|total_ms=173.219|authority_ms=4.552|raster_ms=12.669|snapshot_build_ms=2.677|sprites_ms=2.834|weapon_ms=0.515|hud_ms=0.056|publish_ms=148.947
PMLE_OCI_DVL2_TAIL|PASS|frame=98|total_ms=186.707|authority_ms=3.577|raster_ms=12.943|snapshot_build_ms=2.641|sprites_ms=2.831|weapon_ms=0.507|hud_ms=0.061|publish_ms=163.293
PMLE_OCI_DVL2_TAIL|PASS|frame=102|total_ms=38.901|authority_ms=2.927|raster_ms=12.766|snapshot_build_ms=14.309|sprites_ms=2.723|weapon_ms=0.479|hud_ms=0.572|publish_ms=4.442
PMLE_OCI_DVL2_TAIL|PASS|frame=117|total_ms=38.463|authority_ms=16.128|raster_ms=11.823|snapshot_build_ms=2.562|sprites_ms=2.499|weapon_ms=0.400|hud_ms=0.050|publish_ms=4.273
PMLE_OCI_DVL2_TAIL|PASS|frame=147|total_ms=42.938|authority_ms=4.210|raster_ms=27.349|snapshot_build_ms=2.619|sprites_ms=2.543|weapon_ms=0.461|hud_ms=0.060|publish_ms=4.972
PMLE_OCI_DVL2_TAIL|PASS|frame=294|total_ms=176.403|authority_ms=4.593|raster_ms=19.410|snapshot_build_ms=2.684|sprites_ms=1.855|weapon_ms=0.531|hud_ms=0.063|publish_ms=146.554
PMLE_OCI_DVL2_TAIL|PASS|frame=295|total_ms=158.648|authority_ms=5.347|raster_ms=9.647|snapshot_build_ms=2.098|sprites_ms=1.680|weapon_ms=0.498|hud_ms=0.058|publish_ms=138.527
PMLE_OCI_DVL2_SLIM_WORLD|PASS|frames=300|unique=300|ring_full=64|ring_unique=64|native_views=3|transport=persistent_returning_oracle_blob|temporary_lobs_before=0|temporary_lobs_after=2|temporary_lobs_delta=2|compositor_bytes_min=2992|compositor_bytes_max=5272|p95_ms=38.393|fps_p95=26.046|gate=FAIL

