patching file FreeLiveRendererReachabilityProbe.java
PMLE_FREE_LIVE_WORLD_SOURCE|PASS|baseline_commit=163e11d|baseline_sha256=b8e21988b295c2a84c79e5145456f641b06a837a9b2f4058a3c4255736c518de|pack_builder_sha256=c86f91218a508aff59c544e9695ec0452f5b217b5bdcb83cc5c3e4e21eda4f37|engine_bytes=51225|engine_sha256=92fe69f370ef1176aabca079a019a60f66bbf57a1cb8d8d3f1ebe86a60a1e143
PMLE_FREE_LIVE_PACK|PASS|bytes=329242|lines=1175|cells=864|cellRefs=2064|poses=5250|poseRecordBytes=32|originX=-712|originY=-1072|columns=32|rows=27|wallTextures=119|wallElements=1272576|flatTextures=49|flatElements=200704|sectors=182|segs=2057|ssectors=682|nodes=681
[INFO] Scanning for projects...
[INFO] 
[INFO] -------------------< doomdb:free-live-world-raster >--------------------
[INFO] Building free-live-world-raster 1.0.0
[INFO]   from pom-world-raster.xml
[INFO] --------------------------------[ jar ]---------------------------------
[INFO] 
[INFO] --- resources:3.3.1:resources (default-resources) @ free-live-world-raster ---
[INFO] skip non existing resourceDirectory /work/probes/mle/free-live-teavm/src/main/resources
[INFO] 
[INFO] --- compiler:3.13.0:compile (default-compile) @ free-live-world-raster ---
[INFO] Recompiling the module because of changed source code.
[INFO] Compiling 2 source files with javac [debug release 11] to target/classes
[INFO] 
[INFO] --- resources:3.3.1:testResources (default-testResources) @ free-live-world-raster ---
[INFO] skip non existing resourceDirectory /work/probes/mle/free-live-teavm/src/test/resources
[INFO] 
[INFO] --- compiler:3.13.0:testCompile (default-testCompile) @ free-live-world-raster ---
[INFO] No sources to compile
[INFO] 
[INFO] --- surefire:3.2.5:test (default-test) @ free-live-world-raster ---
[INFO] Tests are skipped.
[INFO] 
[INFO] --- jar:3.4.1:jar (default-jar) @ free-live-world-raster ---
[INFO] Building jar: /work/probes/mle/free-live-teavm/target/free-live-world-raster-1.0.0.jar
[INFO] 
[INFO] --- org.teavm:teavm-maven-plugin:0.15.0:compile (default) @ free-live-world-raster ---
[INFO] Preparing classpath for TeaVM
[INFO] Using the following classpath for TeaVM: /root/.m2/repository/org/teavm/teavm-classlib/0.15.0/teavm-classlib-0.15.0.jar:/root/.m2/repository/org/teavm/teavm-core/0.15.0/teavm-core-0.15.0.jar:/root/.m2/repository/org/teavm/teavm-interop/0.15.0/teavm-interop-0.15.0.jar:/root/.m2/repository/org/teavm/teavm-metaprogramming-api/0.15.0/teavm-metaprogramming-api-0.15.0.jar:/root/.m2/repository/org/teavm/teavm-extension-apis/0.15.0/teavm-extension-apis-0.15.0.jar:/root/.m2/repository/org/teavm/teavm-platform/0.15.0/teavm-platform-0.15.0.jar:/root/.m2/repository/org/teavm/teavm-jso-apis/0.15.0/teavm-jso-apis-0.15.0.jar:/root/.m2/repository/org/teavm/teavm-jso-impl/0.15.0/teavm-jso-impl-0.15.0.jar:/root/.m2/repository/org/teavm/teavm-metaprogramming-impl/0.15.0/teavm-metaprogramming-impl-0.15.0.jar:/root/.m2/repository/com/jcraft/jzlib/1.1.3/jzlib-1.1.3.jar:/root/.m2/repository/joda-time/joda-time/2.12.2/joda-time-2.12.2.jar:/root/.m2/repository/org/teavm/teavm-jso/0.15.0/teavm-jso-0.15.0.jar:/work/probes/mle/free-live-teavm/target/classes
[INFO] Running TeaVM
[INFO] Output file successfully built
[INFO] Classes compiled: 41
[INFO] Methods compiled: 594
[INFO] ------------------------------------------------------------------------
[INFO] BUILD SUCCESS
[INFO] ------------------------------------------------------------------------
[INFO] Total time:  8.876 s
[INFO] Finished at: 2026-07-27T14:43:45Z
[INFO] ------------------------------------------------------------------------
PMLE_FREE_LIVE_WORLD_BUILD|PASS|bytes=28662|sha256=23fc00625130105ea81584a7cecad4ac732814aeadd2c0c33e766dfb95b4e595|teavm=0.15.0|optimization=ADVANCED
PMLE_FREE_LIVE_WORLD_PACK|PASS|bytes=329242|sha256=c79f6652097a143a96ec3ecb5a14cf0b10bde72116265035cd0804841d5a5461|version=4
