
Session altered.


Session altered.


Session altered.


Session altered.


Session altered.

6 command-line variables
M_LoadDefaults: Load system defaults.
M_Random: Using DelegateRandom.
-iwad specified. Will be used with priority
	added freedoom1.wad (zipped: false network: true)
ITicker: Using nanosecond accuracy timer.
                         The Ultimate DOOM Startup v1.9                           
W_Init: Init WADfiles.
	added freedoom1.wad (zipped: false network: true)
VI_Init: set palettes.
Palette: 3584 colors
VI_Init: set colormaps.
Colormaps: 35
V_Init: allocate screens.
AM_Init: Init Automap colors - 
===========================================================================
                 Commercial product - do not distribute!
         Please report software piracy to the SPA: 1-800-388-PIR8
===========================================================================
Tables.InitTables: Init trigonometric LUTs.
M_Init: Init miscellaneous info.
R_Init: Init DOOM refresh daemon - 
R_InitData
Init Texture and Flat Manager
InitTextures[................
InitFlats
InitSprites..............
InitColormaps		
R_InitPointToAngle
R_InitTables
R_InitPlanes
R_InitLightTables
R_InitSkyMap: 119
R_InitTranslationsTables
R_InitTranMap: 
R_InitDrawingFunctions: 
P_Init: Init Playloop state.
false NUKAGE1 NUKAGE3 8
false FWATER1 FWATER4 8
false SWATER1 SWATER4 8
false LAVA1 LAVA4 8
false BLOOD1 BLOOD3 8
false RROCK05 RROCK08 8
false SLIME01 SLIME04 8
false SLIME05 SLIME08 8
false SLIME09 SLIME12 8
I_Init: Setting up machine state.
D_CheckNetGame: Checking network game status.
startskill sk_medium  deathmatch: false  startmap: 1  startepisode: 1
player 1 of 1 (1 nodes)
S_Init: Setting up sound.
M_Random: Switching to DoomRandom (new instance)
P_GetNodesVersion: using normal BSP nodes
PMLE_OCI_DVL2_SLIM_WORLD_LOAD|PASS

PMLE_OCI_DVL2_SLIM_WORLD_STAGE|PASS|stage=AUTHORITY_STEP|p50_ms=3.300|p95_ms=5.551|p99_ms=7.179|mean_ms=3.691
PMLE_OCI_DVL2_SLIM_WORLD_STAGE|PASS|stage=DVL2_SNAPSHOT_BUILD|p50_ms=0.564|p95_ms=0.746|p99_ms=0.805|mean_ms=0.626
PMLE_OCI_DVL2_SLIM_WORLD_STAGE|PASS|stage=DVL2_DYNAMIC_IMPORT|p50_ms=0.051|p95_ms=0.126|p99_ms=0.142|mean_ms=0.065
PMLE_OCI_DVL2_SLIM_WORLD_STAGE|PASS|stage=COARSE_WORLD_RASTER|p50_ms=11.796|p95_ms=16.210|p99_ms=18.599|mean_ms=12.814
PMLE_OCI_DVL2_SLIM_WORLD_STAGE|PASS|stage=COMPOSITOR_SNAPSHOT_BUILD|p50_ms=2.335|p95_ms=3.926|p99_ms=6.137|mean_ms=2.521
PMLE_OCI_DVL2_SLIM_WORLD_STAGE|PASS|stage=COMPOSITOR_SNAPSHOT_EXPORT|p50_ms=0.039|p95_ms=0.054|p99_ms=0.074|mean_ms=0.041
PMLE_OCI_DVL2_SLIM_WORLD_STAGE|PASS|stage=COMPOSITOR_BUFFER_COPY|p50_ms=0.013|p95_ms=0.018|p99_ms=0.025|mean_ms=0.013
PMLE_OCI_DVL2_SLIM_WORLD_STAGE|PASS|stage=WORLD_SPRITES|p50_ms=2.403|p95_ms=4.106|p99_ms=6.940|mean_ms=2.527
PMLE_OCI_DVL2_SLIM_WORLD_STAGE|PASS|stage=WEAPON_PSPRITES|p50_ms=0.472|p95_ms=0.512|p99_ms=0.589|mean_ms=0.462
PMLE_OCI_DVL2_SLIM_WORLD_STAGE|PASS|stage=STATUS_BAR_HUD|p50_ms=0.050|p95_ms=0.549|p99_ms=0.595|mean_ms=0.091
PMLE_OCI_DVL2_SLIM_WORLD_STAGE|PASS|stage=BLOB_RING_PUBLISH|p50_ms=3.844|p95_ms=4.744|p99_ms=6.264|mean_ms=4.053
PMLE_OCI_DVL2_SLIM_WORLD_STAGE|PASS|stage=TOTAL|p50_ms=25.272|p95_ms=32.025|p99_ms=38.451|mean_ms=26.904
PMLE_OCI_DVL2_TAIL|PASS|frame=1|total_ms=42.101|authority_ms=8.032|raster_ms=15.118|snapshot_build_ms=8.522|sprites_ms=4.540|weapon_ms=0.182|hud_ms=0.073|publish_ms=4.737
PMLE_OCI_DVL2_TAIL|PASS|frame=4|total_ms=33.779|authority_ms=2.746|raster_ms=14.987|snapshot_build_ms=2.924|sprites_ms=8.575|weapon_ms=0.224|hud_ms=0.054|publish_ms=3.617
PMLE_OCI_DVL2_TAIL|PASS|frame=8|total_ms=38.193|authority_ms=7.944|raster_ms=14.801|snapshot_build_ms=3.035|sprites_ms=3.355|weapon_ms=0.360|hud_ms=0.080|publish_ms=3.800
PMLE_OCI_DVL2_TAIL|PASS|frame=9|total_ms=32.314|authority_ms=3.233|raster_ms=15.126|snapshot_build_ms=3.116|sprites_ms=3.562|weapon_ms=0.361|hud_ms=0.057|publish_ms=5.821
PMLE_OCI_DVL2_TAIL|PASS|frame=11|total_ms=268.892|authority_ms=2.790|raster_ms=253.993|snapshot_build_ms=3.109|sprites_ms=3.545|weapon_ms=0.433|hud_ms=0.063|publish_ms=4.238
PMLE_OCI_DVL2_TAIL|PASS|frame=14|total_ms=38.451|authority_ms=2.648|raster_ms=24.221|snapshot_build_ms=2.901|sprites_ms=3.442|weapon_ms=0.446|hud_ms=0.050|publish_ms=4.048
PMLE_OCI_DVL2_TAIL|PASS|frame=17|total_ms=32.128|authority_ms=2.827|raster_ms=17.167|snapshot_build_ms=2.867|sprites_ms=3.607|weapon_ms=0.421|hud_ms=0.646|publish_ms=3.693
PMLE_OCI_DVL2_TAIL|PASS|frame=23|total_ms=33.427|authority_ms=2.601|raster_ms=18.599|snapshot_build_ms=2.879|sprites_ms=4.718|weapon_ms=0.411|hud_ms=0.050|publish_ms=3.540
PMLE_OCI_DVL2_TAIL|PASS|frame=25|total_ms=33.156|authority_ms=2.585|raster_ms=16.068|snapshot_build_ms=3.011|sprites_ms=3.487|weapon_ms=0.401|hud_ms=2.953|publish_ms=3.708
PMLE_OCI_DVL2_TAIL|PASS|frame=31|total_ms=32.191|authority_ms=2.575|raster_ms=15.387|snapshot_build_ms=5.833|sprites_ms=3.351|weapon_ms=0.467|hud_ms=0.051|publish_ms=3.860
PMLE_OCI_DVL2_TAIL|PASS|frame=34|total_ms=33.839|authority_ms=2.717|raster_ms=19.023|snapshot_build_ms=2.782|sprites_ms=3.962|weapon_ms=0.506|hud_ms=0.549|publish_ms=3.664
PMLE_OCI_DVL2_TAIL|PASS|frame=69|total_ms=32.025|authority_ms=3.384|raster_ms=12.959|snapshot_build_ms=2.699|sprites_ms=7.481|weapon_ms=0.473|hud_ms=0.063|publish_ms=4.265
PMLE_OCI_DVL2_TAIL|PASS|frame=75|total_ms=34.554|authority_ms=3.267|raster_ms=12.445|snapshot_build_ms=6.137|sprites_ms=2.944|weapon_ms=0.417|hud_ms=0.052|publish_ms=8.580
PMLE_OCI_DVL2_TAIL|PASS|frame=76|total_ms=40.471|authority_ms=2.936|raster_ms=12.622|snapshot_build_ms=2.570|sprites_ms=2.864|weapon_ms=0.402|hud_ms=0.049|publish_ms=18.280
PMLE_OCI_DVL2_TAIL|PASS|frame=84|total_ms=36.017|authority_ms=4.790|raster_ms=18.132|snapshot_build_ms=2.887|sprites_ms=2.771|weapon_ms=0.514|hud_ms=0.060|publish_ms=6.008
PMLE_OCI_DVL2_TAIL|PASS|frame=204|total_ms=38.001|authority_ms=3.790|raster_ms=10.294|snapshot_build_ms=2.057|sprites_ms=1.438|weapon_ms=0.486|hud_ms=0.551|publish_ms=18.772
PMLE_OCI_DVL2_SLIM_WORLD|PASS|frames=300|unique=300|ring_full=64|ring_unique=64|native_views=3|transport=persistent_returning_oracle_blob|temporary_lobs_before=0|temporary_lobs_after=2|temporary_lobs_delta=2|compositor_bytes_min=2992|compositor_bytes_max=5272|p95_ms=32.025|fps_p95=31.226|gate=PASS

