
Session altered.


Session altered.


Session altered.


Session altered.


Session altered.

PMLE_OCI_DVL2_BATCH_LOAD|PASS
6 command-line variables
M_LoadDefaults: Load system defaults.
M_Random: Using DelegateRandom.
-iwad specified. Will be used with priority
ITicker: Using nanosecond accuracy timer.
FreeDoom: Phase 1	   v1.9
W_Init: Init WADfiles.
	added freedoom1.wad (zipped: false network: true)
VI_Init: set palettes.
Palette: 3584 colors
VI_Init: set colormaps.
Colormaps: 35
V_Init: allocate screens.
AM_Init: Init Automap colors -
===========================================================================
Copyright © 2001-2017 Contributors to the Freedoom project.
All rights reserved.
See: https://github.com/freedoom/freedoom/blob/master/COPYING.adoc
===========================================================================
Tables.InitTables: Init trigonometric LUTs.
M_Init: Init miscellaneous info.
R_Init: Init DOOM refresh daemon -
P_Init: Init Playloop state.
false NUKAGE1 NUKAGE3 8
false FWATER1 FWATER4 8
false SWATER1 SWATER4 8
false LAVA1 LAVA4 8
false BLOOD1 BLOOD3 8
false RROCK05 RROCK08 8
false SLIME01 SLIME04 8
false SLIME05 SLIME08 8
false SLIME09 SLIME12 8
I_Init: Setting up machine state.
D_CheckNetGame: Checking network game status.
startskill sk_medium  deathmatch: false  startmap: 1  startepisode: 1
player 1 of 1 (1 nodes)
S_Init: Setting up sound.
M_Random: Switching to DoomRandom (new instance)
P_GetNodesVersion: using normal BSP nodes
P_GetNodesVersion: using normal BSP nodes
Max size 66146
P_GetNodesVersion: using normal BSP nodes
Max size 66146
PMLE_OCI_DVL2_BATCH_PUBLISH|PASS|classification=DIAGNOSTIC_NOT_GATE|format=DLB1|batch_size=5|frames=600|groups=120|amortized_p50_ms=22.785|amortized_p95_ms=35.108|mean_ms=25.924|sustained_fps=38.324|delivery_batch_p95_ms=175.541|wall_ms=15656.041|get_time_ms=15650.000|clock_suspects=0|frame_bytes=64000|codec=NONE|authorship=DATABASE_MLE|rate_shape=FAIL
P_GetNodesVersion: using normal BSP nodes
Max size 66146
P_GetNodesVersion: using normal BSP nodes
Max size 66146
PMLE_OCI_DVL2_BATCH_PUBLISH|PASS|classification=DIAGNOSTIC_NOT_GATE|format=DLB1|batch_size=6|frames=600|groups=100|amortized_p50_ms=22.411|amortized_p95_ms=32.227|mean_ms=23.925|sustained_fps=41.566|delivery_batch_p95_ms=193.363|wall_ms=14434.780|get_time_ms=14440.000|clock_suspects=0|frame_bytes=64000|codec=NONE|authorship=DATABASE_MLE|rate_shape=PASS
P_GetNodesVersion: using normal BSP nodes
Max size 66146
P_GetNodesVersion: using normal BSP nodes
Max size 66146
PMLE_OCI_DVL2_BATCH_PUBLISH|PASS|classification=DIAGNOSTIC_NOT_GATE|format=DLB1|batch_size=8|frames=600|groups=75|amortized_p50_ms=22.196|amortized_p95_ms=31.045|mean_ms=23.164|sustained_fps=42.921|delivery_batch_p95_ms=248.358|wall_ms=13979.043|get_time_ms=13980.000|clock_suspects=0|frame_bytes=64000|codec=NONE|authorship=DATABASE_MLE|rate_shape=PASS
P_GetNodesVersion: using normal BSP nodes
Max size 66146
P_GetNodesVersion: using normal BSP nodes
Max size 66146
PMLE_OCI_DVL2_BATCH_PUBLISH|PASS|classification=DIAGNOSTIC_NOT_GATE|format=DLB1|batch_size=10|frames=600|groups=60|amortized_p50_ms=22.395|amortized_p95_ms=31.093|mean_ms=23.269|sustained_fps=42.826|delivery_batch_p95_ms=310.929|wall_ms=14010.104|get_time_ms=14010.000|clock_suspects=0|frame_bytes=64000|codec=NONE|authorship=DATABASE_MLE|rate_shape=PASS
PMLE_OCI_DVL2_BATCH_POSTFLIGHT|PASS|temporary_lobs_before=0|temporary_lobs_after=0|temporary_lobs_delta=0
