[INFO] Scanning for projects...
[INFO] 
[INFO] ---------------------< doomdb:free-raster-kernel >----------------------
[INFO] Building free-raster-kernel 1.0.0
[INFO]   from pom.xml
[INFO] --------------------------------[ jar ]---------------------------------
[INFO] 
[INFO] --- resources:3.3.1:resources (default-resources) @ free-raster-kernel ---
[INFO] skip non existing resourceDirectory /work/probes/mle/free-raster-teavm/src/main/resources
[INFO] 
[INFO] --- compiler:3.13.0:compile (default-compile) @ free-raster-kernel ---
[INFO] Nothing to compile - all classes are up to date.
[INFO] 
[INFO] --- resources:3.3.1:testResources (default-testResources) @ free-raster-kernel ---
[INFO] skip non existing resourceDirectory /work/probes/mle/free-raster-teavm/src/test/resources
[INFO] 
[INFO] --- compiler:3.13.0:testCompile (default-testCompile) @ free-raster-kernel ---
[INFO] No sources to compile
[INFO] 
[INFO] --- surefire:3.2.5:test (default-test) @ free-raster-kernel ---
[INFO] Tests are skipped.
[INFO] 
[INFO] --- jar:3.4.1:jar (default-jar) @ free-raster-kernel ---
[INFO] 
[INFO] --- org.teavm:teavm-maven-plugin:0.15.0:compile (default) @ free-raster-kernel ---
[INFO] Preparing classpath for TeaVM
[INFO] Using the following classpath for TeaVM: /root/.m2/repository/org/teavm/teavm-classlib/0.15.0/teavm-classlib-0.15.0.jar:/root/.m2/repository/org/teavm/teavm-core/0.15.0/teavm-core-0.15.0.jar:/root/.m2/repository/org/teavm/teavm-interop/0.15.0/teavm-interop-0.15.0.jar:/root/.m2/repository/org/teavm/teavm-metaprogramming-api/0.15.0/teavm-metaprogramming-api-0.15.0.jar:/root/.m2/repository/org/teavm/teavm-extension-apis/0.15.0/teavm-extension-apis-0.15.0.jar:/root/.m2/repository/org/teavm/teavm-platform/0.15.0/teavm-platform-0.15.0.jar:/root/.m2/repository/org/teavm/teavm-jso-apis/0.15.0/teavm-jso-apis-0.15.0.jar:/root/.m2/repository/org/teavm/teavm-jso-impl/0.15.0/teavm-jso-impl-0.15.0.jar:/root/.m2/repository/org/teavm/teavm-metaprogramming-impl/0.15.0/teavm-metaprogramming-impl-0.15.0.jar:/root/.m2/repository/com/jcraft/jzlib/1.1.3/jzlib-1.1.3.jar:/root/.m2/repository/joda-time/joda-time/2.12.2/joda-time-2.12.2.jar:/root/.m2/repository/org/teavm/teavm-jso/0.15.0/teavm-jso-0.15.0.jar:/work/probes/mle/free-raster-teavm/target/classes
[INFO] Running TeaVM
[INFO] Output file successfully built
[INFO] Classes compiled: 41
[INFO] Methods compiled: 584
[INFO] ------------------------------------------------------------------------
[INFO] BUILD SUCCESS
[INFO] ------------------------------------------------------------------------
[INFO] Total time:  6.972 s
[INFO] Finished at: 2026-07-27T06:50:08Z
[INFO] ------------------------------------------------------------------------
PMLE_FREE_RASTER_BUILD|PASS|bytes=22663|sha256=780c568e754a7bfd3d860909e59a0affff2a41b8c62f9ec908ebfea3f9d2b50c|source_sha256=3cf4141f62715905ea96311bde5b04ebe67dc73fec9db6511c116b99efd45643|full_source_sha256=1a4567bc98b3fab9da10b5da246c4491965fa6a52375085ef4809f44451afc11|teavm=0.15.0|optimization=ADVANCED
PMLE_FULL_COMMAND_RASTER_NODE|PASS|frames=192|commands=394360|viewport_exact=192|ms_per_frame_p50=0.170680|ms_per_frame_p95=0.205688|artifact_sha256=780c568e754a7bfd3d860909e59a0affff2a41b8c62f9ec908ebfea3f9d2b50c|pack_sha256=b7ecc95f3935d550305fd4f6aae3c8ec562de8a7a0fb976703f1f7b1a7ecc9dc
