
Session altered.


Session altered.


Session altered.


Session altered.


Session altered.

6 command-line variables
M_LoadDefaults: Load system defaults.
M_Random: Using DelegateRandom.
-iwad specified. Will be used with priority
	added freedoom1.wad (zipped: false network: true)
ITicker: Using nanosecond accuracy timer.
                         The Ultimate DOOM Startup v1.9                           
W_Init: Init WADfiles.
	added freedoom1.wad (zipped: false network: true)
VI_Init: set palettes.
Palette: 3584 colors
VI_Init: set colormaps.
Colormaps: 35
V_Init: allocate screens.
AM_Init: Init Automap colors - 
===========================================================================
                 Commercial product - do not distribute!
         Please report software piracy to the SPA: 1-800-388-PIR8
===========================================================================
Tables.InitTables: Init trigonometric LUTs.
M_Init: Init miscellaneous info.
R_Init: Init DOOM refresh daemon - 
R_InitData
Init Texture and Flat Manager
InitTextures[................
InitFlats
InitSprites..............
InitColormaps		
R_InitPointToAngle
R_InitTables
R_InitPlanes
R_InitLightTables
R_InitSkyMap: 119
R_InitTranslationsTables
R_InitTranMap: 
R_InitDrawingFunctions: 
P_Init: Init Playloop state.
false NUKAGE1 NUKAGE3 8
false FWATER1 FWATER4 8
false SWATER1 SWATER4 8
false LAVA1 LAVA4 8
false BLOOD1 BLOOD3 8
false RROCK05 RROCK08 8
false SLIME01 SLIME04 8
false SLIME05 SLIME08 8
false SLIME09 SLIME12 8
I_Init: Setting up machine state.
D_CheckNetGame: Checking network game status.
startskill sk_medium  deathmatch: false  startmap: 1  startepisode: 1
player 1 of 1 (1 nodes)
S_Init: Setting up sound.
M_Random: Switching to DoomRandom (new instance)
P_GetNodesVersion: using normal BSP nodes
PMLE_OCI_DVL2_SLIM_WORLD_LOAD|PASS

PMLE_OCI_DVL2_SLIM_WORLD_STAGE|PASS|stage=AUTHORITY_STEP|p50_ms=4.189|p95_ms=5.533|p99_ms=6.449|mean_ms=4.176
PMLE_OCI_DVL2_SLIM_WORLD_STAGE|PASS|stage=DVL2_SNAPSHOT_BUILD|p50_ms=0.081|p95_ms=0.104|p99_ms=0.110|mean_ms=0.083
PMLE_OCI_DVL2_SLIM_WORLD_STAGE|PASS|stage=DVL2_DYNAMIC_IMPORT|p50_ms=0.028|p95_ms=0.038|p99_ms=0.045|mean_ms=0.029
PMLE_OCI_DVL2_SLIM_WORLD_STAGE|PASS|stage=COARSE_WORLD_RASTER|p50_ms=12.178|p95_ms=18.714|p99_ms=21.576|mean_ms=13.211
PMLE_OCI_DVL2_SLIM_WORLD_STAGE|PASS|stage=COMPOSITOR_SNAPSHOT_BUILD|p50_ms=2.807|p95_ms=3.486|p99_ms=4.480|mean_ms=3.029
PMLE_OCI_DVL2_SLIM_WORLD_STAGE|PASS|stage=COMPOSITOR_SNAPSHOT_EXPORT|p50_ms=0.044|p95_ms=0.058|p99_ms=0.066|mean_ms=0.046
PMLE_OCI_DVL2_SLIM_WORLD_STAGE|PASS|stage=COMPOSITOR_BUFFER_COPY|p50_ms=0.014|p95_ms=0.018|p99_ms=0.024|mean_ms=0.014
PMLE_OCI_DVL2_SLIM_WORLD_STAGE|PASS|stage=WORLD_SPRITES|p50_ms=1.629|p95_ms=3.117|p99_ms=6.045|mean_ms=2.009
PMLE_OCI_DVL2_SLIM_WORLD_STAGE|PASS|stage=WEAPON_PSPRITES|p50_ms=2.797|p95_ms=2.852|p99_ms=4.849|mean_ms=2.779
PMLE_OCI_DVL2_SLIM_WORLD_STAGE|PASS|stage=STATUS_BAR_HUD|p50_ms=2.329|p95_ms=2.423|p99_ms=7.081|mean_ms=2.436
PMLE_OCI_DVL2_SLIM_WORLD_STAGE|PASS|stage=BLOB_RING_PUBLISH|p50_ms=4.298|p95_ms=5.330|p99_ms=21.637|mean_ms=4.852
PMLE_OCI_DVL2_SLIM_WORLD_STAGE|PASS|stage=TOTAL|p50_ms=31.280|p95_ms=39.907|p99_ms=51.665|mean_ms=32.664
PMLE_OCI_DVL2_SLIM_WORLD|PASS|frames=300|unique=300|ring_full=64|ring_unique=64|native_views=3|compositor_bytes_min=2992|compositor_bytes_max=5032|p95_ms=39.907|fps_p95=25.058|gate=FAIL

declare
*
ERROR at line 1:
ORA-04161: ReferenceError: retainedEncodedFrame is not defined
ORA-06512: at line 166
ORA-04171: at release (DOOM.DOOM_DVL2_RENDER_COORDINATOR:382:3)
ORA-06512: at "DOOM.DOOM_FUSED_RELEASE", line 1
ORA-06512: at line 164
Help: https://docs.oracle.com/error-help/db/ora-04161/

