PASS DFR1-CODEC-PROPERTY frames=5 checksum=11631424552765645388
[INFO] Scanning for projects...
[INFO] 
[INFO] -----------------< doomdb:mochadoom-mle-engine-slice >------------------
[INFO] Building mochadoom-mle-engine-slice 1.0.0
[INFO]   from pom.xml
[INFO] --------------------------------[ jar ]---------------------------------
[INFO] 
[INFO] --- build-helper:3.6.1:add-source (add-dvr-codec-source) @ mochadoom-mle-engine-slice ---
[INFO] Source directory: /work/probes/mle/teavm-engine/src/dvr/java added.
[INFO] 
[INFO] --- resources:3.3.1:resources (default-resources) @ mochadoom-mle-engine-slice ---
[INFO] skip non existing resourceDirectory /work/probes/mle/teavm-engine/src/main/resources
[INFO] 
[INFO] --- compiler:3.13.0:compile (default-compile) @ mochadoom-mle-engine-slice ---
[INFO] Nothing to compile - all classes are up to date.
[INFO] 
[INFO] --- resources:3.3.1:testResources (default-testResources) @ mochadoom-mle-engine-slice ---
[INFO] skip non existing resourceDirectory /work/probes/mle/teavm-engine/src/test/resources
[INFO] 
[INFO] --- compiler:3.13.0:testCompile (default-testCompile) @ mochadoom-mle-engine-slice ---
[INFO] No sources to compile
[INFO] 
[INFO] --- surefire:3.2.5:test (default-test) @ mochadoom-mle-engine-slice ---
[INFO] Tests are skipped.
[INFO] 
[INFO] --- jar:3.4.1:jar (default-jar) @ mochadoom-mle-engine-slice ---
[INFO] 
[INFO] --- org.teavm:teavm-maven-plugin:0.15.0:compile (default) @ mochadoom-mle-engine-slice ---
[INFO] Preparing classpath for TeaVM
[INFO] Using the following classpath for TeaVM: /root/.m2/repository/org/teavm/teavm-classlib/0.15.0/teavm-classlib-0.15.0.jar:/root/.m2/repository/org/teavm/teavm-core/0.15.0/teavm-core-0.15.0.jar:/root/.m2/repository/org/teavm/teavm-interop/0.15.0/teavm-interop-0.15.0.jar:/root/.m2/repository/org/teavm/teavm-metaprogramming-api/0.15.0/teavm-metaprogramming-api-0.15.0.jar:/root/.m2/repository/org/teavm/teavm-extension-apis/0.15.0/teavm-extension-apis-0.15.0.jar:/root/.m2/repository/org/teavm/teavm-platform/0.15.0/teavm-platform-0.15.0.jar:/root/.m2/repository/org/teavm/teavm-jso-apis/0.15.0/teavm-jso-apis-0.15.0.jar:/root/.m2/repository/org/teavm/teavm-jso-impl/0.15.0/teavm-jso-impl-0.15.0.jar:/root/.m2/repository/org/teavm/teavm-metaprogramming-impl/0.15.0/teavm-metaprogramming-impl-0.15.0.jar:/root/.m2/repository/com/jcraft/jzlib/1.1.3/jzlib-1.1.3.jar:/root/.m2/repository/joda-time/joda-time/2.12.2/joda-time-2.12.2.jar:/root/.m2/repository/org/teavm/teavm-jso/0.15.0/teavm-jso-0.15.0.jar:/work/probes/mle/teavm-engine/target/mochadoom-mle-simulation.jar:/work/probes/mle/teavm-engine/target/classes
[INFO] Running TeaVM
[INFO] Output file successfully built
[INFO] Classes compiled: 44
[INFO] Methods compiled: 553
[INFO] ------------------------------------------------------------------------
[INFO] BUILD SUCCESS
[INFO] ------------------------------------------------------------------------
[INFO] Total time:  6.927 s
[INFO] Finished at: 2026-07-26T18:10:50Z
[INFO] ------------------------------------------------------------------------
PASS PMLE-DVR-CODEC-BUILD codec=DOOM_DFR1_RLE version=1 bytes=14462 sha256=e44884a58a0b1767919b65e141b8a1c3fdec6560b7b90db519fc1008134c4353 source_set_sha256=f8ebb311b56820b4727e0726ffa3ccedc1adf78f35d3453694925efc01e0949c classification=UNPROMOTED_CANDIDATE
