6 command-line variables
M_LoadDefaults: Load system defaults.
M_Random: Using DelegateRandom.
-iwad specified. Will be used with priority

	added freedoom1.wad (zipped: false network: true)
ITicker: Using nanosecond accuracy timer.
                         The Ultimate DOOM Startup v1.9                           
W_Init: Init WADfiles.
	added freedoom1.wad (zipped: false network: true)
VI_Init: set palettes.
Palette: 3584 colors
VI_Init: set colormaps.
Colormaps: 35
V_Init: allocate screens.
AM_Init: Init Automap colors - 
===========================================================================
                 Commercial product - do not distribute!
         Please report software piracy to the SPA: 1-800-388-PIR8
===========================================================================
Tables.InitTables: Init trigonometric LUTs.
M_Init: Init miscellaneous info.
R_Init: Init DOOM refresh daemon - 
R_InitData
Init Texture and Flat Manager
InitTextures[................
InitFlats
InitSprites..............
InitColormaps		
R_InitPointToAngle
R_InitTables
R_InitPlanes
R_InitLightTables
R_InitSkyMap: 119
R_InitTranslationsTables
R_InitTranMap: 
R_InitDrawingFunctions: 
P_Init: Init Playloop state.
false NUKAGE1 NUKAGE3 8
false FWATER1 FWATER4 8
false SWATER1 SWATER4 8
false LAVA1 LAVA4 8
false BLOOD1 BLOOD3 8
false RROCK05 RROCK08 8
false SLIME01 SLIME04 8
false SLIME05 SLIME08 8
false SLIME09 SLIME12 8
I_Init: Setting up machine state.
D_CheckNetGame: Checking network game status.
startskill sk_medium  deathmatch: false  startmap: 1  startepisode: 1
player 1 of 1 (1 nodes)
S_Init: Setting up sound.
M_Random: Switching to DoomRandom (new instance)
P_GetNodesVersion: using normal BSP nodes
{"schema":1,"classification":"NODE_REFERENCE_NOT_OCI_GATE","codec":"DOOM_DFR1_RLE","codecVersion":1,"tics":5250,"frameBytes":64000,"presentationSha256":"118c37717b362d9e7669b5a3a1e73c87b3916479b6e53651f08e85be9ae8f2d3","codecSha256":"e44884a58a0b1767919b65e141b8a1c3fdec6560b7b90db519fc1008134c4353","streamSha256":"fa7637570c30d3a33cbf8456e98268890e9f5bd82f5ba39fd7f69b139ddc4085","frameChainSha256":"dc0cfe6a9cc79f592e9b04409508c7db29866308d2a886d7f344d1b75294330c","compressedChainSha256":"2dc3a49eaf8a749f95be0293c8150807268846a35cbe71951eb52ab1ebdb7d8f","whole":{"samples":5250,"compressP50Ms":1.3607489999994868,"compressP95Ms":1.5305379999990691,"compressedP50Bytes":46770,"compressedP95Bytes":55779,"ratioP50":0.73078125,"ratioP95":0.871546875},"peak":{"samples":700,"compressP50Ms":1.3777470000004541,"compressP95Ms":1.557597999999416,"compressedP50Bytes":50256,"compressedP95Bytes":59287,"ratioP50":0.78525,"ratioP95":0.926359375},"quiet":{"samples":850,"compressP50Ms":1.0858359999983804,"compressP95Ms":1.2100930000015069,"compressedP50Bytes":36452,"compressedP95Bytes":36459,"ratioP50":0.5695625,"ratioP95":0.569671875}}
PMLE_DVR_CODEC_NODE|PASS|codec=DOOM_DFR1_RLE|version=1|tics=5250|frame_chain_sha256=dc0cfe6a9cc79f592e9b04409508c7db29866308d2a886d7f344d1b75294330c|compressed_chain_sha256=2dc3a49eaf8a749f95be0293c8150807268846a35cbe71951eb52ab1ebdb7d8f|ratio_p50=0.730781|ratio_p95=0.871547|compress_p95_ms=1.531|presentation_sha256=118c37717b362d9e7669b5a3a1e73c87b3916479b6e53651f08e85be9ae8f2d3|codec_sha256=e44884a58a0b1767919b65e141b8a1c3fdec6560b7b90db519fc1008134c4353|stream_sha256=fa7637570c30d3a33cbf8456e98268890e9f5bd82f5ba39fd7f69b139ddc4085
