PMLE_PRESENTATION_NODE_PROFILE_TOP|function=dme_PresentationEngineReachabilityProbe_renderPlayerFrameByRef$exported$12|self_ms=1317.822|self_pct=7.421
PMLE_PRESENTATION_NODE_PROFILE_TOP|function=rd_R_DrawColumnBoomOpt$Indexed_invoke|self_ms=988.833|self_pct=5.568
PMLE_PRESENTATION_NODE_PROFILE_TOP|function=r_RendererState$SegDrawer_RenderSegLoop|self_ms=967.691|self_pct=5.449
PMLE_PRESENTATION_NODE_PROFILE_TOP|function=update|self_ms=896.505|self_pct=5.048
PMLE_PRESENTATION_NODE_PROFILE_TOP|function=Long_create|self_ms=876.631|self_pct=4.936
PMLE_PRESENTATION_NODE_PROFILE_TOP|function=Long_shru|self_ms=599.661|self_pct=3.377
PMLE_PRESENTATION_NODE_PROFILE_TOP|function=Long_lo|self_ms=599.560|self_pct=3.376
PMLE_PRESENTATION_NODE_PROFILE_TOP|function=jl_System_doArrayCopy|self_ms=551.748|self_pct=3.107
PMLE_PRESENTATION_NODE_PROFILE_TOP|function=r_RendererState$SegDrawer_StoreWallRange|self_ms=500.557|self_pct=2.819
PMLE_PRESENTATION_NODE_PROFILE_TOP|function=r_AbstractThings_DrawMaskedColumn|self_ms=461.340|self_pct=2.598
PMLE_PRESENTATION_NODE_PROFILE_TOP|function=vg_Columns_DrawPatchColumns|self_ms=419.534|self_pct=2.362
PMLE_PRESENTATION_NODE_PROFILE_TOP|function=rd_R_DrawSpan$Indexed_invoke|self_ms=412.542|self_pct=2.323
PMLE_PRESENTATION_NODE_PROFILE_TOP|function=(anonymous)|self_ms=380.371|self_pct=2.142
PMLE_PRESENTATION_NODE_PROFILE_TOP|function=s_StatusBar_copyRect|self_ms=348.755|self_pct=1.964
PMLE_PRESENTATION_NODE_PROFILE_TOP|function=r_AbstractThings_DrawSprite|self_ms=341.805|self_pct=1.925
PMLE_PRESENTATION_NODE_PROFILE_TOP|function=(garbage collector)|self_ms=319.230|self_pct=1.798
PMLE_PRESENTATION_NODE_PROFILE_TOP|function=r_SimpleTextureManager_getRogueColumn|self_ms=261.354|self_pct=1.472
PMLE_PRESENTATION_NODE_PROFILE_TOP|function=r_RendererState$BSP_AddLine|self_ms=256.961|self_pct=1.447
PMLE_PRESENTATION_NODE_PROFILE_TOP|function=r_RendererState$BSP_CheckBBox|self_ms=242.800|self_pct=1.367
PMLE_PRESENTATION_NODE_PROFILE_TOP|function=r_RendererState$Planes_DrawPlanes|self_ms=218.328|self_pct=1.229
PMLE_PRESENTATION_NODE_PROFILE_TOP|function=rd_R_DrawColumnBoom$Indexed_invoke|self_ms=201.463|self_pct=1.134
PMLE_PRESENTATION_NODE_PROFILE_TOP|function=r_RendererState$BSP_RenderBSPNode|self_ms=195.211|self_pct=1.099
PMLE_PRESENTATION_NODE_PROFILE_TOP|function=Long_div|self_ms=181.832|self_pct=1.024
PMLE_PRESENTATION_NODE_PROFILE_TOP|function=r_RendererState$BSP_Subsector|self_ms=168.299|self_pct=0.948
PMLE_PRESENTATION_NODE_PROFILE_TOP|function=Long_shl|self_ms=149.051|self_pct=0.839
PMLE_PRESENTATION_NODE_PROFILE_TOP|function=r_SimpleTextureManager_getTextureColumnLump|self_ms=139.134|self_pct=0.783
PMLE_PRESENTATION_NODE_PROFILE_TOP|function=ju_HashMap_entryByKey|self_ms=138.784|self_pct=0.782
PMLE_PRESENTATION_NODE_PROFILE_TOP|function=jl_Object$Monitor|self_ms=134.912|self_pct=0.760
PMLE_PRESENTATION_NODE_PROFILE_TOP|function=p_ActiveStates$_clinit_$lambda$_9_75_accept|self_ms=133.942|self_pct=0.754
PMLE_PRESENTATION_NODE_PROFILE_TOP|function=r_ViewVars_PointToAngle|self_ms=131.150|self_pct=0.739
PMLE_PRESENTATION_NODE_PROFILE_TOP|function=Long_fromInt|self_ms=131.121|self_pct=0.738
PMLE_PRESENTATION_NODE_PROFILE_TOP|function=r_PlaneDrawer_MapPlane|self_ms=124.638|self_pct=0.702
PMLE_PRESENTATION_NODE_PROFILE_TOP|function=r_VisSprites_ProjectSprite|self_ms=119.748|self_pct=0.674
PMLE_PRESENTATION_NODE_PROFILE_TOP|function=compileSourceTextModule|self_ms=111.962|self_pct=0.630
PMLE_PRESENTATION_NODE_PROFILE_TOP|function=ju_HashMap_findNonNullKeyEntry|self_ms=110.590|self_pct=0.623
PMLE_PRESENTATION_NODE_PROFILE_TOP|function=r_SimpleTextureManager_GetCachedColumn|self_ms=108.798|self_pct=0.613
PMLE_PRESENTATION_NODE_PROFILE_TOP|function=Hash|self_ms=105.478|self_pct=0.594
PMLE_PRESENTATION_NODE_PROFILE_TOP|function=jl_Object_monitorEnter|self_ms=99.652|self_pct=0.561
PMLE_PRESENTATION_NODE_PROFILE_TOP|function=$rt_createByteArray|self_ms=95.236|self_pct=0.536
PMLE_PRESENTATION_NODE_PROFILE_TOP|function=r_SimpleTextureManager_getTextureheight|self_ms=90.378|self_pct=0.509
PMLE_PRESENTATION_NODE_PROFILE_TOP|function=pA_ActionsThinkers_Ticker|self_ms=90.025|self_pct=0.507
PMLE_PRESENTATION_NODE_PROFILE_TOP|function=Long_and|self_ms=89.969|self_pct=0.507
PMLE_PRESENTATION_NODE_PROFILE_TOP|function=pA_ActionsSight_CrossSubsector|self_ms=84.143|self_pct=0.474
PMLE_PRESENTATION_NODE_PROFILE_TOP|function=r_visplane_t_setTop|self_ms=79.491|self_pct=0.448
PMLE_PRESENTATION_NODE_PROFILE_TOP|function=$rt_cls|self_ms=79.412|self_pct=0.447
PMLE_PRESENTATION_NODE_PROFILE_TOP|function=r_AbstractThings_DrawVisSprite|self_ms=79.360|self_pct=0.447
PMLE_PRESENTATION_NODE_PROFILE_TOP|function=r_visplane_t_getTop|self_ms=78.403|self_pct=0.441
PMLE_PRESENTATION_NODE_PROFILE_TOP|function=d_Tables_finesine0|self_ms=75.450|self_pct=0.425
PMLE_PRESENTATION_NODE_PROFILE_TOP|function=m_fixed_t_FixedMul|self_ms=75.181|self_pct=0.423
PMLE_PRESENTATION_NODE_PROFILE_TOP|function=jl_Object|self_ms=74.520|self_pct=0.420
PMLE_PRESENTATION_NODE_PROFILE_RANK|PASS|samples=14874|excluded_negative=3|exclusion_pct=0.020|sampled_ms=17758.644
