PMLE_TEAVM_FUNCTION_SIZE_CENSUS|PASS|artifact_sha256=3f2ed95e6afa1d9fdbb2b60e58fb2b4709f844e0010adb273285caac4c6ed117|artifact_bytes=4401578|functions=4321|reported=100
PMLE_TEAVM_FUNCTION_SIZE|rank=1|name=d_info__clinit_|bytes=163917|start=848850|end=1012766
PMLE_TEAVM_FUNCTION_SIZE|rank=2|name=d_statenum_t__clinit_|bytes=108448|start=1951936|end=2060383
PMLE_TEAVM_FUNCTION_SIZE|rank=3|name=pA_ActionsUseEvents_UseSpecialLine|bytes=86708|start=1417262|end=1503969
PMLE_TEAVM_FUNCTION_SIZE|rank=4|name=d_DoomMain_Ticker|bytes=74016|start=388119|end=462134
PMLE_TEAVM_FUNCTION_SIZE|rank=5|name=otciu_CLDRHelper_getLikelySubtagsMap$$create|bytes=65195|start=2585108|end=2650302
PMLE_TEAVM_FUNCTION_SIZE|rank=6|name=cjj_Inflate_inflate|bytes=51705|start=3281921|end=3333625
PMLE_TEAVM_FUNCTION_SIZE|rank=7|name=dme_SimulationEngineReachabilityProbe_restoreCheckpointCore|bytes=47149|start=205171|end=252319
PMLE_TEAVM_FUNCTION_SIZE|rank=8|name=jur_AbstractCharClass$PredefinedCharacterClasses__clinit_|bytes=36416|start=2806071|end=2842486
PMLE_TEAVM_FUNCTION_SIZE|rank=9|name=cjj_InfBlocks_proc|bytes=31928|start=3360680|end=3392607
PMLE_TEAVM_FUNCTION_SIZE|rank=10|name=otciu_CLDRHelper_getCurrencyMap$$create|bytes=31212|start=2650985|end=2682040
PMLE_TEAVM_FUNCTION_SIZE|rank=11|name=otcit_DoubleAnalyzer__clinit_|bytes=28351|start=3200019|end=3228369
PMLE_TEAVM_FUNCTION_SIZE|rank=12|name=otcit_DoubleSynthesizer__clinit_|bytes=28180|start=3150895|end=3179074
PMLE_TEAVM_FUNCTION_SIZE|rank=13|name=r_RendererState$SegDrawer_RenderSegLoop|bytes=27953|start=3645138|end=3673090
PMLE_TEAVM_FUNCTION_SIZE|rank=14|name=pA_ActionsThings_TouchSpecialThing|bytes=27265|start=1649481|end=1676745
PMLE_TEAVM_FUNCTION_SIZE|rank=15|name=g_Signals$ScanCode__clinit_|bytes=22527|start=1056087|end=1078613
PMLE_TEAVM_FUNCTION_SIZE|rank=16|name=p_BoomLevelLoader_P_LoadSegs_V4|bytes=22321|start=1268767|end=1291087
PMLE_TEAVM_FUNCTION_SIZE|rank=17|name=pA_ActionsMoveEvents_CrossSpecialLine|bytes=22095|start=1395116|end=1417210
PMLE_TEAVM_FUNCTION_SIZE|rank=18|name=p_BoomLevelLoader_P_LoadSegs|bytes=21741|start=1247024|end=1268764
PMLE_TEAVM_FUNCTION_SIZE|rank=19|name=pA_ActionsThinkers_Ticker|bytes=21398|start=1595369|end=1616766
PMLE_TEAVM_FUNCTION_SIZE|rank=20|name=jur_Lexer_movePointer|bytes=21121|start=2548952|end=2570072
PMLE_TEAVM_FUNCTION_SIZE|rank=21|name=cjj_InfCodes_proc|bytes=20406|start=3412399|end=3432804
PMLE_TEAVM_FUNCTION_SIZE|rank=22|name=d_DoomMain_readCVars|bytes=20095|start=522984|end=543078
PMLE_TEAVM_FUNCTION_SIZE|rank=23|name=p_ActiveStates__clinit_|bytes=18399|start=2064875|end=2083273
PMLE_TEAVM_FUNCTION_SIZE|rank=24|name=r_SpriteManager_InitSpriteDefs|bytes=17910|start=1202953|end=1220862
PMLE_TEAVM_FUNCTION_SIZE|rank=25|name=otcic_CurrencyHelper_getCurrencies$$create|bytes=16963|start=3255791|end=3272753
PMLE_TEAVM_FUNCTION_SIZE|rank=26|name=r_RendererState$SegDrawer_StoreWallRange|bytes=16795|start=3628341|end=3645135
PMLE_TEAVM_FUNCTION_SIZE|rank=27|name=r_SimpleTextureManager_InitTextures|bytes=16605|start=3707361|end=3723965
PMLE_TEAVM_FUNCTION_SIZE|rank=28|name=dme_SimulationEngineReachabilityProbe_checkpointLength|bytes=16358|start=182346|end=198703
PMLE_TEAVM_FUNCTION_SIZE|rank=29|name=d_spritenum_t__clinit_|bytes=15245|start=1904526|end=1919770
PMLE_TEAVM_FUNCTION_SIZE|rank=30|name=d_mobjtype_t__clinit_|bytes=15013|start=2344347|end=2359359
PMLE_TEAVM_FUNCTION_SIZE|rank=31|name=s_StatusBar_loadGraphics|bytes=14683|start=2198461|end=2213143
PMLE_TEAVM_FUNCTION_SIZE|rank=32|name=d_sounds$sfxenum_t__clinit_|bytes=14073|start=2090101|end=2104173
PMLE_TEAVM_FUNCTION_SIZE|rank=33|name=d_DoomMain_Display|bytes=13803|start=341452|end=355254
PMLE_TEAVM_FUNCTION_SIZE|rank=34|name=w_WadLoader_InitMultipleFiles|bytes=13598|start=1154393|end=1167990
PMLE_TEAVM_FUNCTION_SIZE|rank=35|name=d_CommandVariable__clinit_|bytes=13379|start=1088849|end=1102227
PMLE_TEAVM_FUNCTION_SIZE|rank=36|name=p_BoomLevelLoader_SetupLevel|bytes=13346|start=1367127|end=1380472
PMLE_TEAVM_FUNCTION_SIZE|rank=37|name=s_VanillaDSG_UnArchiveSpecials|bytes=12684|start=702428|end=715111
PMLE_TEAVM_FUNCTION_SIZE|rank=38|name=d_DoomMain_IdentifyVersion|bytes=12525|start=356922|end=369446
PMLE_TEAVM_FUNCTION_SIZE|rank=39|name=d_ConfigManager_SaveDefaults|bytes=12442|start=1036383|end=1048824
PMLE_TEAVM_FUNCTION_SIZE|rank=40|name=m_Settings__clinit_|bytes=12184|start=1110396|end=1122579
PMLE_TEAVM_FUNCTION_SIZE|rank=41|name=r_RendererState$Planes_DrawPlanes|bytes=12177|start=3774157|end=3786333
PMLE_TEAVM_FUNCTION_SIZE|rank=42|name=r_AbstractThings_DrawSprite|bytes=11967|start=3804581|end=3816547
PMLE_TEAVM_FUNCTION_SIZE|rank=43|name=w_WadLoader_AddFile|bytes=11648|start=1142234|end=1153881
PMLE_TEAVM_FUNCTION_SIZE|rank=44|name=p_UnifiedGameMap$Specials_InitPicAnims|bytes=11401|start=2316046|end=2327446
PMLE_TEAVM_FUNCTION_SIZE|rank=45|name=vr_BufferedRenderer__init_|bytes=11089|start=3998398|end=4009486
PMLE_TEAVM_FUNCTION_SIZE|rank=46|name=p_BoomLevelLoader_P_LoadZSegs|bytes=11081|start=1305217|end=1316297
PMLE_TEAVM_FUNCTION_SIZE|rank=47|name=r_RendererState_RenderPlayerView|bytes=11015|start=3602849|end=3613863
PMLE_TEAVM_FUNCTION_SIZE|rank=48|name=pA_ActionsMovement_NewChaseDir|bytes=11005|start=1695936|end=1706940
PMLE_TEAVM_FUNCTION_SIZE|rank=49|name=pA_ActionsMovement_XYMovement|bytes=10896|start=1718803|end=1729698
PMLE_TEAVM_FUNCTION_SIZE|rank=50|name=p_AbstractLevelLoader_CreateBlockMap|bytes=10894|start=604683|end=615576
PMLE_TEAVM_FUNCTION_SIZE|rank=51|name=s_VanillaDSG_UnArchiveThinkers|bytes=10622|start=684581|end=695202
PMLE_TEAVM_FUNCTION_SIZE|rank=52|name=cjj_InfCodes_inflate_fast|bytes=10607|start=3432859|end=3443465
PMLE_TEAVM_FUNCTION_SIZE|rank=53|name=s_StatusBar__init_|bytes=10565|start=2182523|end=2193087
PMLE_TEAVM_FUNCTION_SIZE|rank=54|name=r_SimpleTextureManager_InitHeadlessDirectories|bytes=10420|start=3723968|end=3734387
PMLE_TEAVM_FUNCTION_SIZE|rank=55|name=d_DoomMain_DoLoadLevel|bytes=10169|start=377948|end=388116
PMLE_TEAVM_FUNCTION_SIZE|rank=56|name=pA_ActionsMovement_SlideMove|bytes=10145|start=1707660|end=1717804
PMLE_TEAVM_FUNCTION_SIZE|rank=57|name=pA_ActionsPathTraverse_PathTraverse|bytes=9795|start=1677013|end=1686807
PMLE_TEAVM_FUNCTION_SIZE|rank=58|name=d_DoomMain__init_|bytes=9418|start=509977|end=519394
PMLE_TEAVM_FUNCTION_SIZE|rank=59|name=jur_Pattern_processTerminal|bytes=9379|start=2136035|end=2145413
PMLE_TEAVM_FUNCTION_SIZE|rank=60|name=d_sounds$musicenum_t__clinit_|bytes=9199|start=3490350|end=3499548
PMLE_TEAVM_FUNCTION_SIZE|rank=61|name=p_BoomLevelLoader_P_LoadZNodes|bytes=8856|start=1316505|end=1325360
PMLE_TEAVM_FUNCTION_SIZE|rank=62|name=d_player_t_PlayerThink|bytes=8848|start=782682|end=791529
PMLE_TEAVM_FUNCTION_SIZE|rank=63|name=d_player_t_GiveAmmo|bytes=8758|start=747977|end=756734
PMLE_TEAVM_FUNCTION_SIZE|rank=64|name=p_BoomLevelLoader_P_LoadBlockMap|bytes=8679|start=1346560|end=1355238
PMLE_TEAVM_FUNCTION_SIZE|rank=65|name=f_Finale_Drawer|bytes=8292|start=2237801|end=2246092
PMLE_TEAVM_FUNCTION_SIZE|rank=66|name=p_BoomLevelLoader_P_LoadSideDefs2|bytes=8203|start=1338355|end=1346557
PMLE_TEAVM_FUNCTION_SIZE|rank=67|name=dme_SimulationEngineReachabilityProbe_initializeMultiplayerGameInternal|bytes=8092|start=160785|end=168876
PMLE_TEAVM_FUNCTION_SIZE|rank=68|name=w_WadLoader_ReadLump|bytes=8019|start=1173056|end=1181074
PMLE_TEAVM_FUNCTION_SIZE|rank=69|name=juz_ZipInputStream_getNextEntry|bytes=7947|start=3060792|end=3068738
PMLE_TEAVM_FUNCTION_SIZE|rank=70|name=pA_ActionsAttacks_ShootTraverse|bytes=7947|start=1778903|end=1786849
PMLE_TEAVM_FUNCTION_SIZE|rank=71|name=pA_ActionsFloors_DoFloor|bytes=7797|start=1518418|end=1526214
PMLE_TEAVM_FUNCTION_SIZE|rank=72|name=jur_Pattern_processRangeExpression|bytes=7743|start=2145416|end=2153158
PMLE_TEAVM_FUNCTION_SIZE|rank=73|name=p_ActiveStates$_clinit_$lambda$_9_75_accept|bytes=7738|start=2468416|end=2476153
PMLE_TEAVM_FUNCTION_SIZE|rank=74|name=d_DoomMain_InitNew0|bytes=7720|start=486621|end=494340
PMLE_TEAVM_FUNCTION_SIZE|rank=75|name=dm_DoomDbMochaAdapter_canonicalStateMaterial|bytes=7657|start=330959|end=338615
PMLE_TEAVM_FUNCTION_SIZE|rank=76|name=d_DoomMain_ArbitrateNetStart|bytes=7638|start=556265|end=563902
PMLE_TEAVM_FUNCTION_SIZE|rank=77|name=pA_ActionsThinkers_SpawnSpecials|bytes=7606|start=1585676|end=1593281
PMLE_TEAVM_FUNCTION_SIZE|rank=78|name=pA_ActionsMobj_DamageMobj|bytes=7572|start=1739576|end=1747147
PMLE_TEAVM_FUNCTION_SIZE|rank=79|name=dme_SimulationEngineReachabilityProbe_renderPlayerFrameBytes|bytes=7541|start=257055|end=264595
PMLE_TEAVM_FUNCTION_SIZE|rank=80|name=r_RendererState_Init|bytes=7400|start=3585094|end=3592493
PMLE_TEAVM_FUNCTION_SIZE|rank=81|name=jl_Character_obtainClasses$$create|bytes=7302|start=146318|end=153619
PMLE_TEAVM_FUNCTION_SIZE|rank=82|name=jn_URLStreamHandler_parseURL|bytes=7276|start=2753324|end=2760599
PMLE_TEAVM_FUNCTION_SIZE|rank=83|name=cjj_InfTree_huft_build|bytes=7265|start=3394931|end=3402195
PMLE_TEAVM_FUNCTION_SIZE|rank=84|name=r_SimpleTextureManager_GetColumnStruct|bytes=7264|start=3757747|end=3765010
PMLE_TEAVM_FUNCTION_SIZE|rank=85|name=pA_ActionsSectors_MovePlane|bytes=7257|start=1574099|end=1581355
PMLE_TEAVM_FUNCTION_SIZE|rank=86|name=s_VanillaDSG_ArchiveSpecials|bytes=7221|start=695205|end=702425
PMLE_TEAVM_FUNCTION_SIZE|rank=87|name=pA_ActionsDoors_VerticalDoor0|bytes=7193|start=1534601|end=1541793
PMLE_TEAVM_FUNCTION_SIZE|rank=88|name=vt_GammaTables__clinit_|bytes=7116|start=4028729|end=4035844
PMLE_TEAVM_FUNCTION_SIZE|rank=89|name=jt_DecimalFormatParser_parseText|bytes=7082|start=3539445|end=3546526
PMLE_TEAVM_FUNCTION_SIZE|rank=90|name=f_EndLevel_updateNetgameStats|bytes=7066|start=1868753|end=1875818
PMLE_TEAVM_FUNCTION_SIZE|rank=91|name=f_Finale_CastTicker|bytes=6971|start=2226163|end=2233133
PMLE_TEAVM_FUNCTION_SIZE|rank=92|name=jl_Double_parseDouble|bytes=6736|start=3035328|end=3042063
PMLE_TEAVM_FUNCTION_SIZE|rank=93|name=r_AbstractThings_RenderMaskedSegRange|bytes=6661|start=3794695|end=3801355
PMLE_TEAVM_FUNCTION_SIZE|rank=94|name=cjj_InfTree__clinit_|bytes=6646|start=3404895|end=3411540
PMLE_TEAVM_FUNCTION_SIZE|rank=95|name=w_InputStreamSugar_createInputStreamFromURI|bytes=6424|start=651911|end=658334
PMLE_TEAVM_FUNCTION_SIZE|rank=96|name=r_SimpleTextureManager_PrecacheLevel|bytes=6404|start=3747046|end=3753449
PMLE_TEAVM_FUNCTION_SIZE|rank=97|name=pA_ActionsMobj_KillMobj|bytes=6392|start=1747150|end=1753541
PMLE_TEAVM_FUNCTION_SIZE|rank=98|name=d_DoomMain_HGetPacket|bytes=6323|start=548970|end=555292
PMLE_TEAVM_FUNCTION_SIZE|rank=99|name=jt_DecimalFormat_formatExponent|bytes=6312|start=3111177|end=3117488
PMLE_TEAVM_FUNCTION_SIZE|rank=100|name=d_DoomMain_CheckDemoStatus|bytes=6295|start=503680|end=509974
