
Session altered.


Session altered.


Session altered.


Session altered.

LOCAL_ALIGNMENT|POOL_PARKED

PL/SQL procedure successfully completed.


Session altered.


Session altered.


Session altered.


Session altered.

PMLE_TEAVM_STAGING_GATE|PASS|source_bytes=1090790|source_sha256=66dd235cde82a8b8fbcac88bb905912bacfd6ea40671d2808e5951ce290ce873|table_bytes=180272|table_sha256=058cd0df9444131b356762a096fd422d5131ac3aea91163aee056e8ad4965b44
PMLE_TEAVM_SIMULATION_LOAD|bytes=1090790|table_pack_bytes=180272

Session altered.


Session altered.


Session altered.


Session altered.

PMLE_LIVE_FRAME_STAGING|PASS|authority_bytes=1090790|authority_sha256=66dd235cde82a8b8fbcac88bb905912bacfd6ea40671d2808e5951ce290ce873|renderer_bytes=48427|renderer_sha256=c60a34dd81d6e184be7262f494ff3070adb1ab2fb926ecaafedc4043b22cf93c|coordinator_bytes=48215|coordinator_sha256=f98f6e3408ff7d2d57c26aa31b09d572fd73ea98b551f3f0cd322459dce15a0a

Session altered.


Session altered.


Session altered.


Session altered.


PL/SQL procedure successfully completed.

