PMLE_OCI_TWO_POV|BEGIN|frames=300|renderer=DATABASE_PIXELS|url_origin_sha256=13afb058b5b6fbfae22724b5c5fce6aa6a1772085daf7386ed7469510c3208f8
PMLE_OCI_TWO_POV_ARTIFACT_ATTEST|phase=BEFORE|authority_sha256=c613bb5106d6572d1023ae6caf9045f52d493005bc1be001326acd3826d8eae1|renderer_sha256=5092dda164a9cc7bd712e5e0b6ac82d98e2d441ff461e67443e9b1257a8af64f|coordinator_sha256=da9ff7a653b893712821d25b3b6b40fc1097497740550c32939d610763916192
PASS P13.3-MULTIPLAYER-CLIENT mode=COOP renderer=DATABASE_PIXELS two browsers dynamic-input confirmed-only distinct-POVs hostTic=45 guestTic=44 frames=300 p0=27.11fps paint=32.00/36.00ms paint99/999/max=46.20/1119.40/1119.40ms submitGap=0.00/0.00ms submitDecode=0.00/0.00ms pollReady=0.00/0.00ms decodePaint=0.00/0.00ms input=495.40/782.70ms input999/max=1195.90/1195.90ms n=38 worstPaint=1617:1119.4 net95=submit(q0.0,t0.0,d0.0)/poll(q0.9,t62.4,d13.2) p1=27.82fps paint=32.00/36.80ms paint99/999/max=169.40/711.90/711.90ms submitGap=0.00/0.00ms submitDecode=0.00/0.00ms pollReady=0.00/0.00ms decodePaint=0.00/0.00ms input=487.00/917.60ms input999/max=1265.20/1265.20ms n=38 worstPaint=1616:711.9 net95=submit(q0.0,t0.0,d0.0)/poll(q0.8,t62.5,d12.9) (bearers redacted)
PMLE_CHECKPOINT_CROSSING|1536                   
PMLE_CHECKPOINT_STAGE|tic=1024|save_ms=186.082|publish_ms=21.741                                                                                                                                                             
PMLE_CHECKPOINT_STAGE|tic=1536|save_ms=92.725|publish_ms=21.366                                                                                                                                                              
PMLE_CHECKPOINT_STAGE|tic=2048|save_ms=93.462|publish_ms=21.574                                                                                                                                                              
PMLE_PUBLICATION_GAP|tic=1976|gap_ms=571.369                                                                       
PMLE_WORKER_SLOW|tic=296|elapsed_ms=106.529|mle_ms=5.574|post_mle_ms=100.588                                                                                                                                                                                   
PMLE_WORKER_SLOW|tic=515|elapsed_ms=101.698|mle_ms=82.587|post_mle_ms=18.774                                                                                                                                                                                   
PMLE_WORKER_SLOW|tic=841|elapsed_ms=124.26|mle_ms=4.439|post_mle_ms=119.49                                                                                                                                                                                     
PMLE_WORKER_SLOW|tic=983|elapsed_ms=147.23|mle_ms=3.923|post_mle_ms=142.983                                                                                                                                                                                    
PMLE_WORKER_SLOW|tic=999|elapsed_ms=145.99|mle_ms=3.75|post_mle_ms=141.882                                                                                                                                                                                     
PMLE_WORKER_SLOW|tic=1001|elapsed_ms=168.739|mle_ms=3.773|post_mle_ms=164.522                                                                                                                                                                                  
PMLE_WORKER_SLOW|tic=1182|elapsed_ms=105.558|mle_ms=5.217|post_mle_ms=99.955                                                                                                                                                                                   
PMLE_WORKER_SLOW|tic=1349|elapsed_ms=137.965|mle_ms=4.515|post_mle_ms=133.107                                                                                                                                                                                  
PMLE_WORKER_SLOW|tic=1553|elapsed_ms=147.637|mle_ms=92.533|post_mle_ms=54.783                                                                                                                                                                                  
PMLE_WORKER_SLOW|tic=1694|elapsed_ms=114.189|mle_ms=87.993|post_mle_ms=25.859                                                                                                                                                                                  
PMLE_WORKER_SLOW|tic=1871|elapsed_ms=115.187|mle_ms=86.482|post_mle_ms=28.292                                                                                                                                                                                  
PMLE_WORKER_SLOW|tic=2041|elapsed_ms=125.277|mle_ms=83.823|post_mle_ms=41.134                                                                                                                                                                                  
PMLE_OCI_CHECKPOINT_CROSSING|PASS|checkpoint_tic=1536|windows=1302-1629/1302-1626
