PMLE_OCI_TWO_POV|BEGIN|frames=300|renderer=DATABASE_PIXELS|url_origin_sha256=13afb058b5b6fbfae22724b5c5fce6aa6a1772085daf7386ed7469510c3208f8
PMLE_OCI_TWO_POV_ARTIFACT_ATTEST|phase=BEFORE|authority_sha256=c613bb5106d6572d1023ae6caf9045f52d493005bc1be001326acd3826d8eae1|renderer_sha256=5092dda164a9cc7bd712e5e0b6ac82d98e2d441ff461e67443e9b1257a8af64f|coordinator_sha256=e63cbc65e523f622501cdbb0631b591494f1f6180f3df8c65dbbdc92a89424d0
node:internal/modules/run_main:107
    triggerUncaughtException(
    ^

AssertionError [ERR_ASSERTION]: player 0 repeated a measured framebuffer

299 !== 300

    at file:///Users/bmarti44/doomdb/tests/verify-p13.3-multiplayer-client.mjs:296:14
    at Array.map (<anonymous>)
    at file:///Users/bmarti44/doomdb/tests/verify-p13.3-multiplayer-client.mjs:292:30
    at runNextTicks (node:internal/process/task_queues:65:5)
    at process.processImmediate (node:internal/timers:472:9) {
  generatedMessage: false,
  code: 'ERR_ASSERTION',
  actual: 299,
  expected: 300,
  operator: 'strictEqual',
  diff: 'simple'
}

Node.js v25.9.0
