6 command-line variables
M_LoadDefaults: Load system defaults.
M_Random: Using DelegateRandom.
-iwad specified. Will be used with priority

ITicker: Using nanosecond accuracy timer.
                            FreeDoom: Phase 1          v1.9                           
W_Init: Init WADfiles.
	added freedoom1.wad (zipped: false network: true)
VI_Init: set palettes.
Palette: 3584 colors
VI_Init: set colormaps.
Colormaps: 35
V_Init: allocate screens.
AM_Init: Init Automap colors - 
===========================================================================
       Copyright © 2001-2017 Contributors to the Freedoom project.
                            All rights reserved.
     See: https://github.com/freedoom/freedoom/blob/master/COPYING.adoc
===========================================================================
Tables.InitTables: Init trigonometric LUTs.
M_Init: Init miscellaneous info.
R_Init: Init DOOM refresh daemon - 
P_Init: Init Playloop state.
false NUKAGE1 NUKAGE3 8
false FWATER1 FWATER4 8
false SWATER1 SWATER4 8
false LAVA1 LAVA4 8
false BLOOD1 BLOOD3 8
false RROCK05 RROCK08 8
false SLIME01 SLIME04 8
false SLIME05 SLIME08 8
false SLIME09 SLIME12 8
I_Init: Setting up machine state.
D_CheckNetGame: Checking network game status.
startskill sk_medium  deathmatch: false  startmap: 1  startepisode: 1
player 1 of 1 (1 nodes)
S_Init: Setting up sound.
M_Random: Switching to DoomRandom (new instance)
P_GetNodesVersion: using normal BSP nodes
PMLE_COMMAND_DIGEST_PROGRESS|venue=NODE|tic=500|cumulative_sha256=2508dea649baa23ee12dd2c1047cb847dfed83cd264372ab9b76ab05a5270136
down
up
down
up
down
up
down
up
down
up
down
up
down
up
down
up
down
up
down
up
down
up
down
up
down
up
down
up
down
up
down
up
down
up
down
up
down
up
down
up
down
up
down
up
down
up
down
up
down
up
down
up
down
up
down
up
down
up
down
up
down
up
down
up
waiting
up
waiting
up
waiting
up
waiting
up
waiting
up
waiting
up
waiting
up
waiting
up
waiting
up
waiting
up
waiting
up
waiting
up
waiting
up
waiting
up
waiting
up
waiting
up
waiting
up
waiting
up
waiting
up
waiting
up
waiting
up
waiting
up
waiting
up
waiting
up
waiting
up
waiting
up
waiting
up
waiting
up
waiting
up
waiting
up
waiting
up
waiting
up
waiting
up
waiting
up
waiting
up
waiting
up
waiting
up
waiting
up
waiting
up
waiting
up
waiting
up
waiting
up
waiting
up
waiting
up
waiting
up
waiting
up
waiting
up
waiting
up
waiting
up
waiting
up
waiting
up
waiting
up
waiting
up
waiting
up
waiting
up
waiting
up
waiting
up
waiting
up
waiting
up
waiting
up
waiting
up
waiting
up
waiting
up
waiting
up
waiting
up
waiting
up
waiting
up
waiting
up
waiting
up
waiting
up
waiting
up
waiting
up
waiting
up
waiting
up
waiting
up
waiting
up
waiting
up
waiting
up
waiting
up
waiting
up
waiting
up
waiting
up
waiting
up
waiting
up
waiting
up
waiting
up
waiting
up
waiting
up
waiting
up
waiting
up
waiting
up
waiting
up
waiting
up
waiting
up
waiting
up
waiting
up
waiting
up
waiting
up
waiting
up
waiting
up
waiting
up
waiting
up
waiting
up
waiting
up
waiting
up
up
up
up
up
up
up
up
up
up
up
up
up
up
up
up
up
up
up
up
up
up
up
up
up
up
up
up
up
up
up
up
up
up
up
up
up
up
up
up
up
up
up
up
up
up
up
up
up
up
up
up
up
up
up
up
up
up
up
up
up
up
up
up
up
up
up
PMLE_COMMAND_DIGEST_PROGRESS|venue=NODE|tic=1000|cumulative_sha256=3499bda27d13b8a8e061369dc7af8c8a5526338ca8c06acbedf9cd9fa8d266f4
PMLE_COMMAND_DIGEST_PROGRESS|venue=NODE|tic=1500|cumulative_sha256=d92f6dd99b05294291e9d8e185cd933b2cb6d4c58893aabb1af986082fb05de7
PMLE_COMMAND_DIGEST_PROGRESS|venue=NODE|tic=2000|cumulative_sha256=a134caf5d3cb5c4eba97f1711720bccff32e6573ab16fac609a5062fb819c611
PMLE_COMMAND_DIGEST_PROGRESS|venue=NODE|tic=2500|cumulative_sha256=74e449c371d122b47b646457d922fe8aabfb2bb4a6f6c8816ecae28c01da5e6e
PMLE_COMMAND_DIGEST_PROGRESS|venue=NODE|tic=3000|cumulative_sha256=352094c3906fa55a1ac8495cb819d0d5b3426b5645bf04944ade681a9f28a5ed
PMLE_COMMAND_DIGEST_PROGRESS|venue=NODE|tic=3500|cumulative_sha256=68c0b1d1c0ea0027588361f6f54e97d220a9d39febc2c9be2f09fdc3c2f119f1
PMLE_COMMAND_DIGEST_PROGRESS|venue=NODE|tic=4000|cumulative_sha256=9f576d5aff765c6810a235374b584378397c3fcb9dc8ffe6fdd5ab86e8d6d853
PMLE_COMMAND_DIGEST_PROGRESS|venue=NODE|tic=4500|cumulative_sha256=24933158e5b2196d9d2590596555f8b98af8227f94f354ad31e0d2b5097dd79b
PMLE_COMMAND_DIGEST_PROGRESS|venue=NODE|tic=5000|cumulative_sha256=49709b1b6d4736a04a368487438426a8e95dbd8e9e9e26e8204037df1a5933c8
PMLE_COMMAND_DIGEST|PASS|venue=NODE|tics=5250|authority_sha256=5ec18cbe4cff7192d384e81d1010e0133d357d44ff17fa65821e1489c4fd1ee3|stream_sha256=fa7637570c30d3a33cbf8456e98268890e9f5bd82f5ba39fd7f69b139ddc4085|canonical_sha256=b3f667c9395455fd42e31586dd79006fc9c091132cb09c8b1f4627a7d93a9907|cumulative_sha256=36b454b6eeda79e4f6869ba2b29eab4a885fd1970b972b7daad6ce5b692012ee
