PMLE_DECPS_ASYNC_JIT_WINDOW|through_tic=100|pass1_median_ms=57.220|pass2_median_ms=62.478|improvement_pct=-9.190|monotonic_tps_improvement_pct=-4.687
PMLE_DECPS_ASYNC_JIT_WINDOW|through_tic=200|pass1_median_ms=91.566|pass2_median_ms=92.385|improvement_pct=-0.893|monotonic_tps_improvement_pct=-1.883
PMLE_DECPS_ASYNC_JIT_WINDOW|through_tic=300|pass1_median_ms=115.172|pass2_median_ms=117.448|improvement_pct=-1.976|monotonic_tps_improvement_pct=-3.291
PMLE_DECPS_ASYNC_JIT_WINDOW|through_tic=400|pass1_median_ms=117.890|pass2_median_ms=137.877|improvement_pct=-16.954|monotonic_tps_improvement_pct=-14.871
PMLE_DECPS_ASYNC_JIT_WINDOW|through_tic=500|pass1_median_ms=141.454|pass2_median_ms=113.802|improvement_pct=19.548|monotonic_tps_improvement_pct=21.286
PMLE_DECPS_ASYNC_JIT_WINDOW|through_tic=600|pass1_median_ms=96.714|pass2_median_ms=96.690|improvement_pct=0.025|monotonic_tps_improvement_pct=2.125
PMLE_DECPS_ASYNC_JIT_WINDOW|through_tic=700|pass1_median_ms=100.256|pass2_median_ms=103.115|improvement_pct=-2.852|monotonic_tps_improvement_pct=-3.949
PMLE_DECPS_ASYNC_JIT_WINDOW|through_tic=800|pass1_median_ms=57.150|pass2_median_ms=63.779|improvement_pct=-11.601|monotonic_tps_improvement_pct=-12.555
PMLE_DECPS_ASYNC_JIT_WINDOW|through_tic=900|pass1_median_ms=50.180|pass2_median_ms=62.471|improvement_pct=-24.494|monotonic_tps_improvement_pct=-11.852
PMLE_DECPS_ASYNC_JIT_WINDOW|through_tic=1000|pass1_median_ms=59.043|pass2_median_ms=49.434|improvement_pct=16.273|monotonic_tps_improvement_pct=10.272
PMLE_DECPS_ASYNC_JIT_WINDOW|through_tic=1100|pass1_median_ms=48.035|pass2_median_ms=45.428|improvement_pct=5.428|monotonic_tps_improvement_pct=8.001
PMLE_DECPS_ASYNC_JIT_WINDOW|through_tic=1200|pass1_median_ms=37.770|pass2_median_ms=41.899|improvement_pct=-10.932|monotonic_tps_improvement_pct=-9.411
PMLE_DECPS_ASYNC_JIT_WINDOW|through_tic=1300|pass1_median_ms=24.750|pass2_median_ms=32.514|improvement_pct=-31.368|monotonic_tps_improvement_pct=-19.715
PMLE_DECPS_ASYNC_JIT_WINDOW|through_tic=1400|pass1_median_ms=19.561|pass2_median_ms=20.861|improvement_pct=-6.646|monotonic_tps_improvement_pct=-6.613
PMLE_DECPS_ASYNC_JIT_WINDOW|through_tic=1500|pass1_median_ms=28.816|pass2_median_ms=26.706|improvement_pct=7.322|monotonic_tps_improvement_pct=-5.812
PMLE_DECPS_ASYNC_JIT_WINDOW|through_tic=1600|pass1_median_ms=43.961|pass2_median_ms=45.622|improvement_pct=-3.778|monotonic_tps_improvement_pct=-13.500
PMLE_DECPS_ASYNC_JIT_WINDOW|through_tic=1700|pass1_median_ms=88.896|pass2_median_ms=101.243|improvement_pct=-13.890|monotonic_tps_improvement_pct=-7.534
PMLE_DECPS_ASYNC_JIT_WINDOW|through_tic=1800|pass1_median_ms=55.084|pass2_median_ms=60.005|improvement_pct=-8.935|monotonic_tps_improvement_pct=-26.360
PMLE_DECPS_ASYNC_JIT_WINDOW|through_tic=1900|pass1_median_ms=69.404|pass2_median_ms=71.013|improvement_pct=-2.319|monotonic_tps_improvement_pct=-4.837
PMLE_DECPS_ASYNC_JIT_WINDOW|through_tic=2000|pass1_median_ms=62.601|pass2_median_ms=63.654|improvement_pct=-1.681|monotonic_tps_improvement_pct=-12.956
PMLE_DECPS_ASYNC_JIT_WINDOW|through_tic=2100|pass1_median_ms=59.120|pass2_median_ms=59.441|improvement_pct=-0.544|monotonic_tps_improvement_pct=3.637
PMLE_DECPS_ASYNC_JIT_WINDOW|through_tic=2200|pass1_median_ms=60.937|pass2_median_ms=61.016|improvement_pct=-0.130|monotonic_tps_improvement_pct=-4.529
PMLE_DECPS_ASYNC_JIT_WINDOW|through_tic=2300|pass1_median_ms=26.997|pass2_median_ms=30.431|improvement_pct=-12.720|monotonic_tps_improvement_pct=1.474
PMLE_DECPS_ASYNC_JIT_WINDOW|through_tic=2400|pass1_median_ms=63.611|pass2_median_ms=64.153|improvement_pct=-0.852|monotonic_tps_improvement_pct=0.000
PMLE_DECPS_ASYNC_JIT_WINDOW|through_tic=2500|pass1_median_ms=41.150|pass2_median_ms=45.919|improvement_pct=-11.592|monotonic_tps_improvement_pct=-4.903
PMLE_DECPS_ASYNC_JIT_WINDOW|through_tic=2600|pass1_median_ms=36.609|pass2_median_ms=39.296|improvement_pct=-7.338|monotonic_tps_improvement_pct=-3.568
PMLE_DECPS_ASYNC_JIT_WINDOW|through_tic=2700|pass1_median_ms=39.009|pass2_median_ms=37.311|improvement_pct=4.354|monotonic_tps_improvement_pct=2.460
PMLE_DECPS_ASYNC_JIT_WINDOW|through_tic=2800|pass1_median_ms=23.966|pass2_median_ms=24.690|improvement_pct=-3.019|monotonic_tps_improvement_pct=-2.116
PMLE_DECPS_ASYNC_JIT_WINDOW|through_tic=2900|pass1_median_ms=21.091|pass2_median_ms=21.680|improvement_pct=-2.793|monotonic_tps_improvement_pct=0.364
PMLE_DECPS_ASYNC_JIT_WINDOW|through_tic=3000|pass1_median_ms=27.155|pass2_median_ms=23.529|improvement_pct=13.353|monotonic_tps_improvement_pct=21.060
PMLE_DECPS_ASYNC_JIT_WINDOW|through_tic=3100|pass1_median_ms=24.532|pass2_median_ms=24.299|improvement_pct=0.950|monotonic_tps_improvement_pct=5.020
PMLE_DECPS_ASYNC_JIT_WINDOW|through_tic=3200|pass1_median_ms=45.582|pass2_median_ms=41.040|improvement_pct=9.965|monotonic_tps_improvement_pct=12.128
PMLE_DECPS_ASYNC_JIT_WINDOW|through_tic=3300|pass1_median_ms=61.622|pass2_median_ms=53.160|improvement_pct=13.733|monotonic_tps_improvement_pct=13.794
PMLE_DECPS_ASYNC_JIT_WINDOW|through_tic=3400|pass1_median_ms=54.855|pass2_median_ms=42.507|improvement_pct=22.510|monotonic_tps_improvement_pct=52.420
PMLE_DECPS_ASYNC_JIT_WINDOW|through_tic=3500|pass1_median_ms=81.080|pass2_median_ms=65.022|improvement_pct=19.805|monotonic_tps_improvement_pct=12.802
PMLE_DECPS_ASYNC_JIT_WINDOW|through_tic=3600|pass1_median_ms=53.420|pass2_median_ms=47.662|improvement_pct=10.780|monotonic_tps_improvement_pct=8.332
PMLE_DECPS_ASYNC_JIT_WINDOW|through_tic=3700|pass1_median_ms=44.100|pass2_median_ms=51.453|improvement_pct=-16.673|monotonic_tps_improvement_pct=-15.759
PMLE_DECPS_ASYNC_JIT_WINDOW|through_tic=3800|pass1_median_ms=53.160|pass2_median_ms=48.647|improvement_pct=8.489|monotonic_tps_improvement_pct=5.445
PMLE_DECPS_ASYNC_JIT_WINDOW|through_tic=3900|pass1_median_ms=36.285|pass2_median_ms=33.046|improvement_pct=8.928|monotonic_tps_improvement_pct=1.440
PMLE_DECPS_ASYNC_JIT_WINDOW|through_tic=4000|pass1_median_ms=31.255|pass2_median_ms=32.591|improvement_pct=-4.273|monotonic_tps_improvement_pct=-10.556
PMLE_DECPS_ASYNC_JIT_WINDOW|through_tic=4100|pass1_median_ms=26.401|pass2_median_ms=24.776|improvement_pct=6.153|monotonic_tps_improvement_pct=23.074
PMLE_DECPS_ASYNC_JIT_WINDOW|through_tic=4200|pass1_median_ms=13.441|pass2_median_ms=16.083|improvement_pct=-19.661|monotonic_tps_improvement_pct=-7.742
PMLE_DECPS_ASYNC_JIT_WINDOW|through_tic=4300|pass1_median_ms=10.244|pass2_median_ms=10.631|improvement_pct=-3.783|monotonic_tps_improvement_pct=0.952
PMLE_DECPS_ASYNC_JIT_WINDOW|through_tic=4400|pass1_median_ms=10.889|pass2_median_ms=10.622|improvement_pct=2.452|monotonic_tps_improvement_pct=3.738
PMLE_DECPS_ASYNC_JIT_WINDOW|through_tic=4500|pass1_median_ms=10.767|pass2_median_ms=11.435|improvement_pct=-6.209|monotonic_tps_improvement_pct=-18.182
PMLE_DECPS_ASYNC_JIT_WINDOW|through_tic=4600|pass1_median_ms=9.483|pass2_median_ms=10.399|improvement_pct=-9.659|monotonic_tps_improvement_pct=-8.490
PMLE_DECPS_ASYNC_JIT_WINDOW|through_tic=4700|pass1_median_ms=9.859|pass2_median_ms=12.038|improvement_pct=-22.107|monotonic_tps_improvement_pct=-16.806
PMLE_DECPS_ASYNC_JIT_WINDOW|through_tic=4800|pass1_median_ms=9.585|pass2_median_ms=12.011|improvement_pct=-25.309|monotonic_tps_improvement_pct=-22.222
PMLE_DECPS_ASYNC_JIT_WINDOW|through_tic=4900|pass1_median_ms=10.355|pass2_median_ms=12.857|improvement_pct=-24.157|monotonic_tps_improvement_pct=-33.333
PMLE_DECPS_ASYNC_JIT_WINDOW|through_tic=5000|pass1_median_ms=10.404|pass2_median_ms=11.240|improvement_pct=-8.030|monotonic_tps_improvement_pct=-13.935
PMLE_DECPS_ASYNC_JIT_WINDOW|through_tic=5100|pass1_median_ms=9.973|pass2_median_ms=11.872|improvement_pct=-19.030|monotonic_tps_improvement_pct=-17.886
PMLE_DECPS_ASYNC_JIT_WINDOW|through_tic=5200|pass1_median_ms=9.149|pass2_median_ms=10.556|improvement_pct=-15.372|monotonic_tps_improvement_pct=-11.215
PMLE_DECPS_ASYNC_JIT_WINDOW|through_tic=5250|pass1_median_ms=9.447|pass2_median_ms=11.986|improvement_pct=-26.882|monotonic_tps_improvement_pct=-22.222
PMLE_DECPS_ASYNC_JIT|PASS|passes=2|tics_per_pass=5250|authority_sha256=5ec18cbe4cff7192d384e81d1010e0133d357d44ff17fa65821e1489c4fd1ee3|matched_windows=53|clock_exclusions=2|clock_exclusion_cap=52|maximum_improvement_pct=22.510|maximum_monotonic_tps_improvement_pct=52.420|verdict=LANDING_SIGNAL
