PMLE_DECPS_ASYNC_JIT_WINDOW|through_tic=100|pass1_median_ms=61.156|pass2_median_ms=64.877|improvement_pct=-6.086|monotonic_tps_improvement_pct=-2.225
PMLE_DECPS_ASYNC_JIT_WINDOW|through_tic=200|pass1_median_ms=101.383|pass2_median_ms=101.313|improvement_pct=0.070|monotonic_tps_improvement_pct=-2.728
PMLE_DECPS_ASYNC_JIT_WINDOW|through_tic=300|pass1_median_ms=127.472|pass2_median_ms=127.938|improvement_pct=-0.366|monotonic_tps_improvement_pct=-1.592
PMLE_DECPS_ASYNC_JIT_WINDOW|through_tic=400|pass1_median_ms=124.991|pass2_median_ms=138.514|improvement_pct=-10.819|monotonic_tps_improvement_pct=-4.924
PMLE_DECPS_ASYNC_JIT_WINDOW|through_tic=500|pass1_median_ms=123.379|pass2_median_ms=129.091|improvement_pct=-4.630|monotonic_tps_improvement_pct=-4.677
PMLE_DECPS_ASYNC_JIT_WINDOW|through_tic=600|pass1_median_ms=97.627|pass2_median_ms=106.434|improvement_pct=-9.021|monotonic_tps_improvement_pct=-4.701
PMLE_DECPS_ASYNC_JIT_WINDOW|through_tic=700|pass1_median_ms=104.698|pass2_median_ms=114.140|improvement_pct=-9.018|monotonic_tps_improvement_pct=-4.098
PMLE_DECPS_ASYNC_JIT_WINDOW|through_tic=800|pass1_median_ms=86.748|pass2_median_ms=64.626|improvement_pct=25.501|monotonic_tps_improvement_pct=41.079
PMLE_DECPS_ASYNC_JIT_WINDOW|through_tic=900|pass1_median_ms=61.901|pass2_median_ms=55.703|improvement_pct=10.013|monotonic_tps_improvement_pct=3.191
PMLE_DECPS_ASYNC_JIT_WINDOW|through_tic=1000|pass1_median_ms=55.683|pass2_median_ms=55.751|improvement_pct=-0.122|monotonic_tps_improvement_pct=0.159
PMLE_DECPS_ASYNC_JIT_WINDOW|through_tic=1100|pass1_median_ms=45.796|pass2_median_ms=45.835|improvement_pct=-0.085|monotonic_tps_improvement_pct=-0.543
PMLE_DECPS_ASYNC_JIT_WINDOW|through_tic=1200|pass1_median_ms=37.084|pass2_median_ms=38.986|improvement_pct=-5.128|monotonic_tps_improvement_pct=-0.634
PMLE_DECPS_ASYNC_JIT_WINDOW|through_tic=1300|pass1_median_ms=30.056|pass2_median_ms=28.520|improvement_pct=5.112|monotonic_tps_improvement_pct=1.795
PMLE_DECPS_ASYNC_JIT_WINDOW|through_tic=1400|pass1_median_ms=22.993|pass2_median_ms=20.914|improvement_pct=9.042|monotonic_tps_improvement_pct=9.525
PMLE_DECPS_ASYNC_JIT_WINDOW|through_tic=1500|pass1_median_ms=28.871|pass2_median_ms=29.552|improvement_pct=-2.359|monotonic_tps_improvement_pct=-1.145
PMLE_DECPS_ASYNC_JIT_WINDOW|through_tic=1600|pass1_median_ms=45.501|pass2_median_ms=48.697|improvement_pct=-7.024|monotonic_tps_improvement_pct=-9.307
PMLE_DECPS_ASYNC_JIT_WINDOW|through_tic=1700|pass1_median_ms=90.536|pass2_median_ms=93.147|improvement_pct=-2.884|monotonic_tps_improvement_pct=-3.975
PMLE_DECPS_ASYNC_JIT_WINDOW|through_tic=1800|pass1_median_ms=54.715|pass2_median_ms=58.752|improvement_pct=-7.379|monotonic_tps_improvement_pct=-4.675
PMLE_DECPS_ASYNC_JIT_WINDOW|through_tic=1900|pass1_median_ms=71.060|pass2_median_ms=73.396|improvement_pct=-3.287|monotonic_tps_improvement_pct=-0.928
PMLE_DECPS_ASYNC_JIT_WINDOW|through_tic=2000|pass1_median_ms=65.735|pass2_median_ms=71.491|improvement_pct=-8.756|monotonic_tps_improvement_pct=-1.716
PMLE_DECPS_ASYNC_JIT_WINDOW|through_tic=2100|pass1_median_ms=62.723|pass2_median_ms=67.043|improvement_pct=-6.888|monotonic_tps_improvement_pct=-4.906
PMLE_DECPS_ASYNC_JIT_WINDOW|through_tic=2200|pass1_median_ms=73.176|pass2_median_ms=67.824|improvement_pct=7.314|monotonic_tps_improvement_pct=4.298
PMLE_DECPS_ASYNC_JIT_WINDOW|through_tic=2300|pass1_median_ms=32.997|pass2_median_ms=32.398|improvement_pct=1.815|monotonic_tps_improvement_pct=7.318
PMLE_DECPS_ASYNC_JIT_WINDOW|through_tic=2400|pass1_median_ms=71.947|pass2_median_ms=70.312|improvement_pct=2.272|monotonic_tps_improvement_pct=-0.163
PMLE_DECPS_ASYNC_JIT_WINDOW|through_tic=2500|pass1_median_ms=43.487|pass2_median_ms=47.933|improvement_pct=-10.224|monotonic_tps_improvement_pct=-6.336
PMLE_DECPS_ASYNC_JIT_WINDOW|through_tic=2600|pass1_median_ms=37.667|pass2_median_ms=43.570|improvement_pct=-15.673|monotonic_tps_improvement_pct=-5.298
PMLE_DECPS_ASYNC_JIT_WINDOW|through_tic=2700|pass1_median_ms=38.958|pass2_median_ms=44.051|improvement_pct=-13.073|monotonic_tps_improvement_pct=-7.941
PMLE_DECPS_ASYNC_JIT_WINDOW|through_tic=2800|pass1_median_ms=24.842|pass2_median_ms=27.157|improvement_pct=-9.319|monotonic_tps_improvement_pct=-5.741
PMLE_DECPS_ASYNC_JIT_WINDOW|through_tic=2900|pass1_median_ms=23.066|pass2_median_ms=22.948|improvement_pct=0.514|monotonic_tps_improvement_pct=-6.879
PMLE_DECPS_ASYNC_JIT_WINDOW|through_tic=3000|pass1_median_ms=22.691|pass2_median_ms=26.135|improvement_pct=-15.180|monotonic_tps_improvement_pct=-14.771
PMLE_DECPS_ASYNC_JIT_WINDOW|through_tic=3100|pass1_median_ms=23.559|pass2_median_ms=26.307|improvement_pct=-11.664|monotonic_tps_improvement_pct=-6.087
PMLE_DECPS_ASYNC_JIT_WINDOW|through_tic=3200|pass1_median_ms=43.656|pass2_median_ms=53.145|improvement_pct=-21.736|monotonic_tps_improvement_pct=-22.185
PMLE_DECPS_ASYNC_JIT_WINDOW|through_tic=3300|pass1_median_ms=50.022|pass2_median_ms=54.889|improvement_pct=-9.730|monotonic_tps_improvement_pct=2.903
PMLE_DECPS_ASYNC_JIT_WINDOW|through_tic=3400|pass1_median_ms=39.310|pass2_median_ms=38.595|improvement_pct=1.819|monotonic_tps_improvement_pct=0.550
PMLE_DECPS_ASYNC_JIT_WINDOW|through_tic=3500|pass1_median_ms=67.268|pass2_median_ms=62.806|improvement_pct=6.634|monotonic_tps_improvement_pct=2.393
PMLE_DECPS_ASYNC_JIT_WINDOW|through_tic=3600|pass1_median_ms=48.364|pass2_median_ms=45.974|improvement_pct=4.943|monotonic_tps_improvement_pct=8.155
PMLE_DECPS_ASYNC_JIT_WINDOW|through_tic=3700|pass1_median_ms=44.297|pass2_median_ms=39.494|improvement_pct=10.843|monotonic_tps_improvement_pct=4.474
PMLE_DECPS_ASYNC_JIT_WINDOW|through_tic=3800|pass1_median_ms=42.909|pass2_median_ms=43.784|improvement_pct=-2.037|monotonic_tps_improvement_pct=-6.252
PMLE_DECPS_ASYNC_JIT_WINDOW|through_tic=3900|pass1_median_ms=34.726|pass2_median_ms=32.160|improvement_pct=7.389|monotonic_tps_improvement_pct=8.201
PMLE_DECPS_ASYNC_JIT_WINDOW|through_tic=4000|pass1_median_ms=28.677|pass2_median_ms=31.771|improvement_pct=-10.791|monotonic_tps_improvement_pct=0.925
PMLE_DECPS_ASYNC_JIT_WINDOW|through_tic=4100|pass1_median_ms=20.108|pass2_median_ms=20.154|improvement_pct=-0.229|monotonic_tps_improvement_pct=0.994
PMLE_DECPS_ASYNC_JIT_WINDOW|through_tic=4200|pass1_median_ms=12.744|pass2_median_ms=13.889|improvement_pct=-8.985|monotonic_tps_improvement_pct=-4.999
PMLE_DECPS_ASYNC_JIT_WINDOW|through_tic=4300|pass1_median_ms=10.802|pass2_median_ms=9.506|improvement_pct=11.993|monotonic_tps_improvement_pct=12.000
PMLE_DECPS_ASYNC_JIT_WINDOW|through_tic=4400|pass1_median_ms=10.349|pass2_median_ms=9.853|improvement_pct=4.793|monotonic_tps_improvement_pct=3.961
PMLE_DECPS_ASYNC_JIT_WINDOW|through_tic=4500|pass1_median_ms=10.064|pass2_median_ms=10.244|improvement_pct=-1.784|monotonic_tps_improvement_pct=-1.904
PMLE_DECPS_ASYNC_JIT_WINDOW|through_tic=4600|pass1_median_ms=10.242|pass2_median_ms=10.278|improvement_pct=-0.361|monotonic_tps_improvement_pct=-1.904
PMLE_DECPS_ASYNC_JIT_WINDOW|through_tic=4700|pass1_median_ms=10.006|pass2_median_ms=10.504|improvement_pct=-4.972|monotonic_tps_improvement_pct=-5.555
PMLE_DECPS_ASYNC_JIT_WINDOW|through_tic=4800|pass1_median_ms=10.074|pass2_median_ms=9.787|improvement_pct=2.854|monotonic_tps_improvement_pct=5.050
PMLE_DECPS_ASYNC_JIT_WINDOW|through_tic=4900|pass1_median_ms=10.320|pass2_median_ms=9.567|improvement_pct=7.292|monotonic_tps_improvement_pct=-5.357
PMLE_DECPS_ASYNC_JIT_WINDOW|through_tic=5000|pass1_median_ms=10.968|pass2_median_ms=9.692|improvement_pct=11.634|monotonic_tps_improvement_pct=15.152
PMLE_DECPS_ASYNC_JIT_WINDOW|through_tic=5100|pass1_median_ms=10.179|pass2_median_ms=10.311|improvement_pct=-1.302|monotonic_tps_improvement_pct=-3.773
PMLE_DECPS_ASYNC_JIT_WINDOW|through_tic=5200|pass1_median_ms=10.477|pass2_median_ms=10.072|improvement_pct=3.875|monotonic_tps_improvement_pct=1.923
PMLE_DECPS_ASYNC_JIT_WINDOW|through_tic=5250|pass1_median_ms=10.422|pass2_median_ms=9.949|improvement_pct=4.543|monotonic_tps_improvement_pct=2.000
PMLE_DECPS_ASYNC_JIT|PASS|passes=2|tics_per_pass=5250|authority_sha256=5ec18cbe4cff7192d384e81d1010e0133d357d44ff17fa65821e1489c4fd1ee3|matched_windows=53|clock_exclusions=4|clock_exclusion_cap=52|maximum_improvement_pct=25.501|maximum_monotonic_tps_improvement_pct=41.079|verdict=LANDING_SIGNAL
