PMLE_HOST_QUIESCENCE|PASS|docker_builds=0|compiles=0|verifiers=0

Session altered.


Session altered.


Session altered.


Session altered.

PMLE_ENVIRONMENT|cpu_count=2|resource_plan=DEFAULT_PLAN|cpu_managed=ON|pdb_cpu_count=2|pdb_utilization_limit=50|pdb_running_sessions_limit=2|pdb_plan=DEFAULT_CDB_PLAN

Session altered.


Session altered.


Session altered.


Session altered.

PMLE_TEAVM_STAGING_GATE|PASS|source_bytes=1081335|source_sha256=5ec18cbe4cff7192d384e81d1010e0133d357d44ff17fa65821e1489c4fd1ee3|table_bytes=180272|table_sha256=058cd0df9444131b356762a096fd422d5131ac3aea91163aee056e8ad4965b44
PMLE_TEAVM_SIMULATION_LOAD|bytes=1081335|table_pack_bytes=180272
PASS PMLE-TEAVM-SIMULATION-LOAD bytes=1081335 sha256=5ec18cbe4cff7192d384e81d1010e0133d357d44ff17fa65821e1489c4fd1ee3 table_pack_bytes=180272 table_pack_sha256=058cd0df9444131b356762a096fd422d5131ac3aea91163aee056e8ad4965b44

Session altered.


Session altered.


Session altered.


Session altered.

PMLE_TIC0_BANK_EQUIVALENCE|PASS|entries=10|from_authority_sha256=e485b9418e5845b78e9e1593918d8bbb6f3c441c41a43cb8f3faf046e595148b|to_authority_sha256=5ec18cbe4cff7192d384e81d1010e0133d357d44ff17fa65821e1489c4fd1ee3
PMLE_TIC0_BANK_STAGING|PASS|entries=10|authority_sha256=5ec18cbe4cff7192d384e81d1010e0133d357d44ff17fa65821e1489c4fd1ee3

Session altered.


Session altered.


Session altered.


Session altered.


Package created.


Package body created.


Session altered.


Session altered.


Session altered.


Session altered.

PMLE_ARTIFACT|source_bytes=1081335|source_sha256=5ec18cbe4cff7192d384e81d1010e0133d357d44ff17fa65821e1489c4fd1ee3|table_bytes=180272|table_sha256=058cd0df9444131b356762a096fd422d5131ac3aea91163aee056e8ad4965b44

Session altered.


Session altered.


Session altered.


Session altered.

PMLE_DECPS_WORKER_CONTRACT|PASS|sha256=5ec18cbe4cff7192d384e81d1010e0133d357d44ff17fa65821e1489c4fd1ee3
PMLE_DECPS_DEPLOY_DATABASE|READY|sha256=5ec18cbe4cff7192d384e81d1010e0133d357d44ff17fa65821e1489c4fd1ee3
PMLE_DECPS_DEPLOYMENT_STATE|PASS|state=DATABASE_DEPLOYED_LIFECYCLE_RERUN_PENDING|authority_sha256=5ec18cbe4cff7192d384e81d1010e0133d357d44ff17fa65821e1489c4fd1ee3|evidence=artifacts/performance/pmle-decps-rank/deploy-decps-reproducible-5ec18cbe-2026-07-25-v3.log
PASS MLE-DASHBOARD-STATUS authority=5ec18cbe4cff7192d384e81d1010e0133d357d44ff17fa65821e1489c4fd1ee3 ledger=13272 soak=1800
PASS MLE-DASHBOARD (current artifacts, evidence, links, and honesty gates)
PMLE_ALERT_WINDOW|PASS|label=DECPS_DEPLOY|new_ora_incidents=0|bytes=0
PMLE_DECPS_DEPLOY|PASS|bytes=1081335|sha256=5ec18cbe4cff7192d384e81d1010e0133d357d44ff17fa65821e1489c4fd1ee3|rollback_sha256=e485b9418e5845b78e9e1593918d8bbb6f3c441c41a43cb8f3faf046e595148b
