PMLE_HOST_QUIESCENCE|PASS|docker_builds=0|compiles=0|verifiers=0

Session altered.


Session altered.


Session altered.


Session altered.

PMLE_ENVIRONMENT|cpu_count=2|resource_plan=DEFAULT_PLAN|cpu_managed=ON|pdb_cpu_count=2|pdb_utilization_limit=50|pdb_running_sessions_limit=2|pdb_plan=DEFAULT_CDB_PLAN

Session altered.


Session altered.


Session altered.


Session altered.

PMLE_TEAVM_STAGING_GATE|PASS|source_bytes=1081335|source_sha256=5ec18cbe4cff7192d384e81d1010e0133d357d44ff17fa65821e1489c4fd1ee3|table_bytes=180272|table_sha256=058cd0df9444131b356762a096fd422d5131ac3aea91163aee056e8ad4965b44
PMLE_TEAVM_SIMULATION_LOAD|bytes=1081335|table_pack_bytes=180272
PASS PMLE-TEAVM-SIMULATION-LOAD bytes=1081335 sha256=5ec18cbe4cff7192d384e81d1010e0133d357d44ff17fa65821e1489c4fd1ee3 table_pack_bytes=180272 table_pack_sha256=058cd0df9444131b356762a096fd422d5131ac3aea91163aee056e8ad4965b44

Session altered.


Session altered.


Session altered.


Session altered.

PMLE_TIC0_BANK_EQUIVALENCE|PASS|entries=10|from_authority_sha256=e485b9418e5845b78e9e1593918d8bbb6f3c441c41a43cb8f3faf046e595148b|to_authority_sha256=5ec18cbe4cff7192d384e81d1010e0133d357d44ff17fa65821e1489c4fd1ee3
PMLE_TIC0_BANK_STAGING|PASS|entries=10|authority_sha256=5ec18cbe4cff7192d384e81d1010e0133d357d44ff17fa65821e1489c4fd1ee3

Session altered.


Session altered.


Session altered.


Session altered.


Package created.


Package body created.


Session altered.


Session altered.


Session altered.


Session altered.

PMLE_ARTIFACT|source_bytes=1081335|source_sha256=5ec18cbe4cff7192d384e81d1010e0133d357d44ff17fa65821e1489c4fd1ee3|table_bytes=180272|table_sha256=058cd0df9444131b356762a096fd422d5131ac3aea91163aee056e8ad4965b44

Session altered.


Session altered.


Session altered.


Session altered.

PMLE_DECPS_DEPLOY_ROLLBACK_POOL|PASS|live_slots=0
PMLE_DECPS_DEPLOY_ROLLBACK|BEGIN|sha256=e485b9418e5845b78e9e1593918d8bbb6f3c441c41a43cb8f3faf046e595148b

Session altered.


Session altered.


Session altered.


Session altered.

PMLE_TEAVM_STAGING_GATE|PASS|source_bytes=1171896|source_sha256=e485b9418e5845b78e9e1593918d8bbb6f3c441c41a43cb8f3faf046e595148b|table_bytes=180272|table_sha256=058cd0df9444131b356762a096fd422d5131ac3aea91163aee056e8ad4965b44
PMLE_TEAVM_SIMULATION_LOAD|bytes=1171896|table_pack_bytes=180272
PASS PMLE-TEAVM-SIMULATION-LOAD bytes=1171896 sha256=e485b9418e5845b78e9e1593918d8bbb6f3c441c41a43cb8f3faf046e595148b table_pack_bytes=180272 table_pack_sha256=058cd0df9444131b356762a096fd422d5131ac3aea91163aee056e8ad4965b44
6 command-line variables
M_LoadDefaults: Load system defaults.
M_Random: Using DelegateRandom.
-iwad specified. Will be used with priority

ITicker: Using nanosecond accuracy timer.
                            FreeDoom: Phase 1          v1.9                           
W_Init: Init WADfiles.
	added freedoom1.wad (zipped: false network: true)
VI_Init: set palettes.
Palette: 3584 colors
VI_Init: set colormaps.
Colormaps: 35
V_Init: allocate screens.
AM_Init: Init Automap colors - 
===========================================================================
       Copyright © 2001-2017 Contributors to the Freedoom project.
                            All rights reserved.
     See: https://github.com/freedoom/freedoom/blob/master/COPYING.adoc
===========================================================================
Tables.InitTables: Init trigonometric LUTs.
M_Init: Init miscellaneous info.
R_Init: Init DOOM refresh daemon - 
P_Init: Init Playloop state.
false NUKAGE1 NUKAGE3 8
false FWATER1 FWATER4 8
false SWATER1 SWATER4 8
false LAVA1 LAVA4 8
false BLOOD1 BLOOD3 8
false RROCK05 RROCK08 8
false SLIME01 SLIME04 8
false SLIME05 SLIME08 8
false SLIME09 SLIME12 8
I_Init: Setting up machine state.
D_CheckNetGame: Checking network game status.
startskill sk_medium  deathmatch: false  startmap: 1  startepisode: 1
player 1 of 1 (1 nodes)
S_Init: Setting up sound.
M_Random: Switching to DoomRandom (new instance)
P_GetNodesVersion: using normal BSP nodes
6 command-line variables
M_LoadDefaults: Load system defaults.
M_Random: Using DelegateRandom.
-iwad specified. Will be used with priority

ITicker: Using nanosecond accuracy timer.
                            FreeDoom: Phase 1          v1.9                           
W_Init: Init WADfiles.
	added freedoom1.wad (zipped: false network: true)
VI_Init: set palettes.
Palette: 3584 colors
VI_Init: set colormaps.
Colormaps: 35
V_Init: allocate screens.
AM_Init: Init Automap colors - 
===========================================================================
       Copyright © 2001-2017 Contributors to the Freedoom project.
                            All rights reserved.
     See: https://github.com/freedoom/freedoom/blob/master/COPYING.adoc
===========================================================================
Tables.InitTables: Init trigonometric LUTs.
M_Init: Init miscellaneous info.
R_Init: Init DOOM refresh daemon - 
P_Init: Init Playloop state.
false NUKAGE1 NUKAGE3 8
false FWATER1 FWATER4 8
false SWATER1 SWATER4 8
false LAVA1 LAVA4 8
false BLOOD1 BLOOD3 8
false RROCK05 RROCK08 8
false SLIME01 SLIME04 8
false SLIME05 SLIME08 8
false SLIME09 SLIME12 8
I_Init: Setting up machine state.
D_CheckNetGame: Checking network game status.
startskill sk_medium  deathmatch: false  startmap: 1  startepisode: 1
player 1 of 1 (1 nodes)
S_Init: Setting up sound.
M_Random: Switching to DoomRandom (new instance)
P_GetNodesVersion: using normal BSP nodes
6 command-line variables
M_LoadDefaults: Load system defaults.
M_Random: Using DelegateRandom.
-iwad specified. Will be used with priority

ITicker: Using nanosecond accuracy timer.
                            FreeDoom: Phase 1          v1.9                           
W_Init: Init WADfiles.
	added freedoom1.wad (zipped: false network: true)
VI_Init: set palettes.
Palette: 3584 colors
VI_Init: set colormaps.
Colormaps: 35
V_Init: allocate screens.
AM_Init: Init Automap colors - 
===========================================================================
       Copyright © 2001-2017 Contributors to the Freedoom project.
                            All rights reserved.
     See: https://github.com/freedoom/freedoom/blob/master/COPYING.adoc
===========================================================================
Tables.InitTables: Init trigonometric LUTs.
M_Init: Init miscellaneous info.
R_Init: Init DOOM refresh daemon - 
P_Init: Init Playloop state.
false NUKAGE1 NUKAGE3 8
false FWATER1 FWATER4 8
false SWATER1 SWATER4 8
false LAVA1 LAVA4 8
false BLOOD1 BLOOD3 8
false RROCK05 RROCK08 8
false SLIME01 SLIME04 8
false SLIME05 SLIME08 8
false SLIME09 SLIME12 8
I_Init: Setting up machine state.
D_CheckNetGame: Checking network game status.
startskill sk_medium  deathmatch: false  startmap: 1  startepisode: 1
player 1 of 1 (1 nodes)
S_Init: Setting up sound.
M_Random: Switching to DoomRandom (new instance)
P_GetNodesVersion: using normal BSP nodes
6 command-line variables
M_LoadDefaults: Load system defaults.
M_Random: Using DelegateRandom.
-iwad specified. Will be used with priority

ITicker: Using nanosecond accuracy timer.
                            FreeDoom: Phase 1          v1.9                           
W_Init: Init WADfiles.
	added freedoom1.wad (zipped: false network: true)
VI_Init: set palettes.
Palette: 3584 colors
VI_Init: set colormaps.
Colormaps: 35
V_Init: allocate screens.
AM_Init: Init Automap colors - 
===========================================================================
       Copyright © 2001-2017 Contributors to the Freedoom project.
                            All rights reserved.
     See: https://github.com/freedoom/freedoom/blob/master/COPYING.adoc
===========================================================================
Tables.InitTables: Init trigonometric LUTs.
M_Init: Init miscellaneous info.
R_Init: Init DOOM refresh daemon - 
P_Init: Init Playloop state.
false NUKAGE1 NUKAGE3 8
false FWATER1 FWATER4 8
false SWATER1 SWATER4 8
false LAVA1 LAVA4 8
false BLOOD1 BLOOD3 8
false RROCK05 RROCK08 8
false SLIME01 SLIME04 8
false SLIME05 SLIME08 8
false SLIME09 SLIME12 8
I_Init: Setting up machine state.
D_CheckNetGame: Checking network game status.
startskill sk_medium  deathmatch: false  startmap: 1  startepisode: 1
player 1 of 1 (1 nodes)
S_Init: Setting up sound.
M_Random: Switching to DoomRandom (new instance)
P_GetNodesVersion: using normal BSP nodes
6 command-line variables
M_LoadDefaults: Load system defaults.
M_Random: Using DelegateRandom.
-iwad specified. Will be used with priority

ITicker: Using nanosecond accuracy timer.
                            FreeDoom: Phase 1          v1.9                           
W_Init: Init WADfiles.
	added freedoom1.wad (zipped: false network: true)
VI_Init: set palettes.
Palette: 3584 colors
VI_Init: set colormaps.
Colormaps: 35
V_Init: allocate screens.
AM_Init: Init Automap colors - 
===========================================================================
       Copyright © 2001-2017 Contributors to the Freedoom project.
                            All rights reserved.
     See: https://github.com/freedoom/freedoom/blob/master/COPYING.adoc
===========================================================================
Tables.InitTables: Init trigonometric LUTs.
M_Init: Init miscellaneous info.
R_Init: Init DOOM refresh daemon - 
P_Init: Init Playloop state.
false NUKAGE1 NUKAGE3 8
false FWATER1 FWATER4 8
false SWATER1 SWATER4 8
false LAVA1 LAVA4 8
false BLOOD1 BLOOD3 8
false RROCK05 RROCK08 8
false SLIME01 SLIME04 8
false SLIME05 SLIME08 8
false SLIME09 SLIME12 8
I_Init: Setting up machine state.
D_CheckNetGame: Checking network game status.
startskill sk_medium  deathmatch: false  startmap: 1  startepisode: 1
player 1 of 1 (1 nodes)
S_Init: Setting up sound.
M_Random: Switching to DoomRandom (new instance)
P_GetNodesVersion: using normal BSP nodes
6 command-line variables
M_LoadDefaults: Load system defaults.
M_Random: Using DelegateRandom.
-iwad specified. Will be used with priority

ITicker: Using nanosecond accuracy timer.
                            FreeDoom: Phase 1          v1.9                           
W_Init: Init WADfiles.
	added freedoom1.wad (zipped: false network: true)
VI_Init: set palettes.
Palette: 3584 colors
VI_Init: set colormaps.
Colormaps: 35
V_Init: allocate screens.
AM_Init: Init Automap colors - 
===========================================================================
       Copyright © 2001-2017 Contributors to the Freedoom project.
                            All rights reserved.
     See: https://github.com/freedoom/freedoom/blob/master/COPYING.adoc
===========================================================================
Tables.InitTables: Init trigonometric LUTs.
M_Init: Init miscellaneous info.
R_Init: Init DOOM refresh daemon - 
P_Init: Init Playloop state.
false NUKAGE1 NUKAGE3 8
false FWATER1 FWATER4 8
false SWATER1 SWATER4 8
false LAVA1 LAVA4 8
false BLOOD1 BLOOD3 8
false RROCK05 RROCK08 8
false SLIME01 SLIME04 8
false SLIME05 SLIME08 8
false SLIME09 SLIME12 8
I_Init: Setting up machine state.
D_CheckNetGame: Checking network game status.
startskill sk_medium  deathmatch: false  startmap: 1  startepisode: 1
player 1 of 1 (1 nodes)
S_Init: Setting up sound.
M_Random: Switching to DoomRandom (new instance)
P_GetNodesVersion: using normal BSP nodes
6 command-line variables
M_LoadDefaults: Load system defaults.
M_Random: Using DelegateRandom.
-iwad specified. Will be used with priority

ITicker: Using nanosecond accuracy timer.
                            FreeDoom: Phase 1          v1.9                           
W_Init: Init WADfiles.
	added freedoom1.wad (zipped: false network: true)
VI_Init: set palettes.
Palette: 3584 colors
VI_Init: set colormaps.
Colormaps: 35
V_Init: allocate screens.
AM_Init: Init Automap colors - 
===========================================================================
       Copyright © 2001-2017 Contributors to the Freedoom project.
                            All rights reserved.
     See: https://github.com/freedoom/freedoom/blob/master/COPYING.adoc
===========================================================================
Tables.InitTables: Init trigonometric LUTs.
M_Init: Init miscellaneous info.
R_Init: Init DOOM refresh daemon - 
P_Init: Init Playloop state.
false NUKAGE1 NUKAGE3 8
false FWATER1 FWATER4 8
false SWATER1 SWATER4 8
false LAVA1 LAVA4 8
false BLOOD1 BLOOD3 8
false RROCK05 RROCK08 8
false SLIME01 SLIME04 8
false SLIME05 SLIME08 8
false SLIME09 SLIME12 8
I_Init: Setting up machine state.
D_CheckNetGame: Checking network game status.
startskill sk_medium  deathmatch: false  startmap: 1  startepisode: 1
player 1 of 1 (1 nodes)
S_Init: Setting up sound.
M_Random: Switching to DoomRandom (new instance)
P_GetNodesVersion: using normal BSP nodes
6 command-line variables
M_LoadDefaults: Load system defaults.
M_Random: Using DelegateRandom.
-iwad specified. Will be used with priority

ITicker: Using nanosecond accuracy timer.
                            FreeDoom: Phase 1          v1.9                           
W_Init: Init WADfiles.
	added freedoom1.wad (zipped: false network: true)
VI_Init: set palettes.
Palette: 3584 colors
VI_Init: set colormaps.
Colormaps: 35
V_Init: allocate screens.
AM_Init: Init Automap colors - 
===========================================================================
       Copyright © 2001-2017 Contributors to the Freedoom project.
                            All rights reserved.
     See: https://github.com/freedoom/freedoom/blob/master/COPYING.adoc
===========================================================================
Tables.InitTables: Init trigonometric LUTs.
M_Init: Init miscellaneous info.
R_Init: Init DOOM refresh daemon - 
P_Init: Init Playloop state.
false NUKAGE1 NUKAGE3 8
false FWATER1 FWATER4 8
false SWATER1 SWATER4 8
false LAVA1 LAVA4 8
false BLOOD1 BLOOD3 8
false RROCK05 RROCK08 8
false SLIME01 SLIME04 8
false SLIME05 SLIME08 8
false SLIME09 SLIME12 8
I_Init: Setting up machine state.
D_CheckNetGame: Checking network game status.
startskill sk_medium  deathmatch: false  startmap: 1  startepisode: 1
player 1 of 1 (1 nodes)
S_Init: Setting up sound.
M_Random: Switching to DoomRandom (new instance)
P_GetNodesVersion: using normal BSP nodes
6 command-line variables
M_LoadDefaults: Load system defaults.
M_Random: Using DelegateRandom.
-iwad specified. Will be used with priority

ITicker: Using nanosecond accuracy timer.
                            FreeDoom: Phase 1          v1.9                           
W_Init: Init WADfiles.
	added freedoom1.wad (zipped: false network: true)
VI_Init: set palettes.
Palette: 3584 colors
VI_Init: set colormaps.
Colormaps: 35
V_Init: allocate screens.
AM_Init: Init Automap colors - 
===========================================================================
       Copyright © 2001-2017 Contributors to the Freedoom project.
                            All rights reserved.
     See: https://github.com/freedoom/freedoom/blob/master/COPYING.adoc
===========================================================================
Tables.InitTables: Init trigonometric LUTs.
M_Init: Init miscellaneous info.
R_Init: Init DOOM refresh daemon - 
P_Init: Init Playloop state.
false NUKAGE1 NUKAGE3 8
false FWATER1 FWATER4 8
false SWATER1 SWATER4 8
false LAVA1 LAVA4 8
false BLOOD1 BLOOD3 8
false RROCK05 RROCK08 8
false SLIME01 SLIME04 8
false SLIME05 SLIME08 8
false SLIME09 SLIME12 8
I_Init: Setting up machine state.
D_CheckNetGame: Checking network game status.
startskill sk_medium  deathmatch: false  startmap: 1  startepisode: 1
player 1 of 1 (1 nodes)
S_Init: Setting up sound.
M_Random: Switching to DoomRandom (new instance)
P_GetNodesVersion: using normal BSP nodes
6 command-line variables
M_LoadDefaults: Load system defaults.
M_Random: Using DelegateRandom.
-iwad specified. Will be used with priority

ITicker: Using nanosecond accuracy timer.
                            FreeDoom: Phase 1          v1.9                           
W_Init: Init WADfiles.
	added freedoom1.wad (zipped: false network: true)
VI_Init: set palettes.
Palette: 3584 colors
VI_Init: set colormaps.
Colormaps: 35
V_Init: allocate screens.
AM_Init: Init Automap colors - 
===========================================================================
       Copyright © 2001-2017 Contributors to the Freedoom project.
                            All rights reserved.
     See: https://github.com/freedoom/freedoom/blob/master/COPYING.adoc
===========================================================================
Tables.InitTables: Init trigonometric LUTs.
M_Init: Init miscellaneous info.
R_Init: Init DOOM refresh daemon - 
P_Init: Init Playloop state.
false NUKAGE1 NUKAGE3 8
false FWATER1 FWATER4 8
false SWATER1 SWATER4 8
false LAVA1 LAVA4 8
false BLOOD1 BLOOD3 8
false RROCK05 RROCK08 8
false SLIME01 SLIME04 8
false SLIME05 SLIME08 8
false SLIME09 SLIME12 8
I_Init: Setting up machine state.
D_CheckNetGame: Checking network game status.
startskill sk_medium  deathmatch: false  startmap: 1  startepisode: 1
player 1 of 1 (1 nodes)
S_Init: Setting up sound.
M_Random: Switching to DoomRandom (new instance)
P_GetNodesVersion: using normal BSP nodes
PMLE_TIC0_BANK_BUILD|PASS|entries=10|authority_sha256=e485b9418e5845b78e9e1593918d8bbb6f3c441c41a43cb8f3faf046e595148b

Session altered.


Session altered.


Session altered.


Session altered.

PMLE_TIC0_BANK_STAGING|PASS|entries=10|authority_sha256=e485b9418e5845b78e9e1593918d8bbb6f3c441c41a43cb8f3faf046e595148b

Session altered.


Session altered.


Session altered.


Session altered.


Package created.


Package body created.


Session altered.


Session altered.


Session altered.


Session altered.

PMLE_ARTIFACT|source_bytes=1171896|source_sha256=e485b9418e5845b78e9e1593918d8bbb6f3c441c41a43cb8f3faf046e595148b|table_bytes=180272|table_sha256=058cd0df9444131b356762a096fd422d5131ac3aea91163aee056e8ad4965b44

Session altered.


Session altered.


Session altered.


Session altered.

PMLE_DECPS_DEPLOY_ROLLBACK|FAIL|phase=verification|sha256=e485b9418e5845b78e9e1593918d8bbb6f3c441c41a43cb8f3faf046e595148b
PMLE_ALERT_WINDOW|PASS|label=DECPS_DEPLOY|new_ora_incidents=0|bytes=0
PMLE_DECPS_DEPLOY_CAPACITY|HELD_CLOSED|reason=rollback_unproven
PMLE_DECPS_DEPLOYMENT_STATE|PASS|state=INTERVENTION_REQUIRED_CAPACITY_HELD_CLOSED|authority_sha256=5ec18cbe4cff7192d384e81d1010e0133d357d44ff17fa65821e1489c4fd1ee3|evidence=artifacts/performance/pmle-decps-rank/deploy-decps-reproducible-5ec18cbe-2026-07-25.log
PASS MLE-DASHBOARD-STATUS authority=5ec18cbe4cff7192d384e81d1010e0133d357d44ff17fa65821e1489c4fd1ee3 ledger=13272 soak=1800
PMLE_DECPS_DEPLOY_DASHBOARD_ROLLBACK|PASS|state=INTERVENTION_REQUIRED_CAPACITY_HELD_CLOSED
