PMLE_HOST_QUIESCENCE|PASS|docker_builds=0|compiles=0|verifiers=0
PMLE_DECPS_ARTIFACT|sha256=2848ef7a8dc4799de7faa46bcf304f4ac3d351da97be94b144a53f3300607f29|bytes=1081331|phase=interpreter

Session altered.


Session altered.


Session altered.


Session altered.

PMLE_ENVIRONMENT|cpu_count=2|resource_plan=DEFAULT_PLAN|cpu_managed=ON|pdb_cpu_count=2|pdb_utilization_limit=50|pdb_running_sessions_limit=2|pdb_plan=DEFAULT_CDB_PLAN
    l_length:=doom_teavm_sim_checkpoint_length;l_offset:=0;
              *
ERROR at line 26:
ORA-06550: line 26, column 15:
PLS-00201: identifier 'DOOM_TEAVM_SIM_CHECKPOINT_LENGTH' must be declared
ORA-06550: line 26, column 5:
PL/SQL: Statement ignored
ORA-06550: line 29, column 16:
PLS-00201: identifier 'DOOM_TEAVM_SIM_CHECKPOINT_CHUNK' must be declared
ORA-06550: line 29, column 7:
PL/SQL: Statement ignored
ORA-06550: line 39, column 15:
PLS-00201: identifier 'DOOM_TEAVM_SIM_RESTORE_ALLOCATE' must be declared
ORA-06550: line 39, column 5:
PL/SQL: Statement ignored
ORA-06550: line 43, column 17:
PLS-00201: identifier 'DOOM_TEAVM_SIM_RESTORE_LOAD' must be declared
ORA-06550: line 43, column 7:
PL/SQL: Statement ignored
ORA-06550: line 46, column 14:
PLS-00201: identifier 'DOOM_TEAVM_SIM_RESTORE' must be declared
ORA-06550: line 46, column 5:
PL/SQL: Statement ignored
ORA-06550: line 56, column 37:
PL/SQL: ORA-00942: table or view does not exist
ORA-06550: line 56, column 3:
PL/SQL: SQL Statement ignored
ORA-06550: line 62, column 3:
PLS-00201: identifier 'DOOM_TEAVM_SIM_RELEASE' must be declared
ORA-06550: line 62, column 3:
PL/SQL: Statement ignored
ORA-06550: line 63, column 40:
PL/SQL: ORA-00942: table or view does not exist
ORA-06550: line 63, column 3:
PL/SQL: SQL Statement ignored
ORA-06550: line 66, column 13:
PLS-00201: identifier 'DOOM_TEAVM_SIM_ALLOCATE' must be declared
ORA-06550: line 66, column 3:
PL/SQL: Statement ignored
ORA-06550: line 69, column 15:
PLS-00201: identifier 'DOOM_TEAVM_SIM_LOAD' must be declared
ORA-06550: line 69, column 5:
PL/SQL: Statement ignored
Help: https://docs.oracle.com/error-help/db/ora-06550/


