6 command-line variables
M_LoadDefaults: Load system defaults.
M_Random: Using DelegateRandom.
-iwad specified. Will be used with priority

ITicker: Using nanosecond accuracy timer.
                            FreeDoom: Phase 1          v1.9                           
W_Init: Init WADfiles.
	added freedoom1.wad (zipped: false network: true)
VI_Init: set palettes.
Palette: 3584 colors
VI_Init: set colormaps.
Colormaps: 35
V_Init: allocate screens.
AM_Init: Init Automap colors - 
===========================================================================
       Copyright © 2001-2017 Contributors to the Freedoom project.
                            All rights reserved.
     See: https://github.com/freedoom/freedoom/blob/master/COPYING.adoc
===========================================================================
Tables.InitTables: Init trigonometric LUTs.
M_Init: Init miscellaneous info.
R_Init: Init DOOM refresh daemon - 
P_Init: Init Playloop state.
false NUKAGE1 NUKAGE3 8
false FWATER1 FWATER4 8
false SWATER1 SWATER4 8
false LAVA1 LAVA4 8
false BLOOD1 BLOOD3 8
false RROCK05 RROCK08 8
false SLIME01 SLIME04 8
false SLIME05 SLIME08 8
false SLIME09 SLIME12 8
I_Init: Setting up machine state.
D_CheckNetGame: Checking network game status.
startskill sk_medium  deathmatch: false  startmap: 1  startepisode: 1
player 1 of 1 (1 nodes)
S_Init: Setting up sound.
M_Random: Switching to DoomRandom (new instance)
P_GetNodesVersion: using normal BSP nodes
PMLE_CHECKPOINT_CURRENT_STATE|PASS|before=state=current|gametic=512|leveltime=512|randomIndex=142|gamestate=GS_LEVEL|episode=1|map=1|playerState=0|playerX=57670064|playerY=26842475|playerZ=-8388608|playerAngle=0|playerHealth=59|viewZ=-5702151|armor=0|readyWeapon=wp_pistol|kills=0/29|items=4/50|secrets=0/4|checkpoint_bytes=87642|after=state=current|gametic=512|leveltime=512|randomIndex=142|gamestate=GS_LEVEL|episode=1|map=1|playerState=0|playerX=57670064|playerY=26842475|playerZ=-8388608|playerAngle=0|playerHealth=59|viewZ=-5702151|armor=0|readyWeapon=wp_pistol|kills=0/29|items=4/50|secrets=0/4
