PMLE_PUBLIC_MATCH|id=2123ef42923695b3c821daa6a65d332f
PMLE_PUBLIC_EXACT_FPS|PASS|seconds=120|frames=3626|injected_rtt_ms=0|elapsed_ms=119980.100|fps=30.213|gap_p50_ms=31.400|gap_p95_ms=39.200|gap_max_ms=638.900|gap_max_tic=3719|starvations=161
PMLE_PUBLIC_EXACT_PLAYOUT|PASS|present=3626|buffer_min=0|buffer_p50=3|buffer_p95=6|mode_accelerate=32|mode_free=755|mode_decelerate=2839|batches=1156|batch_zero=0|batch_count_p50=3|batch_count_p95=3|starvations=161
PMLE_PUBLIC_EXACT_PIXELS|PASS|present=3626|database_unique=3624|database_consecutive_changes=3623|canvas_unique=3624|canvas_consecutive_changes=3623|changed_pixels_p50=4575|changed_pixels_p95=15037|material_frames=3538|arrow_up_inputs=425|arrow_up_effective=408
PMLE_PUBLIC_EXCHANGE|PASS|requests=1782|http_200=1782|cancelled=0|failed=0|elapsed_p50_ms=43.744|elapsed_p95_ms=69.111
PMLE_PUBLIC_API_FAILURE|"555 https://g53c2244dab9063-doomdb.adb.us-ashburn-1.oraclecloudapps.com/ords/doom/doom_api/CREATE_MATCH {\n    \"code\": \"UserDefinedResourceError\",\n    \"title\": \"User Defined Resource Error\",\n    \"message\": \"The request could not be processed for a user defined resource\",\n    \"o:errorCode\": \"ORDS-25001\",\n    \"action\": \"Verify that the URI and payload are correctly specified for the requested operation. If the issue persists then please contact the author of the resource\",\n    \"type\": \"tag:oracle.com,2020:error/UserDefinedResourceError\",\n    \"instance\": \"tag:oracle.com,2020:ecid/bf01d13793344fa1a7fa18cbe4c8dbdb\"\n}"
PMLE_PUBLIC_API_FAILURE|"555 https://g53c2244dab9063-doomdb.adb.us-ashburn-1.oraclecloudapps.com/ords/doom/doom_api/CREATE_MATCH {\n    \"code\": \"UserDefinedResourceError\",\n    \"title\": \"User Defined Resource Error\",\n    \"message\": \"The request could not be processed for a user defined resource\",\n    \"o:errorCode\": \"ORDS-25001\",\n    \"action\": \"Verify that the URI and payload are correctly specified for the requested operation. If the issue persists then please contact the author of the resource\",\n    \"type\": \"tag:oracle.com,2020:error/UserDefinedResourceError\",\n    \"instance\": \"tag:oracle.com,2020:ecid/7adffab2c96a512ab5ecc184d947bf22\"\n}"
PMLE_PUBLIC_INPUT_MOTION|PASS|input_sequence=2|effective_tic=92|paint_tic=92|confirmed_frames_skipped=0|input_to_paint_ms=207.600|effective_to_paint_ms=4.000|changed_pixels=12395
PMLE_PUBLIC_DIRECTION_LATENCY|FAIL|samples=81|p50_ms=189.600|p95_ms=260.500|max_ms=707.600
PMLE_PUBLIC_DIRECTION_DECOMPOSITION|PASS|samples=81|input_to_effective_p50_ms=186.900|input_to_effective_p95_ms=257.500|effective_to_paint_p50_ms=3.000|effective_to_paint_p95_ms=5.100
node:internal/modules/run_main:107
    triggerUncaughtException(
    ^

AssertionError [ERR_ASSERTION]: direction-change input-to-database-frame p95 260.500 ms
    at file:///Users/bmarti44/doomdb/probes/mle/teavm-engine/measure-public-exact-fps.mjs:441:8
    at runNextTicks (node:internal/process/task_queues:65:5)
    at process.processImmediate (node:internal/timers:472:9) {
  generatedMessage: false,
  code: 'ERR_ASSERTION',
  actual: false,
  expected: true,
  operator: '==',
  diff: 'simple'
}

Node.js v25.9.0
