
PL/SQL procedure successfully completed.

6 command-line variables
M_LoadDefaults: Load system defaults.
M_Random: Using DelegateRandom.
-iwad specified. Will be used with priority
	added freedoom1.wad (zipped: false network: true)
ITicker: Using nanosecond accuracy timer.
                         The Ultimate DOOM Startup v1.9                           
W_Init: Init WADfiles.
	added freedoom1.wad (zipped: false network: true)
VI_Init: set palettes.
Palette: 3584 colors
VI_Init: set colormaps.
Colormaps: 35
V_Init: allocate screens.
AM_Init: Init Automap colors - 
===========================================================================
                 Commercial product - do not distribute!
         Please report software piracy to the SPA: 1-800-388-PIR8
===========================================================================
Tables.InitTables: Init trigonometric LUTs.
M_Init: Init miscellaneous info.
R_Init: Init DOOM refresh daemon - 
R_InitData
Init Texture and Flat Manager
InitTextures[................
InitFlats
InitSprites..............
InitColormaps		
R_InitPointToAngle
R_InitTables
R_InitPlanes
R_InitLightTables
R_InitSkyMap: 119
R_InitTranslationsTables
R_InitTranMap: 
R_InitDrawingFunctions: 
P_Init: Init Playloop state.
false NUKAGE1 NUKAGE3 8
false FWATER1 FWATER4 8
false SWATER1 SWATER4 8
false LAVA1 LAVA4 8
false BLOOD1 BLOOD3 8
false RROCK05 RROCK08 8
false SLIME01 SLIME04 8
false SLIME05 SLIME08 8
false SLIME09 SLIME12 8
I_Init: Setting up machine state.
D_CheckNetGame: Checking network game status.
startskill sk_medium  deathmatch: false  startmap: 1  startepisode: 1
player 1 of 1 (1 nodes)
S_Init: Setting up sound.
M_Random: Switching to DoomRandom (new instance)
P_GetNodesVersion: using normal BSP nodes
PMLE_OCI_PRESENTATION_RANK|DIAGNOSTIC_NOT_GATE|transport=direct_uint8array_blob_insert|samples=300|warmup=30|stream_offset=310|frontier=640|frame_bytes=64000|unique=300|step_p50_ms=7.660|step_p95_ms=11.130|persist_p50_ms=134.706|persist_p95_ms=206.735|persist_p99_ms=214.195|pipeline_p50_ms=142.388|pipeline_p95_ms=214.009|pipeline_p99_ms=222.042|clock_suspects=0|clock_exclusion_cap=1|temporary_lobs_before=0|temporary_lobs_after=330|temporary_lobs_delta=330|exact_30fps=FAIL|artifact_sha256=e55d5f1138fa94d4fc7efd0acf27cbc89cb8a894e3d6828d84837a364b4426dc|stream_sha256=fa7637570c30d3a33cbf8456e98268890e9f5bd82f5ba39fd7f69b139ddc4085|chain_sha256=4e6159b218afc6ec15a763026acaea83038d8bb0764c097069094fe988578a6a

